#
# There is insufficient memory for the Java Runtime Environment to continue.
# Native memory allocation (malloc) failed to allocate 1905216 bytes. Error detail: Chunk::new
# Possible reasons:
#   The system is out of physical RAM or swap space
#   This process is running with CompressedOops enabled, and the Java Heap may be blocking the growth of the native heap
# Possible solutions:
#   Reduce memory load on the system
#   Increase physical memory or swap space
#   Check if swap backing store is full
#   Decrease Java heap size (-Xmx/-Xms)
#   Decrease number of Java threads
#   Decrease Java thread stack sizes (-Xss)
#   Set larger code cache with -XX:ReservedCodeCacheSize=
#   JVM is running with Unscaled Compressed Oops mode in which the Java heap is
#     placed in the first 4GB address space. The Java Heap base address is the
#     maximum limit for the native heap growth. Please use -XX:HeapBaseMinAddress
#     to set the Java Heap base and to place the Java Heap above 4GB virtual address.
# This output file may be truncated or incomplete.
#
#  Out of Memory Error (arena.cpp:168), pid=6648, tid=39984
#
# JRE version: OpenJDK Runtime Environment Temurin-21.0.11+10 (21.0.11+10) (build 21.0.11+10-LTS)
# Java VM: OpenJDK 64-Bit Server VM Temurin-21.0.11+10 (21.0.11+10-LTS, mixed mode, sharing, tiered, compressed oops, compressed class ptrs, parallel gc, windows-amd64)
# No core dump will be written. Minidumps are not enabled by default on client versions of Windows
#

---------------  S U M M A R Y ------------

Command Line: --add-modules=ALL-SYSTEM --add-opens=java.base/java.util=ALL-UNNAMED --add-opens=java.base/java.lang=ALL-UNNAMED --add-opens=java.base/sun.nio.fs=ALL-UNNAMED -Declipse.application=org.eclipse.jdt.ls.core.id1 -Dosgi.bundles.defaultStartLevel=4 -Declipse.product=org.eclipse.jdt.ls.core.product -Djava.import.generatesMetadataFilesAtProjectRoot=false -DDetectVMInstallationsJob.disabled=true -Dfile.encoding=utf8 -XX:+UseParallelGC -XX:GCTimeRatio=4 -XX:AdaptiveSizePolicyWeight=90 -Dsun.zip.disableMemoryMapping=true -Xmx2G -Xms100m -Xlog:disable -javaagent:c:\Users\ELCOT\.antigravity-ide\extensions\redhat.java-1.55.0-win32-x64\lombok\lombok-1.18.39-4050.jar c:\Users\ELCOT\.antigravity-ide\extensions\redhat.java-1.55.0-win32-x64\server\plugins\org.eclipse.equinox.launcher_1.7.200.v20260619-2039.jar -configuration c:\Users\ELCOT\AppData\Roaming\Antigravity IDE\User\globalStorage\redhat.java\1.55.0\config_ss_win -data c:\Users\ELCOT\AppData\Roaming\Antigravity IDE\User\workspaceStorage\33c856eb9b3785cc22fb892d4b482477\redhat.java\ss_ws --pipe=\\.\pipe\lsp-63dff1fe70180990ccd2454acf3b79cc-sock

Host: AMD Ryzen 3 7320U with Radeon Graphics         , 8 cores, 7G,  Windows 11 , 64 bit Build 26100 (10.0.26100.9168)
Time: Sun Aug 30 17:13:13 2026 India Standard Time elapsed time: 10.052539 seconds (0d 0h 0m 10s)

---------------  T H R E A D  ---------------

Current thread (0x000001f292dfe220):  JavaThread "C2 CompilerThread0" daemon [_thread_in_native, id=39984, stack(0x00000061d8900000,0x00000061d8a00000) (1024K)]


Current CompileTask:
C2:10052 2562       4       org.lombokweb.asm.ClassReader::readMethod (1070 bytes)

Stack: [0x00000061d8900000,0x00000061d8a00000]
Native frames: (J=compiled Java code, j=interpreted, Vv=VM code, C=native code)
V  [jvm.dll+0x6d7e19]
V  [jvm.dll+0x8b5096]
V  [jvm.dll+0x8b764e]
V  [jvm.dll+0x8b7d33]
V  [jvm.dll+0x284596]
V  [jvm.dll+0xc685d]
V  [jvm.dll+0xc6da1]
V  [jvm.dll+0x3bed6b]
V  [jvm.dll+0x1e4149]
V  [jvm.dll+0x24c853]
V  [jvm.dll+0x24bce0]
V  [jvm.dll+0x1cb4ae]
V  [jvm.dll+0x25baad]
V  [jvm.dll+0x25a03a]
V  [jvm.dll+0x3f868e]
V  [jvm.dll+0x85fb0d]
V  [jvm.dll+0x6d664d]
C  [ucrtbase.dll+0x2cd30]
C  [KERNEL32.DLL+0x2ccb7]
C  [ntdll.dll+0xaad6c]


---------------  P R O C E S S  ---------------

Threads class SMR info:
_java_thread_list=0x000001f2f1266150, length=20, elements={
0x000001f292e78c20, 0x000001f292f3aaa0, 0x000001f292f3cf10, 0x000001f292df6790,
0x000001f292df71f0, 0x000001f292df7c50, 0x000001f292df9d40, 0x000001f292dfe220,
0x000001f292e2d360, 0x000001f2ec312f20, 0x000001f2ec453ef0, 0x000001f2ec8e86b0,
0x000001f2ec91d690, 0x000001f2ec91fd10, 0x000001f2ecba6480, 0x000001f2f107be90,
0x000001f2f12f8400, 0x000001f2f12f71b0, 0x000001f2f2335970, 0x000001f2f23373b0
}

Java Threads: ( => current thread )
  0x000001f292e78c20 JavaThread "main"                              [_thread_blocked, id=28060, stack(0x00000061d7f00000,0x00000061d8000000) (1024K)]
  0x000001f292f3aaa0 JavaThread "Reference Handler"          daemon [_thread_blocked, id=10116, stack(0x00000061d8300000,0x00000061d8400000) (1024K)]
  0x000001f292f3cf10 JavaThread "Finalizer"                  daemon [_thread_blocked, id=40752, stack(0x00000061d8400000,0x00000061d8500000) (1024K)]
  0x000001f292df6790 JavaThread "Signal Dispatcher"          daemon [_thread_blocked, id=10124, stack(0x00000061d8500000,0x00000061d8600000) (1024K)]
  0x000001f292df71f0 JavaThread "Attach Listener"            daemon [_thread_blocked, id=36704, stack(0x00000061d8600000,0x00000061d8700000) (1024K)]
  0x000001f292df7c50 JavaThread "Service Thread"             daemon [_thread_blocked, id=35280, stack(0x00000061d8700000,0x00000061d8800000) (1024K)]
  0x000001f292df9d40 JavaThread "Monitor Deflation Thread"   daemon [_thread_blocked, id=10044, stack(0x00000061d8800000,0x00000061d8900000) (1024K)]
=>0x000001f292dfe220 JavaThread "C2 CompilerThread0"         daemon [_thread_in_native, id=39984, stack(0x00000061d8900000,0x00000061d8a00000) (1024K)]
  0x000001f292e2d360 JavaThread "C1 CompilerThread0"         daemon [_thread_blocked, id=33432, stack(0x00000061d8a00000,0x00000061d8b00000) (1024K)]
  0x000001f2ec312f20 JavaThread "Common-Cleaner"             daemon [_thread_blocked, id=27804, stack(0x00000061d8b00000,0x00000061d8c00000) (1024K)]
  0x000001f2ec453ef0 JavaThread "Notification Thread"        daemon [_thread_blocked, id=39932, stack(0x00000061d8c00000,0x00000061d8d00000) (1024K)]
  0x000001f2ec8e86b0 JavaThread "Active Thread: Equinox Container: f0c651da-8b93-4fe6-a089-87295cd0d6a2"        [_thread_blocked, id=37752, stack(0x00000061d9300000,0x00000061d9400000) (1024K)]
  0x000001f2ec91d690 JavaThread "Framework Event Dispatcher: Equinox Container: f0c651da-8b93-4fe6-a089-87295cd0d6a2" daemon [_thread_blocked, id=34052, stack(0x00000061d9400000,0x00000061d9500000) (1024K)]
  0x000001f2ec91fd10 JavaThread "Start Level: Equinox Container: f0c651da-8b93-4fe6-a089-87295cd0d6a2" daemon [_thread_blocked, id=39304, stack(0x00000061d9500000,0x00000061d9600000) (1024K)]
  0x000001f2ecba6480 JavaThread "SCR Component Actor"        daemon [_thread_blocked, id=37736, stack(0x00000061d9700000,0x00000061d9800000) (1024K)]
  0x000001f2f107be90 JavaThread "Worker-JM"                         [_thread_blocked, id=41032, stack(0x00000061d9800000,0x00000061d9900000) (1024K)]
  0x000001f2f12f8400 JavaThread "Worker-0"                          [_thread_blocked, id=3728, stack(0x00000061d9900000,0x00000061d9a00000) (1024K)]
  0x000001f2f12f71b0 JavaThread "Worker-1"                          [_thread_blocked, id=35000, stack(0x00000061d9a00000,0x00000061d9b00000) (1024K)]
  0x000001f2f2335970 JavaThread "SeedGenerator Thread"       daemon [_thread_in_Java, id=28112, stack(0x00000061d9b00000,0x00000061d9c00000) (1024K)]
  0x000001f2f23373b0 JavaThread "SeedGenerator Thread"       daemon [_thread_blocked, id=9692, stack(0x00000061d9d00000,0x00000061d9e00000) (1024K)]
Total: 20

Other Threads:
  0x000001f292df36a0 VMThread "VM Thread"                           [id=39816, stack(0x00000061d8200000,0x00000061d8300000) (1024K)]
  0x000001f292d0ca00 WatcherThread "VM Periodic Task Thread"        [id=22948, stack(0x00000061d8100000,0x00000061d8200000) (1024K)]
  0x000001f292e99fb0 WorkerThread "GC Thread#0"                     [id=20936, stack(0x00000061d8000000,0x00000061d8100000) (1024K)]
  0x000001f2ec5eaf70 WorkerThread "GC Thread#1"                     [id=32092, stack(0x00000061d8d00000,0x00000061d8e00000) (1024K)]
  0x000001f2ec6343d0 WorkerThread "GC Thread#2"                     [id=40484, stack(0x00000061d8e00000,0x00000061d8f00000) (1024K)]
  0x000001f2ec634780 WorkerThread "GC Thread#3"                     [id=36612, stack(0x00000061d8f00000,0x00000061d9000000) (1024K)]
  0x000001f2ec832010 WorkerThread "GC Thread#4"                     [id=24196, stack(0x00000061d9000000,0x00000061d9100000) (1024K)]
  0x000001f2ec8323c0 WorkerThread "GC Thread#5"                     [id=10700, stack(0x00000061d9100000,0x00000061d9200000) (1024K)]
  0x000001f2ec8332e0 WorkerThread "GC Thread#6"                     [id=36648, stack(0x00000061d9200000,0x00000061d9300000) (1024K)]
  0x000001f2ecb79720 WorkerThread "GC Thread#7"                     [id=35860, stack(0x00000061d9600000,0x00000061d9700000) (1024K)]
Total: 10

Threads with active compile tasks:
C2 CompilerThread0  10085 2562       4       org.lombokweb.asm.ClassReader::readMethod (1070 bytes)
Total: 1

VM state: not at safepoint (normal execution)

VM Mutex/Monitor currently owned by a thread: None

Heap address: 0x0000000080000000, size: 2048 MB, Compressed Oops mode: 32-bit

CDS archive(s) mapped at: [0x000001f2aa000000-0x000001f2aaba0000-0x000001f2aaba0000), size 12189696, SharedBaseAddress: 0x000001f2aa000000, ArchiveRelocationMode: 1.
Compressed class space mapped at: 0x000001f2ab000000-0x000001f2eb000000, reserved size: 1073741824
Narrow klass base: 0x000001f2aa000000, Narrow klass shift: 0, Narrow klass range: 0x100000000

GC Precious Log:
 CardTable entry size: 512
 CPUs: 8 total, 8 available
 Memory: 7379M
 Large Page Support: Disabled
 NUMA Support: Disabled
 Compressed Oops: Enabled (32-bit)
 Alignments: Space 512K, Generation 512K, Heap 2M
 Heap Min Capacity: 100M
 Heap Initial Capacity: 100M
 Heap Max Capacity: 2G
 Pre-touch: Disabled
 Parallel Workers: 8

Heap:
 PSYoungGen      total 29696K, used 8096K [0x00000000d5580000, 0x00000000d7b00000, 0x0000000100000000)
  eden space 24064K, 33% used [0x00000000d5580000,0x00000000d5d681e8,0x00000000d6d00000)
  from space 5632K, 0% used [0x00000000d7380000,0x00000000d7380000,0x00000000d7900000)
  to   space 6656K, 0% used [0x00000000d6d00000,0x00000000d6d00000,0x00000000d7380000)
 ParOldGen       total 68608K, used 10142K [0x0000000080000000, 0x0000000084300000, 0x00000000d5580000)
  object space 68608K, 14% used [0x0000000080000000,0x00000000809e79c8,0x0000000084300000)
 Metaspace       used 21855K, committed 22528K, reserved 1114112K
  class space    used 2101K, committed 2432K, reserved 1048576K

Card table byte_map: [0x000001f292820000,0x000001f292c30000] _byte_map_base: 0x000001f292420000

Marking Bits: (ParMarkBitMap*) 0x00007ffca3ca4460
 Begin Bits: [0x000001f2a5330000, 0x000001f2a7330000)
 End Bits:   [0x000001f2a7330000, 0x000001f2a9330000)

Polling page: 0x000001f290e00000

Metaspace:

Usage:
  Non-class:     19.29 MB used.
      Class:      2.05 MB used.
       Both:     21.34 MB used.

Virtual space:
  Non-class space:       64.00 MB reserved,      19.62 MB ( 31%) committed,  1 nodes.
      Class space:        1.00 GB reserved,       2.38 MB ( <1%) committed,  1 nodes.
             Both:        1.06 GB reserved,      22.00 MB (  2%) committed. 

Chunk freelists:
   Non-Class:  12.07 MB
       Class:  13.49 MB
        Both:  25.56 MB

MaxMetaspaceSize: unlimited
CompressedClassSpaceSize: 1.00 GB
Initial GC threshold: 21.00 MB
Current GC threshold: 35.00 MB
CDS: on
 - commit_granule_bytes: 65536.
 - commit_granule_words: 8192.
 - virtual_space_node_default_size: 8388608.
 - enlarge_chunks_in_place: 1.
 - use_allocation_guard: 0.


Internal statistics:

num_allocs_failed_limit: 3.
num_arena_births: 498.
num_arena_deaths: 14.
num_vsnodes_births: 2.
num_vsnodes_deaths: 0.
num_space_committed: 352.
num_space_uncommitted: 0.
num_chunks_returned_to_freelist: 17.
num_chunks_taken_from_freelist: 1316.
num_chunk_merges: 9.
num_chunk_splits: 858.
num_chunks_enlarged: 548.
num_inconsistent_stats: 0.

CodeHeap 'non-profiled nmethods': size=120000Kb used=1070Kb max_used=1070Kb free=118929Kb
 bounds [0x000001f29db50000, 0x000001f29ddc0000, 0x000001f2a5080000]
CodeHeap 'profiled nmethods': size=120000Kb used=5730Kb max_used=5730Kb free=114269Kb
 bounds [0x000001f296080000, 0x000001f296620000, 0x000001f29d5b0000]
CodeHeap 'non-nmethods': size=5760Kb used=1308Kb max_used=1308Kb free=4451Kb
 bounds [0x000001f29d5b0000, 0x000001f29d820000, 0x000001f29db50000]
CodeCache: size=245760Kb, used=8108Kb, max_used=8108Kb, free=237649Kb
 total_blobs=3383, nmethods=2793, adapters=496, full_count=0
Compilation: enabled, stopped_count=0, restarted_count=0

Compilation events (20 events):
Event: 9.027 Thread 0x000001f292e2d360 2797       3       sun.nio.fs.WindowsPath::<init> (26 bytes)
Event: 9.027 Thread 0x000001f292e2d360 nmethod 2797 0x000001f29660f210 code [0x000001f29660f3c0, 0x000001f29660f578]
Event: 9.037 Thread 0x000001f292e2d360 2799       1       sun.nio.fs.WindowsPath::toString (5 bytes)
Event: 9.037 Thread 0x000001f292e2d360 nmethod 2799 0x000001f29dc5a990 code [0x000001f29dc5ab20, 0x000001f29dc5abe8]
Event: 9.037 Thread 0x000001f292e2d360 2802       3       sun.nio.fs.WindowsPathParser::parse (504 bytes)
Event: 10.042 Thread 0x000001f292e2d360 nmethod 2802 0x000001f29660f610 code [0x000001f29660fe40, 0x000001f2966145c0]
Event: 10.042 Thread 0x000001f292e2d360 2804       3       java.lang.String::getBytes (15 bytes)
Event: 10.042 Thread 0x000001f292e2d360 nmethod 2804 0x000001f296616190 code [0x000001f296616360, 0x000001f296616570]
Event: 10.042 Thread 0x000001f292e2d360 2803       3       java.lang.String::encodeUTF8 (141 bytes)
Event: 10.043 Thread 0x000001f292e2d360 nmethod 2803 0x000001f296616690 code [0x000001f2966168e0, 0x000001f2966170b8]
Event: 10.043 Thread 0x000001f292e2d360 2806       3       sun.nio.fs.WindowsPathParser$Result::<init> (20 bytes)
Event: 10.043 Thread 0x000001f292e2d360 nmethod 2806 0x000001f296617390 code [0x000001f296617540, 0x000001f2966176e8]
Event: 10.043 Thread 0x000001f292e2d360 2805       3       sun.nio.fs.WindowsPathParser::isLetter (30 bytes)
Event: 10.043 Thread 0x000001f292e2d360 nmethod 2805 0x000001f296617790 code [0x000001f296617940, 0x000001f296617b10]
Event: 10.043 Thread 0x000001f292e2d360 2801       1       java.nio.file.Files$AcceptAllFilter::accept (2 bytes)
Event: 10.043 Thread 0x000001f292e2d360 nmethod 2801 0x000001f29dc5b790 code [0x000001f29dc5b920, 0x000001f29dc5b9e8]
Event: 10.043 Thread 0x000001f292e2d360 2812       2       java.lang.invoke.MethodHandles$Lookup$ClassDefiner::<init> (64 bytes)
Event: 10.043 Thread 0x000001f292e2d360 nmethod 2812 0x000001f296617b90 code [0x000001f296617d20, 0x000001f296617e88]
Event: 10.043 Thread 0x000001f292e2d360 2813   !   2       java.lang.invoke.MethodHandles$Lookup$ClassDefiner::defineClass (213 bytes)
Event: 10.044 Thread 0x000001f292e2d360 nmethod 2813 0x000001f296617f90 code [0x000001f2966181a0, 0x000001f2966186b8]

GC Heap History (14 events):
Event: 1.813 GC heap before
{Heap before GC invocations=1 (full 0):
 PSYoungGen      total 29696K, used 25600K [0x00000000d5580000, 0x00000000d7680000, 0x0000000100000000)
  eden space 25600K, 100% used [0x00000000d5580000,0x00000000d6e80000,0x00000000d6e80000)
  from space 4096K, 0% used [0x00000000d7280000,0x00000000d7280000,0x00000000d7680000)
  to   space 4096K, 0% used [0x00000000d6e80000,0x00000000d6e80000,0x00000000d7280000)
 ParOldGen       total 68608K, used 0K [0x0000000080000000, 0x0000000084300000, 0x00000000d5580000)
  object space 68608K, 0% used [0x0000000080000000,0x0000000080000000,0x0000000084300000)
 Metaspace       used 4365K, committed 4608K, reserved 1114112K
  class space    used 474K, committed 576K, reserved 1048576K
}
Event: 1.826 GC heap after
{Heap after GC invocations=1 (full 0):
 PSYoungGen      total 29696K, used 3303K [0x00000000d5580000, 0x00000000d7680000, 0x0000000100000000)
  eden space 25600K, 0% used [0x00000000d5580000,0x00000000d5580000,0x00000000d6e80000)
  from space 4096K, 80% used [0x00000000d6e80000,0x00000000d71b9e98,0x00000000d7280000)
  to   space 4096K, 0% used [0x00000000d7280000,0x00000000d7280000,0x00000000d7680000)
 ParOldGen       total 68608K, used 16K [0x0000000080000000, 0x0000000084300000, 0x00000000d5580000)
  object space 68608K, 0% used [0x0000000080000000,0x0000000080004000,0x0000000084300000)
 Metaspace       used 4365K, committed 4608K, reserved 1114112K
  class space    used 474K, committed 576K, reserved 1048576K
}
Event: 3.285 GC heap before
{Heap before GC invocations=2 (full 0):
 PSYoungGen      total 29696K, used 28903K [0x00000000d5580000, 0x00000000d7680000, 0x0000000100000000)
  eden space 25600K, 100% used [0x00000000d5580000,0x00000000d6e80000,0x00000000d6e80000)
  from space 4096K, 80% used [0x00000000d6e80000,0x00000000d71b9e98,0x00000000d7280000)
  to   space 4096K, 0% used [0x00000000d7280000,0x00000000d7280000,0x00000000d7680000)
 ParOldGen       total 68608K, used 16K [0x0000000080000000, 0x0000000084300000, 0x00000000d5580000)
  object space 68608K, 0% used [0x0000000080000000,0x0000000080004000,0x0000000084300000)
 Metaspace       used 8173K, committed 8448K, reserved 1114112K
  class space    used 865K, committed 960K, reserved 1048576K
}
Event: 3.293 GC heap after
{Heap after GC invocations=2 (full 0):
 PSYoungGen      total 29696K, used 4092K [0x00000000d5580000, 0x00000000d7680000, 0x0000000100000000)
  eden space 25600K, 0% used [0x00000000d5580000,0x00000000d5580000,0x00000000d6e80000)
  from space 4096K, 99% used [0x00000000d7280000,0x00000000d767f000,0x00000000d7680000)
  to   space 4096K, 0% used [0x00000000d6e80000,0x00000000d6e80000,0x00000000d7280000)
 ParOldGen       total 68608K, used 1049K [0x0000000080000000, 0x0000000084300000, 0x00000000d5580000)
  object space 68608K, 1% used [0x0000000080000000,0x00000000801066b8,0x0000000084300000)
 Metaspace       used 8173K, committed 8448K, reserved 1114112K
  class space    used 865K, committed 960K, reserved 1048576K
}
Event: 4.443 GC heap before
{Heap before GC invocations=3 (full 0):
 PSYoungGen      total 29696K, used 29692K [0x00000000d5580000, 0x00000000d7680000, 0x0000000100000000)
  eden space 25600K, 100% used [0x00000000d5580000,0x00000000d6e80000,0x00000000d6e80000)
  from space 4096K, 99% used [0x00000000d7280000,0x00000000d767f000,0x00000000d7680000)
  to   space 4096K, 0% used [0x00000000d6e80000,0x00000000d6e80000,0x00000000d7280000)
 ParOldGen       total 68608K, used 1049K [0x0000000080000000, 0x0000000084300000, 0x00000000d5580000)
  object space 68608K, 1% used [0x0000000080000000,0x00000000801066b8,0x0000000084300000)
 Metaspace       used 13000K, committed 13568K, reserved 1114112K
  class space    used 1376K, committed 1600K, reserved 1048576K
}
Event: 4.447 GC heap after
{Heap after GC invocations=3 (full 0):
 PSYoungGen      total 29696K, used 4066K [0x00000000d5580000, 0x00000000d7680000, 0x0000000100000000)
  eden space 25600K, 0% used [0x00000000d5580000,0x00000000d5580000,0x00000000d6e80000)
  from space 4096K, 99% used [0x00000000d6e80000,0x00000000d7278bc8,0x00000000d7280000)
  to   space 4096K, 0% used [0x00000000d7280000,0x00000000d7280000,0x00000000d7680000)
 ParOldGen       total 68608K, used 2820K [0x0000000080000000, 0x0000000084300000, 0x00000000d5580000)
  object space 68608K, 4% used [0x0000000080000000,0x00000000802c1188,0x0000000084300000)
 Metaspace       used 13000K, committed 13568K, reserved 1114112K
  class space    used 1376K, committed 1600K, reserved 1048576K
}
Event: 5.125 GC heap before
{Heap before GC invocations=4 (full 0):
 PSYoungGen      total 29696K, used 29595K [0x00000000d5580000, 0x00000000d7680000, 0x0000000100000000)
  eden space 25600K, 99% used [0x00000000d5580000,0x00000000d6e6e0c8,0x00000000d6e80000)
  from space 4096K, 99% used [0x00000000d6e80000,0x00000000d7278bc8,0x00000000d7280000)
  to   space 4096K, 0% used [0x00000000d7280000,0x00000000d7280000,0x00000000d7680000)
 ParOldGen       total 68608K, used 2820K [0x0000000080000000, 0x0000000084300000, 0x00000000d5580000)
  object space 68608K, 4% used [0x0000000080000000,0x00000000802c1188,0x0000000084300000)
 Metaspace       used 15895K, committed 16512K, reserved 1114112K
  class space    used 1656K, committed 1920K, reserved 1048576K
}
Event: 5.130 GC heap after
{Heap after GC invocations=4 (full 0):
 PSYoungGen      total 29696K, used 4092K [0x00000000d5580000, 0x00000000d7680000, 0x0000000100000000)
  eden space 25600K, 0% used [0x00000000d5580000,0x00000000d5580000,0x00000000d6e80000)
  from space 4096K, 99% used [0x00000000d7280000,0x00000000d767f160,0x00000000d7680000)
  to   space 4096K, 0% used [0x00000000d6e80000,0x00000000d6e80000,0x00000000d7280000)
 ParOldGen       total 68608K, used 5708K [0x0000000080000000, 0x0000000084300000, 0x00000000d5580000)
  object space 68608K, 8% used [0x0000000080000000,0x0000000080593200,0x0000000084300000)
 Metaspace       used 15895K, committed 16512K, reserved 1114112K
  class space    used 1656K, committed 1920K, reserved 1048576K
}
Event: 7.496 GC heap before
{Heap before GC invocations=5 (full 0):
 PSYoungGen      total 29696K, used 29692K [0x00000000d5580000, 0x00000000d7680000, 0x0000000100000000)
  eden space 25600K, 100% used [0x00000000d5580000,0x00000000d6e80000,0x00000000d6e80000)
  from space 4096K, 99% used [0x00000000d7280000,0x00000000d767f160,0x00000000d7680000)
  to   space 4096K, 0% used [0x00000000d6e80000,0x00000000d6e80000,0x00000000d7280000)
 ParOldGen       total 68608K, used 5708K [0x0000000080000000, 0x0000000084300000, 0x00000000d5580000)
  object space 68608K, 8% used [0x0000000080000000,0x0000000080593200,0x0000000084300000)
 Metaspace       used 20133K, committed 20736K, reserved 1114112K
  class space    used 1966K, committed 2240K, reserved 1048576K
}
Event: 7.500 GC heap after
{Heap after GC invocations=5 (full 0):
 PSYoungGen      total 29184K, used 4085K [0x00000000d5580000, 0x00000000d7900000, 0x0000000100000000)
  eden space 25088K, 0% used [0x00000000d5580000,0x00000000d5580000,0x00000000d6e00000)
  from space 4096K, 99% used [0x00000000d6e80000,0x00000000d727d680,0x00000000d7280000)
  to   space 5632K, 0% used [0x00000000d7380000,0x00000000d7380000,0x00000000d7900000)
 ParOldGen       total 68608K, used 6039K [0x0000000080000000, 0x0000000084300000, 0x00000000d5580000)
  object space 68608K, 8% used [0x0000000080000000,0x00000000805e5ed8,0x0000000084300000)
 Metaspace       used 20133K, committed 20736K, reserved 1114112K
  class space    used 1966K, committed 2240K, reserved 1048576K
}
Event: 7.697 GC heap before
{Heap before GC invocations=6 (full 0):
 PSYoungGen      total 29184K, used 23368K [0x00000000d5580000, 0x00000000d7900000, 0x0000000100000000)
  eden space 25088K, 76% used [0x00000000d5580000,0x00000000d6854c60,0x00000000d6e00000)
  from space 4096K, 99% used [0x00000000d6e80000,0x00000000d727d680,0x00000000d7280000)
  to   space 5632K, 0% used [0x00000000d7380000,0x00000000d7380000,0x00000000d7900000)
 ParOldGen       total 68608K, used 6039K [0x0000000080000000, 0x0000000084300000, 0x00000000d5580000)
  object space 68608K, 8% used [0x0000000080000000,0x00000000805e5ed8,0x0000000084300000)
 Metaspace       used 20907K, committed 21504K, reserved 1114112K
  class space    used 2006K, committed 2304K, reserved 1048576K
}
Event: 7.701 GC heap after
{Heap after GC invocations=6 (full 0):
 PSYoungGen      total 29696K, used 5603K [0x00000000d5580000, 0x00000000d7b00000, 0x0000000100000000)
  eden space 24064K, 0% used [0x00000000d5580000,0x00000000d5580000,0x00000000d6d00000)
  from space 5632K, 99% used [0x00000000d7380000,0x00000000d78f8c10,0x00000000d7900000)
  to   space 6656K, 0% used [0x00000000d6d00000,0x00000000d6d00000,0x00000000d7380000)
 ParOldGen       total 68608K, used 6498K [0x0000000080000000, 0x0000000084300000, 0x00000000d5580000)
  object space 68608K, 9% used [0x0000000080000000,0x0000000080658ac0,0x0000000084300000)
 Metaspace       used 20907K, committed 21504K, reserved 1114112K
  class space    used 2006K, committed 2304K, reserved 1048576K
}
Event: 7.701 GC heap before
{Heap before GC invocations=7 (full 1):
 PSYoungGen      total 29696K, used 5603K [0x00000000d5580000, 0x00000000d7b00000, 0x0000000100000000)
  eden space 24064K, 0% used [0x00000000d5580000,0x00000000d5580000,0x00000000d6d00000)
  from space 5632K, 99% used [0x00000000d7380000,0x00000000d78f8c10,0x00000000d7900000)
  to   space 6656K, 0% used [0x00000000d6d00000,0x00000000d6d00000,0x00000000d7380000)
 ParOldGen       total 68608K, used 6498K [0x0000000080000000, 0x0000000084300000, 0x00000000d5580000)
  object space 68608K, 9% used [0x0000000080000000,0x0000000080658ac0,0x0000000084300000)
 Metaspace       used 20907K, committed 21504K, reserved 1114112K
  class space    used 2006K, committed 2304K, reserved 1048576K
}
Event: 7.728 GC heap after
{Heap after GC invocations=7 (full 1):
 PSYoungGen      total 29696K, used 0K [0x00000000d5580000, 0x00000000d7b00000, 0x0000000100000000)
  eden space 24064K, 0% used [0x00000000d5580000,0x00000000d5580000,0x00000000d6d00000)
  from space 5632K, 0% used [0x00000000d7380000,0x00000000d7380000,0x00000000d7900000)
  to   space 6656K, 0% used [0x00000000d6d00000,0x00000000d6d00000,0x00000000d7380000)
 ParOldGen       total 68608K, used 10142K [0x0000000080000000, 0x0000000084300000, 0x00000000d5580000)
  object space 68608K, 14% used [0x0000000080000000,0x00000000809e79c8,0x0000000084300000)
 Metaspace       used 20894K, committed 21504K, reserved 1114112K
  class space    used 2002K, committed 2304K, reserved 1048576K
}

Dll operation events (9 events):
Event: 0.024 Loaded shared library c:\Users\ELCOT\.antigravity-ide\extensions\redhat.java-1.55.0-win32-x64\jre\21.0.11-win32-x86_64\bin\java.dll
Event: 0.341 Loaded shared library c:\Users\ELCOT\.antigravity-ide\extensions\redhat.java-1.55.0-win32-x64\jre\21.0.11-win32-x86_64\bin\zip.dll
Event: 0.393 Loaded shared library C:\Users\ELCOT\.antigravity-ide\extensions\redhat.java-1.55.0-win32-x64\jre\21.0.11-win32-x86_64\bin\instrument.dll
Event: 0.407 Loaded shared library C:\Users\ELCOT\.antigravity-ide\extensions\redhat.java-1.55.0-win32-x64\jre\21.0.11-win32-x86_64\bin\net.dll
Event: 0.414 Loaded shared library C:\Users\ELCOT\.antigravity-ide\extensions\redhat.java-1.55.0-win32-x64\jre\21.0.11-win32-x86_64\bin\nio.dll
Event: 0.422 Loaded shared library C:\Users\ELCOT\.antigravity-ide\extensions\redhat.java-1.55.0-win32-x64\jre\21.0.11-win32-x86_64\bin\zip.dll
Event: 0.467 Loaded shared library C:\Users\ELCOT\.antigravity-ide\extensions\redhat.java-1.55.0-win32-x64\jre\21.0.11-win32-x86_64\bin\jimage.dll
Event: 0.644 Loaded shared library c:\Users\ELCOT\.antigravity-ide\extensions\redhat.java-1.55.0-win32-x64\jre\21.0.11-win32-x86_64\bin\verify.dll
Event: 3.244 Loaded shared library C:\Users\ELCOT\AppData\Roaming\Antigravity IDE\User\globalStorage\redhat.java\1.55.0\config_ss_win\org.eclipse.equinox.launcher\org.eclipse.equinox.launcher.win32.win32.x86_64_1.3.100.v20260613-0559\eclipse_11924.dll

Deoptimization events (20 events):
Event: 7.839 Thread 0x000001f2ec91fd10 Uncommon trap: trap_request=0xffffffc6 fr.pc=0x000001f29dbef978 relative=0x0000000000000a78
Event: 7.839 Thread 0x000001f2ec91fd10 Uncommon trap: reason=bimorphic_or_optimized_type_check action=maybe_recompile pc=0x000001f29dbef978 method=java.util.HashMap.putVal(ILjava/lang/Object;Ljava/lang/Object;ZZ)Ljava/lang/Object; @ 56 c2
Event: 7.839 Thread 0x000001f2ec91fd10 DEOPT PACKING pc=0x000001f29dbef978 sp=0x00000061d95fdc40
Event: 7.839 Thread 0x000001f2ec91fd10 DEOPT UNPACKING pc=0x000001f29d603aa2 sp=0x00000061d95fdb40 mode 2
Event: 7.839 Thread 0x000001f2ec91fd10 Uncommon trap: trap_request=0xffffffc6 fr.pc=0x000001f29dbef978 relative=0x0000000000000a78
Event: 7.839 Thread 0x000001f2ec91fd10 Uncommon trap: reason=bimorphic_or_optimized_type_check action=maybe_recompile pc=0x000001f29dbef978 method=java.util.HashMap.putVal(ILjava/lang/Object;Ljava/lang/Object;ZZ)Ljava/lang/Object; @ 56 c2
Event: 7.839 Thread 0x000001f2ec91fd10 DEOPT PACKING pc=0x000001f29dbef978 sp=0x00000061d95fdc40
Event: 7.839 Thread 0x000001f2ec91fd10 DEOPT UNPACKING pc=0x000001f29d603aa2 sp=0x00000061d95fdb40 mode 2
Event: 7.839 Thread 0x000001f2ec91fd10 Uncommon trap: trap_request=0xffffffc6 fr.pc=0x000001f29dbef978 relative=0x0000000000000a78
Event: 7.839 Thread 0x000001f2ec91fd10 Uncommon trap: reason=bimorphic_or_optimized_type_check action=maybe_recompile pc=0x000001f29dbef978 method=java.util.HashMap.putVal(ILjava/lang/Object;Ljava/lang/Object;ZZ)Ljava/lang/Object; @ 56 c2
Event: 7.839 Thread 0x000001f2ec91fd10 DEOPT PACKING pc=0x000001f29dbef978 sp=0x00000061d95fdc40
Event: 7.839 Thread 0x000001f2ec91fd10 DEOPT UNPACKING pc=0x000001f29d603aa2 sp=0x00000061d95fdb40 mode 2
Event: 7.839 Thread 0x000001f2ec91fd10 Uncommon trap: trap_request=0xffffffc6 fr.pc=0x000001f29dbef978 relative=0x0000000000000a78
Event: 7.839 Thread 0x000001f2ec91fd10 Uncommon trap: reason=bimorphic_or_optimized_type_check action=maybe_recompile pc=0x000001f29dbef978 method=java.util.HashMap.putVal(ILjava/lang/Object;Ljava/lang/Object;ZZ)Ljava/lang/Object; @ 56 c2
Event: 7.839 Thread 0x000001f2ec91fd10 DEOPT PACKING pc=0x000001f29dbef978 sp=0x00000061d95fdc40
Event: 7.839 Thread 0x000001f2ec91fd10 DEOPT UNPACKING pc=0x000001f29d603aa2 sp=0x00000061d95fdb40 mode 2
Event: 7.872 Thread 0x000001f2ec91fd10 Uncommon trap: trap_request=0xffffff45 fr.pc=0x000001f29dc4ca80 relative=0x00000000000003a0
Event: 7.872 Thread 0x000001f2ec91fd10 Uncommon trap: reason=unstable_if action=reinterpret pc=0x000001f29dc4ca80 method=java.util.regex.Pattern$BmpCharPropertyGreedy.match(Ljava/util/regex/Matcher;ILjava/lang/CharSequence;)Z @ 12 c2
Event: 7.872 Thread 0x000001f2ec91fd10 DEOPT PACKING pc=0x000001f29dc4ca80 sp=0x00000061d95fd740
Event: 7.872 Thread 0x000001f2ec91fd10 DEOPT UNPACKING pc=0x000001f29d603aa2 sp=0x00000061d95fd6d8 mode 2

Classes loaded (20 events):
Event: 8.983 Loading class sun/security/provider/SeedGenerator$ThreadedSeedGenerator$BogusThread
Event: 8.984 Loading class sun/security/provider/SeedGenerator$ThreadedSeedGenerator$BogusThread done
Event: 8.985 Loading class jdk/internal/event/ThreadSleepEvent
Event: 8.985 Loading class jdk/internal/event/ThreadSleepEvent done
Event: 9.006 Loading class java/net/NetworkInterface$1
Event: 9.007 Loading class java/net/NetworkInterface$1 done
Event: 9.008 Loading class java/nio/file/Files$AcceptAllFilter
Event: 9.008 Loading class java/nio/file/DirectoryStream$Filter
Event: 9.008 Loading class java/nio/file/DirectoryStream$Filter done
Event: 9.008 Loading class java/nio/file/Files$AcceptAllFilter done
Event: 9.008 Loading class sun/nio/fs/WindowsDirectoryStream
Event: 9.008 Loading class java/nio/file/DirectoryStream
Event: 9.008 Loading class java/nio/file/DirectoryStream done
Event: 9.008 Loading class sun/nio/fs/WindowsDirectoryStream done
Event: 9.009 Loading class sun/nio/fs/WindowsDirectoryStream$WindowsDirectoryIterator
Event: 9.010 Loading class sun/nio/fs/WindowsDirectoryStream$WindowsDirectoryIterator done
Event: 9.017 Loading class sun/nio/fs/WindowsPath$WindowsPathWithAttributes
Event: 9.018 Loading class sun/nio/fs/BasicFileAttributesHolder
Event: 9.018 Loading class sun/nio/fs/BasicFileAttributesHolder done
Event: 9.018 Loading class sun/nio/fs/WindowsPath$WindowsPathWithAttributes done

Classes unloaded (7 events):
Event: 7.705 Thread 0x000001f292df36a0 Unloading class 0x000001f2ab190c00 'java/lang/invoke/LambdaForm$MH+0x000001f2ab190c00'
Event: 7.705 Thread 0x000001f292df36a0 Unloading class 0x000001f2ab190800 'java/lang/invoke/LambdaForm$MH+0x000001f2ab190800'
Event: 7.705 Thread 0x000001f292df36a0 Unloading class 0x000001f2ab190400 'java/lang/invoke/LambdaForm$MH+0x000001f2ab190400'
Event: 7.705 Thread 0x000001f292df36a0 Unloading class 0x000001f2ab190000 'java/lang/invoke/LambdaForm$MH+0x000001f2ab190000'
Event: 7.705 Thread 0x000001f292df36a0 Unloading class 0x000001f2ab18fc00 'java/lang/invoke/LambdaForm$BMH+0x000001f2ab18fc00'
Event: 7.705 Thread 0x000001f292df36a0 Unloading class 0x000001f2ab18f800 'java/lang/invoke/LambdaForm$DMH+0x000001f2ab18f800'
Event: 7.705 Thread 0x000001f292df36a0 Unloading class 0x000001f2ab18e400 'java/lang/invoke/LambdaForm$DMH+0x000001f2ab18e400'

Classes redefined (0 events):
No events

Internal exceptions (20 events):
Event: 4.805 Thread 0x000001f2ec91fd10 Exception <a 'java/lang/NoSuchMethodError'{0x00000000d5de5378}: 'java.lang.Object java.lang.invoke.Invokers$Holder.linkToTargetMethod(java.lang.Object, java.lang.Object, long, java.lang.Object)'> (0x00000000d5de5378) 
thrown [s\src\hotspot\share\interpreter\linkResolver.cpp, line 773]
Event: 4.824 Thread 0x000001f2ec91fd10 Exception <a 'java/lang/NoSuchMethodError'{0x00000000d5e570c0}: 'int java.lang.invoke.DirectMethodHandle$Holder.invokeStaticInit(java.lang.Object, java.lang.Object, java.lang.Object)'> (0x00000000d5e570c0) 
thrown [s\src\hotspot\share\interpreter\linkResolver.cpp, line 773]
Event: 4.848 Thread 0x000001f2ec91fd10 Exception <a 'java/lang/IncompatibleClassChangeError'{0x00000000d5ef1a10}: Found class java.lang.Object, but interface was expected> (0x00000000d5ef1a10) 
thrown [s\src\hotspot\share\interpreter\linkResolver.cpp, line 840]
Event: 4.850 Thread 0x000001f2ec91fd10 Exception <a 'java/lang/NoSuchMethodError'{0x00000000d5ef55c0}: 'java.lang.Object java.lang.invoke.DirectMethodHandle$Holder.invokeSpecial(java.lang.Object, java.lang.Object, java.lang.Object, int, java.lang.Object, java.lang.Object)'> (0x00000000d5ef55c0) 
thrown [s\src\hotspot\share\interpreter\linkResolver.cpp, line 773]
Event: 4.851 Thread 0x000001f2ec91fd10 Exception <a 'java/lang/NoSuchMethodError'{0x00000000d5efd098}: 'java.lang.Object java.lang.invoke.DirectMethodHandle$Holder.newInvokeSpecial(java.lang.Object, java.lang.Object, java.lang.Object, int, java.lang.Object)'> (0x00000000d5efd098) 
thrown [s\src\hotspot\share\interpreter\linkResolver.cpp, line 773]
Event: 4.852 Thread 0x000001f2ec91fd10 Exception <a 'java/lang/NoSuchMethodError'{0x00000000d5f01018}: 'java.lang.Object java.lang.invoke.DirectMethodHandle$Holder.invokeSpecial(java.lang.Object, java.lang.Object, java.lang.Object, java.lang.Object, int, java.lang.Object)'> (0x00000000d5f01018) 
thrown [s\src\hotspot\share\interpreter\linkResolver.cpp, line 773]
Event: 4.852 Thread 0x000001f2ec91fd10 Exception <a 'java/lang/NoSuchMethodError'{0x00000000d5f04b58}: 'java.lang.Object java.lang.invoke.Invokers$Holder.linkToTargetMethod(java.lang.Object, java.lang.Object, int, java.lang.Object, java.lang.Object)'> (0x00000000d5f04b58) 
thrown [s\src\hotspot\share\interpreter\linkResolver.cpp, line 773]
Event: 4.853 Thread 0x000001f2f12f8400 Exception <a 'java/lang/NoSuchMethodError'{0x00000000d5e20870}: 'java.lang.Object java.lang.invoke.DirectMethodHandle$Holder.invokeSpecial(java.lang.Object, java.lang.Object, int, java.lang.Object, java.lang.Object)'> (0x00000000d5e20870) 
thrown [s\src\hotspot\share\interpreter\linkResolver.cpp, line 773]
Event: 4.854 Thread 0x000001f2f12f8400 Exception <a 'java/lang/NoSuchMethodError'{0x00000000d5e275a8}: 'java.lang.Object java.lang.invoke.DirectMethodHandle$Holder.newInvokeSpecial(java.lang.Object, java.lang.Object, int, java.lang.Object)'> (0x00000000d5e275a8) 
thrown [s\src\hotspot\share\interpreter\linkResolver.cpp, line 773]
Event: 4.855 Thread 0x000001f2f12f8400 Exception <a 'java/lang/NoSuchMethodError'{0x00000000d5e2ae88}: 'java.lang.Object java.lang.invoke.DirectMethodHandle$Holder.invokeSpecial(java.lang.Object, java.lang.Object, java.lang.Object, int, java.lang.Object)'> (0x00000000d5e2ae88) 
thrown [s\src\hotspot\share\interpreter\linkResolver.cpp, line 773]
Event: 4.903 Thread 0x000001f2ec91fd10 Exception <a 'java/lang/NoSuchMethodError'{0x00000000d60502e8}: 'void java.lang.invoke.DirectMethodHandle$Holder.invokeSpecial(java.lang.Object, java.lang.Object, java.lang.Object, java.lang.Object, java.lang.Object)'> (0x00000000d60502e8) 
thrown [s\src\hotspot\share\interpreter\linkResolver.cpp, line 773]
Event: 4.960 Thread 0x000001f2ec91fd10 Exception <a 'java/lang/NoSuchMethodError'{0x00000000d6240c10}: 'double java.lang.invoke.DirectMethodHandle$Holder.invokeStatic(java.lang.Object, java.lang.Object)'> (0x00000000d6240c10) 
thrown [s\src\hotspot\share\interpreter\linkResolver.cpp, line 773]
Event: 4.961 Thread 0x000001f2ec91fd10 Exception <a 'java/lang/NoSuchMethodError'{0x00000000d62442d0}: 'double java.lang.invoke.DirectMethodHandle$Holder.invokeStaticInit(java.lang.Object, java.lang.Object)'> (0x00000000d62442d0) 
thrown [s\src\hotspot\share\interpreter\linkResolver.cpp, line 773]
Event: 7.412 Thread 0x000001f2ec91fd10 Implicit null exception at 0x000001f29dc53bf5 to 0x000001f29dc53cd0
Event: 7.543 Thread 0x000001f2ec91fd10 Exception <a 'java/io/FileNotFoundException'{0x00000000d617df20}> (0x00000000d617df20) 
thrown [s\src\hotspot\share\prims\jni.cpp, line 520]
Event: 7.543 Thread 0x000001f2ec91fd10 Exception <a 'java/io/FileNotFoundException'{0x00000000d617ef48}> (0x00000000d617ef48) 
thrown [s\src\hotspot\share\prims\jni.cpp, line 520]
Event: 7.781 Thread 0x000001f2ec91fd10 Exception <a 'java/lang/NoSuchMethodError'{0x00000000d573eb60}: 'java.lang.Object java.lang.invoke.DirectMethodHandle$Holder.newInvokeSpecial(java.lang.Object, int, java.lang.Object, java.lang.Object)'> (0x00000000d573eb60) 
thrown [s\src\hotspot\share\interpreter\linkResolver.cpp, line 773]
Event: 7.861 Thread 0x000001f2ec91fd10 Exception <a 'sun/nio/fs/WindowsException'{0x00000000d5928878}> (0x00000000d5928878) 
thrown [s\src\hotspot\share\prims\jni.cpp, line 520]
Event: 7.944 Thread 0x000001f2ec91fd10 Exception <a 'java/lang/NoSuchMethodError'{0x00000000d5c1a970}: 'java.lang.Object java.lang.invoke.DirectMethodHandle$Holder.invokeStaticInit(java.lang.Object, int, int, int, int)'> (0x00000000d5c1a970) 
thrown [s\src\hotspot\share\interpreter\linkResolver.cpp, line 773]
Event: 10.042 Thread 0x000001f2ec91fd10 Exception <a 'java/lang/NoSuchMethodError'{0x00000000d5d32028}: 'java.lang.Object java.lang.invoke.DirectMethodHandle$Holder.invokeStaticInit(java.lang.Object, java.lang.Object, int, int, int, int)'> (0x00000000d5d32028) 
thrown [s\src\hotspot\share\interpreter\linkResolver.cpp, line 773]

ZGC Phase Switch (0 events):
No events

VM Operations (20 events):
Event: 4.639 Executing non-safepoint VM operation: HandshakeAllThreads (Deoptimize)
Event: 4.639 Executing non-safepoint VM operation: HandshakeAllThreads (Deoptimize) done
Event: 5.125 Executing safepoint VM operation: ParallelGCFailedAllocation (Allocation Failure)
Event: 5.130 Executing safepoint VM operation: ParallelGCFailedAllocation (Allocation Failure) done
Event: 6.135 Executing safepoint VM operation: Cleanup
Event: 6.196 Executing safepoint VM operation: Cleanup done
Event: 7.200 Executing safepoint VM operation: Cleanup
Event: 7.288 Executing safepoint VM operation: Cleanup done
Event: 7.496 Executing safepoint VM operation: ParallelGCFailedAllocation (Allocation Failure)
Event: 7.500 Executing safepoint VM operation: ParallelGCFailedAllocation (Allocation Failure) done
Event: 7.697 Executing safepoint VM operation: CollectForMetadataAllocation (Metadata GC Threshold)
Event: 7.728 Executing safepoint VM operation: CollectForMetadataAllocation (Metadata GC Threshold) done
Event: 7.838 Executing non-safepoint VM operation: HandshakeAllThreads (Deoptimize)
Event: 7.838 Executing non-safepoint VM operation: HandshakeAllThreads (Deoptimize) done
Event: 7.932 Executing non-safepoint VM operation: HandshakeAllThreads (Deoptimize)
Event: 7.932 Executing non-safepoint VM operation: HandshakeAllThreads (Deoptimize) done
Event: 8.935 Executing safepoint VM operation: Cleanup
Event: 8.975 Executing safepoint VM operation: Cleanup done
Event: 9.980 Executing safepoint VM operation: Cleanup
Event: 10.041 Executing safepoint VM operation: Cleanup done

Memory protections (0 events):
No events

Nmethod flushes (0 events):
No events

Events (20 events):
Event: 0.205 Thread 0x000001f292e78c20 Thread added: 0x000001f292df71f0
Event: 0.205 Thread 0x000001f292e78c20 Thread added: 0x000001f292df7c50
Event: 0.206 Thread 0x000001f292e78c20 Thread added: 0x000001f292df9d40
Event: 0.207 Thread 0x000001f292e78c20 Thread added: 0x000001f292dfe220
Event: 0.218 Thread 0x000001f292e78c20 Thread added: 0x000001f292e2d360
Event: 0.399 Thread 0x000001f292e78c20 Thread added: 0x000001f2ec312f20
Event: 0.846 Thread 0x000001f292e78c20 Thread added: 0x000001f2ec453ef0
Event: 2.708 Thread 0x000001f292e78c20 Thread added: 0x000001f2ec8e86b0
Event: 3.211 Thread 0x000001f292e78c20 Thread added: 0x000001f2ec91d690
Event: 3.221 Thread 0x000001f292e78c20 Thread added: 0x000001f2ec91fd10
Event: 3.324 Thread 0x000001f2ec91fd10 Thread added: 0x000001f2ecba6480
Event: 4.223 Thread 0x000001f2ec91fd10 Thread added: 0x000001f2f107be90
Event: 4.813 Thread 0x000001f2ec91fd10 Thread added: 0x000001f2f12f8400
Event: 4.854 Thread 0x000001f2ec91fd10 Thread added: 0x000001f2f12f71b0
Event: 7.733 Thread 0x000001f2ec91fd10 Thread added: 0x000001f2f17f2d80
Event: 7.906 Thread 0x000001f2f17f2d80 Thread exited: 0x000001f2f17f2d80
Event: 8.983 Thread 0x000001f2ec91fd10 Thread added: 0x000001f2f2335970
Event: 8.984 Thread 0x000001f2f2335970 Thread added: 0x000001f2f2337a40
Event: 10.041 Thread 0x000001f2f2335970 Thread added: 0x000001f2f23373b0
Event: 10.041 Thread 0x000001f2f2337a40 Thread exited: 0x000001f2f2337a40


Dynamic libraries:
0x00007ff6e1b30000 - 0x00007ff6e1b3e000 	c:\Users\ELCOT\.antigravity-ide\extensions\redhat.java-1.55.0-win32-x64\jre\21.0.11-win32-x86_64\bin\java.exe
0x00007ffd62e00000 - 0x00007ffd63066000 	C:\WINDOWS\SYSTEM32\ntdll.dll
0x00007ffd62110000 - 0x00007ffd621d9000 	C:\WINDOWS\System32\KERNEL32.DLL
0x00007ffd605d0000 - 0x00007ffd609cf000 	C:\WINDOWS\System32\KERNELBASE.dll
0x00007ffd602e0000 - 0x00007ffd6042c000 	C:\WINDOWS\System32\ucrtbase.dll
0x00007ffd5c7d0000 - 0x00007ffd5c7e8000 	c:\Users\ELCOT\.antigravity-ide\extensions\redhat.java-1.55.0-win32-x64\jre\21.0.11-win32-x86_64\bin\jli.dll
0x00007ffd61950000 - 0x00007ffd61b16000 	C:\WINDOWS\System32\USER32.dll
0x00007ffd600d0000 - 0x00007ffd600f7000 	C:\WINDOWS\System32\win32u.dll
0x00007ffd62700000 - 0x00007ffd6272b000 	C:\WINDOWS\System32\GDI32.dll
0x00007ffd5c5e0000 - 0x00007ffd5c5fe000 	c:\Users\ELCOT\.antigravity-ide\extensions\redhat.java-1.55.0-win32-x64\jre\21.0.11-win32-x86_64\bin\VCRUNTIME140.dll
0x00007ffd464b0000 - 0x00007ffd46741000 	C:\WINDOWS\WinSxS\amd64_microsoft.windows.common-controls_6595b64144ccf1df_6.0.26100.8972_none_3e0da176e32f9d4b\COMCTL32.dll
0x00007ffd60100000 - 0x00007ffd60229000 	C:\WINDOWS\System32\gdi32full.dll
0x00007ffd61f60000 - 0x00007ffd62009000 	C:\WINDOWS\System32\msvcrt.dll
0x00007ffd60230000 - 0x00007ffd602d3000 	C:\WINDOWS\System32\msvcp_win.dll
0x00007ffd624b0000 - 0x00007ffd624e2000 	C:\WINDOWS\System32\IMM32.DLL
0x00007ffd5c5d0000 - 0x00007ffd5c5dc000 	c:\Users\ELCOT\.antigravity-ide\extensions\redhat.java-1.55.0-win32-x64\jre\21.0.11-win32-x86_64\bin\vcruntime140_1.dll
0x00007ffd49640000 - 0x00007ffd496cd000 	c:\Users\ELCOT\.antigravity-ide\extensions\redhat.java-1.55.0-win32-x64\jre\21.0.11-win32-x86_64\bin\msvcp140.dll
0x00007ffca2fe0000 - 0x00007ffca3d82000 	c:\Users\ELCOT\.antigravity-ide\extensions\redhat.java-1.55.0-win32-x64\jre\21.0.11-win32-x86_64\bin\server\jvm.dll
0x00007ffd62200000 - 0x00007ffd622bc000 	C:\WINDOWS\System32\ADVAPI32.dll
0x00007ffd61c90000 - 0x00007ffd61d3a000 	C:\WINDOWS\System32\sechost.dll
0x00007ffd622d0000 - 0x00007ffd623e8000 	C:\WINDOWS\System32\RPCRT4.dll
0x00007ffd624f0000 - 0x00007ffd62572000 	C:\WINDOWS\System32\WS2_32.dll
0x00007ffd5fe70000 - 0x00007ffd5fece000 	C:\WINDOWS\SYSTEM32\POWRPROF.dll
0x00007ffd55e30000 - 0x00007ffd55e66000 	C:\WINDOWS\SYSTEM32\WINMM.dll
0x00007ffd54820000 - 0x00007ffd5482b000 	C:\WINDOWS\SYSTEM32\VERSION.dll
0x00007ffd5fe50000 - 0x00007ffd5fe65000 	C:\WINDOWS\SYSTEM32\UMPDC.dll
0x00007ffd5ed00000 - 0x00007ffd5ed1b000 	C:\WINDOWS\SYSTEM32\kernel.appcore.dll
0x00007ffd5c5c0000 - 0x00007ffd5c5ca000 	c:\Users\ELCOT\.antigravity-ide\extensions\redhat.java-1.55.0-win32-x64\jre\21.0.11-win32-x86_64\bin\jimage.dll
0x00007ffd5d4f0000 - 0x00007ffd5d732000 	C:\WINDOWS\SYSTEM32\DBGHELP.DLL
0x00007ffd62a30000 - 0x00007ffd62db5000 	C:\WINDOWS\System32\combase.dll
0x00007ffd617b0000 - 0x00007ffd61889000 	C:\WINDOWS\System32\OLEAUT32.dll
0x00007ffd48c60000 - 0x00007ffd48c9b000 	C:\WINDOWS\SYSTEM32\dbgcore.DLL
0x00007ffd60a70000 - 0x00007ffd60b1c000 	C:\WINDOWS\System32\bcryptPrimitives.dll
0x00007ffd5c5b0000 - 0x00007ffd5c5bf000 	c:\Users\ELCOT\.antigravity-ide\extensions\redhat.java-1.55.0-win32-x64\jre\21.0.11-win32-x86_64\bin\instrument.dll
0x00007ffd5c590000 - 0x00007ffd5c5b0000 	c:\Users\ELCOT\.antigravity-ide\extensions\redhat.java-1.55.0-win32-x64\jre\21.0.11-win32-x86_64\bin\java.dll
0x00007ffd60b30000 - 0x00007ffd612b8000 	C:\WINDOWS\System32\SHELL32.dll
0x00007ffd5d9c0000 - 0x00007ffd5e25b000 	C:\WINDOWS\SYSTEM32\windows.storage.dll
0x00007ffd62010000 - 0x00007ffd62109000 	C:\WINDOWS\System32\SHCORE.dll
0x00007ffd62730000 - 0x00007ffd62796000 	C:\WINDOWS\System32\shlwapi.dll
0x00007ffd5ff30000 - 0x00007ffd5ff59000 	C:\WINDOWS\SYSTEM32\profapi.dll
0x00007ffd5c2b0000 - 0x00007ffd5c2c8000 	c:\Users\ELCOT\.antigravity-ide\extensions\redhat.java-1.55.0-win32-x64\jre\21.0.11-win32-x86_64\bin\zip.dll
0x00007ffd5c560000 - 0x00007ffd5c570000 	C:\Users\ELCOT\.antigravity-ide\extensions\redhat.java-1.55.0-win32-x64\jre\21.0.11-win32-x86_64\bin\net.dll
0x00007ffd54890000 - 0x00007ffd549b8000 	C:\WINDOWS\SYSTEM32\WINHTTP.dll
0x00007ffd5f2b0000 - 0x00007ffd5f31c000 	C:\WINDOWS\system32\mswsock.dll
0x00007ffd5acf0000 - 0x00007ffd5ad06000 	C:\Users\ELCOT\.antigravity-ide\extensions\redhat.java-1.55.0-win32-x64\jre\21.0.11-win32-x86_64\bin\nio.dll
0x00007ffd5c520000 - 0x00007ffd5c530000 	c:\Users\ELCOT\.antigravity-ide\extensions\redhat.java-1.55.0-win32-x64\jre\21.0.11-win32-x86_64\bin\verify.dll
0x00007ffd4e6a0000 - 0x00007ffd4e6e5000 	C:\Users\ELCOT\AppData\Roaming\Antigravity IDE\User\globalStorage\redhat.java\1.55.0\config_ss_win\org.eclipse.equinox.launcher\org.eclipse.equinox.launcher.win32.win32.x86_64_1.3.100.v20260613-0559\eclipse_11924.dll
0x00007ffd61d40000 - 0x00007ffd61ed9000 	C:\WINDOWS\System32\ole32.dll
0x00007ffd5f5a0000 - 0x00007ffd5f5bb000 	C:\WINDOWS\SYSTEM32\CRYPTSP.dll
0x00007ffd5ec60000 - 0x00007ffd5ec99000 	C:\WINDOWS\system32\rsaenh.dll
0x00007ffd5f360000 - 0x00007ffd5f392000 	C:\WINDOWS\SYSTEM32\USERENV.dll
0x00007ffd5ff00000 - 0x00007ffd5ff2a000 	C:\WINDOWS\SYSTEM32\bcrypt.dll
0x00007ffd5e6b0000 - 0x00007ffd5e6e3000 	C:\WINDOWS\SYSTEM32\IPHLPAPI.DLL
0x00007ffd621e0000 - 0x00007ffd621ea000 	C:\WINDOWS\System32\NSI.dll

JVMTI agents:
c:\Users\ELCOT\.antigravity-ide\extensions\redhat.java-1.55.0-win32-x64\lombok\lombok-1.18.39-4050.jar path:c:\Users\ELCOT\.antigravity-ide\extensions\redhat.java-1.55.0-win32-x64\jre\21.0.11-win32-x86_64\bin\instrument.dll, loaded, initialized, instrumentlib options:none

dbghelp: loaded successfully - version: 4.0.5 - missing functions: none
symbol engine: initialized successfully - sym options: 0x614 - pdb path: .;c:\Users\ELCOT\.antigravity-ide\extensions\redhat.java-1.55.0-win32-x64\jre\21.0.11-win32-x86_64\bin;C:\WINDOWS\SYSTEM32;C:\WINDOWS\WinSxS\amd64_microsoft.windows.common-controls_6595b64144ccf1df_6.0.26100.8972_none_3e0da176e32f9d4b;c:\Users\ELCOT\.antigravity-ide\extensions\redhat.java-1.55.0-win32-x64\jre\21.0.11-win32-x86_64\bin\server;C:\Users\ELCOT\AppData\Roaming\Antigravity IDE\User\globalStorage\redhat.java\1.55.0\config_ss_win\org.eclipse.equinox.launcher\org.eclipse.equinox.launcher.win32.win32.x86_64_1.3.100.v20260613-0559

VM Arguments:
jvm_args: --add-modules=ALL-SYSTEM --add-opens=java.base/java.util=ALL-UNNAMED --add-opens=java.base/java.lang=ALL-UNNAMED --add-opens=java.base/sun.nio.fs=ALL-UNNAMED -Declipse.application=org.eclipse.jdt.ls.core.id1 -Dosgi.bundles.defaultStartLevel=4 -Declipse.product=org.eclipse.jdt.ls.core.product -Djava.import.generatesMetadataFilesAtProjectRoot=false -DDetectVMInstallationsJob.disabled=true -Dfile.encoding=utf8 -XX:+UseParallelGC -XX:GCTimeRatio=4 -XX:AdaptiveSizePolicyWeight=90 -Dsun.zip.disableMemoryMapping=true -Xmx2G -Xms100m -Xlog:disable -javaagent:c:\Users\ELCOT\.antigravity-ide\extensions\redhat.java-1.55.0-win32-x64\lombok\lombok-1.18.39-4050.jar 
java_command: c:\Users\ELCOT\.antigravity-ide\extensions\redhat.java-1.55.0-win32-x64\server\plugins\org.eclipse.equinox.launcher_1.7.200.v20260619-2039.jar -configuration c:\Users\ELCOT\AppData\Roaming\Antigravity IDE\User\globalStorage\redhat.java\1.55.0\config_ss_win -data c:\Users\ELCOT\AppData\Roaming\Antigravity IDE\User\workspaceStorage\33c856eb9b3785cc22fb892d4b482477\redhat.java\ss_ws --pipe=\\.\pipe\lsp-63dff1fe70180990ccd2454acf3b79cc-sock
java_class_path (initial): c:\Users\ELCOT\.antigravity-ide\extensions\redhat.java-1.55.0-win32-x64\server\plugins\org.eclipse.equinox.launcher_1.7.200.v20260619-2039.jar
Launcher Type: SUN_STANDARD

[Global flags]
    uintx AdaptiveSizePolicyWeight                 = 90                                        {product} {command line}
     intx CICompilerCount                          = 4                                         {product} {ergonomic}
    uintx GCTimeRatio                              = 4                                         {product} {command line}
   size_t InitialHeapSize                          = 104857600                                 {product} {command line}
   size_t MaxHeapSize                              = 2147483648                                {product} {command line}
   size_t MaxNewSize                               = 715653120                                 {product} {ergonomic}
   size_t MinHeapDeltaBytes                        = 524288                                    {product} {ergonomic}
   size_t MinHeapSize                              = 104857600                                 {product} {command line}
   size_t NewSize                                  = 34603008                                  {product} {ergonomic}
    uintx NonNMethodCodeHeapSize                   = 5839372                                {pd product} {ergonomic}
    uintx NonProfiledCodeHeapSize                  = 122909434                              {pd product} {ergonomic}
   size_t OldSize                                  = 70254592                                  {product} {ergonomic}
    uintx ProfiledCodeHeapSize                     = 122909434                              {pd product} {ergonomic}
    uintx ReservedCodeCacheSize                    = 251658240                              {pd product} {ergonomic}
     bool SegmentedCodeCache                       = true                                      {product} {ergonomic}
   size_t SoftMaxHeapSize                          = 2147483648                             {manageable} {ergonomic}
     bool UseCompressedOops                        = true                           {product lp64_product} {ergonomic}
     bool UseLargePagesIndividualAllocation        = false                                  {pd product} {ergonomic}
     bool UseParallelGC                            = true                                      {product} {command line}

Logging:
Log output configuration:
 #0: stdout all=off uptime,level,tags foldmultilines=false
 #1: stderr all=off uptime,level,tags foldmultilines=false

Release file:
JAVA_VERSION="21.0.11" 
MODULES="java.base java.compiler java.datatransfer java.xml java.prefs java.desktop java.instrument java.logging java.management java.security.sasl java.naming java.rmi java.management.rmi java.net.http java.scripting java.security.jgss java.transaction.xa java.sql java.sql.rowset java.xml.crypto java.se java.smartcardio jdk.accessibility jdk.internal.jvmstat jdk.attach jdk.charsets jdk.internal.opt jdk.zipfs jdk.compiler jdk.crypto.ec jdk.crypto.cryptoki jdk.crypto.mscapi jdk.dynalink jdk.internal.ed jdk.editpad jdk.hotspot.agent jdk.httpserver jdk.internal.le jdk.internal.vm.ci jdk.internal.vm.compiler jdk.internal.vm.compiler.management jdk.jartool jdk.javadoc jdk.jcmd jdk.management jdk.management.agent jdk.jconsole jdk.jdeps jdk.jdwp.agent jdk.jdi jdk.jfr jdk.jshell jdk.jsobject jdk.jstatd jdk.localedata jdk.management.jfr jdk.naming.dns jdk.naming.rmi jdk.net jdk.nio.mapmode jdk.random jdk.sctp jdk.security.auth jdk.security.jgss jdk.unsupported jdk.unsupported.desktop jdk.xml.dom" 

Environment Variables:
PATH=C:\Program Files\Common Files\Oracle\Java\javapath;C:\WINDOWS\system32;C:\WINDOWS;C:\WINDOWS\System32\Wbem;C:\WINDOWS\System32\WindowsPowerShell\v1.0\;C:\WINDOWS\System32\OpenSSH\;C:\Program Files\dotnet\;C:\Program Files\Java\jdk-26.0.2\bin;C:\Program Files\Java\jdk-21.0.12\bin;D:\Java_project;C:\Program Files\nodejs\;C:\Program Files\Git\cmd;C:\Users\ELCOT\AppData\Local\Programs\Python\Python313\Scripts\;C:\Users\ELCOT\AppData\Local\Programs\Python\Python313\;C:\Users\ELCOT\.local\bin;C:\Users\ELCOT\AppData\Local\Microsoft\WindowsApps;C:\Program Files\Java\jdk-26.0.2\bin;C:\Program Files\Java\jdk-21.0.12\bin;C:\Users\ELCOT\AppData\Local\Programs\Microsoft VS Code\bin;D:\Java_project;C:\Users\ELCOT\AppData\Local\Programs\Antigravity IDE\bin;C:\Users\ELCOT\AppData\Roaming\npm
USERNAME=ELCOT
OS=Windows_NT
PROCESSOR_IDENTIFIER=AMD64 Family 23 Model 160 Stepping 0, AuthenticAMD
TMP=C:\Users\ELCOT\AppData\Local\Temp
TEMP=C:\Users\ELCOT\AppData\Local\Temp




Periodic native trim disabled

---------------  S Y S T E M  ---------------

OS:
 Windows 11 , 64 bit Build 26100 (10.0.26100.9168)
OS uptime: 4 days 5:03 hours
Hyper-V role detected

CPU: total 8 (initial active 8) (8 cores per cpu, 2 threads per core) family 23 model 160 stepping 0 microcode 0x8a0000a, cx8, cmov, fxsr, ht, mmx, 3dnowpref, sse, sse2, sse3, ssse3, sse4a, sse4.1, sse4.2, popcnt, lzcnt, tsc, tscinvbit, avx, avx2, aes, clmul, bmi1, bmi2, adx, sha, fma, vzeroupper, clflush, clflushopt, hv, rdtscp, rdpid, f16c
Processor Information for the first 8 processors :
  Max Mhz: 2401, Current Mhz: 2401, Mhz Limit: 2401

Memory: 4k page, system-wide physical 7379M (236M free)
TotalPageFile size 26373M (AvailPageFile size 12M)
current process WorkingSet (physical memory assigned to process): 148M, peak: 151M
current process commit charge ("private bytes"): 284M, peak: 286M

vm_info: OpenJDK 64-Bit Server VM (21.0.11+10-LTS) for windows-amd64 JRE (21.0.11+10-LTS), built on 2026-04-21T00:00:00Z by "admin" with MS VC++ 17.12 (VS2022)

END.
