#
# There is insufficient memory for the Java Runtime Environment to continue.
# Native memory allocation (malloc) failed to allocate 1066736 bytes. Error detail: Chunk::new
# Possible reasons:
#   The system is out of physical RAM or swap space
#   This process is running with CompressedOops enabled, and the Java Heap may be blocking the growth of the native heap
# Possible solutions:
#   Reduce memory load on the system
#   Increase physical memory or swap space
#   Check if swap backing store is full
#   Decrease Java heap size (-Xmx/-Xms)
#   Decrease number of Java threads
#   Decrease Java thread stack sizes (-Xss)
#   Set larger code cache with -XX:ReservedCodeCacheSize=
#   JVM is running with Unscaled Compressed Oops mode in which the Java heap is
#     placed in the first 4GB address space. The Java Heap base address is the
#     maximum limit for the native heap growth. Please use -XX:HeapBaseMinAddress
#     to set the Java Heap base and to place the Java Heap above 4GB virtual address.
# This output file may be truncated or incomplete.
#
#  Out of Memory Error (arena.cpp:168), pid=11180, tid=30260
#
# JRE version: OpenJDK Runtime Environment Temurin-21.0.11+10 (21.0.11+10) (build 21.0.11+10-LTS)
# Java VM: OpenJDK 64-Bit Server VM Temurin-21.0.11+10 (21.0.11+10-LTS, mixed mode, sharing, tiered, compressed oops, compressed class ptrs, parallel gc, windows-amd64)
# No core dump will be written. Minidumps are not enabled by default on client versions of Windows
#

---------------  S U M M A R Y ------------

Command Line: --add-modules=ALL-SYSTEM --add-opens=java.base/java.util=ALL-UNNAMED --add-opens=java.base/java.lang=ALL-UNNAMED --add-opens=java.base/sun.nio.fs=ALL-UNNAMED -Declipse.application=org.eclipse.jdt.ls.core.id1 -Dosgi.bundles.defaultStartLevel=4 -Declipse.product=org.eclipse.jdt.ls.core.product -Djava.import.generatesMetadataFilesAtProjectRoot=false -DDetectVMInstallationsJob.disabled=true -Dfile.encoding=utf8 -XX:+UseParallelGC -XX:GCTimeRatio=4 -XX:AdaptiveSizePolicyWeight=90 -Dsun.zip.disableMemoryMapping=true -Xmx2G -Xms100m -Xlog:disable -javaagent:c:\Users\ELCOT\.vscode\extensions\redhat.java-1.55.0-win32-x64\lombok\lombok-1.18.39-4050.jar c:\Users\ELCOT\.vscode\extensions\redhat.java-1.55.0-win32-x64\server\plugins\org.eclipse.equinox.launcher_1.7.200.v20260619-2039.jar -configuration c:\Users\ELCOT\AppData\Roaming\Code\User\globalStorage\redhat.java\1.55.0\config_ss_win -data c:\Users\ELCOT\AppData\Roaming\Code\User\workspaceStorage\33c856eb9b3785cc22fb892d4b482477\redhat.java\ss_ws --pipe=\\.\pipe\lsp-9deea5a20ee9501098ce32c2e9b317d2-sock

Host: AMD Ryzen 3 7320U with Radeon Graphics         , 8 cores, 7G,  Windows 11 , 64 bit Build 26100 (10.0.26100.9168)
Time: Tue Sep  1 08:55:21 2026 India Standard Time elapsed time: 32.146236 seconds (0d 0h 0m 32s)

---------------  T H R E A D  ---------------

Current thread (0x000001cc73e2ed10):  JavaThread "C2 CompilerThread0" daemon [_thread_in_native, id=30260, stack(0x00000031e2c00000,0x00000031e2d00000) (1024K)]


Current CompileTask:
C2:32146 4728   !   4       org.eclipse.jdt.internal.core.util.DeduplicationUtil::intern (149 bytes)

Stack: [0x00000031e2c00000,0x00000031e2d00000]
Native frames: (J=compiled Java code, j=interpreted, Vv=VM code, C=native code)
V  [jvm.dll+0x6d7e19]
V  [jvm.dll+0x8b5096]
V  [jvm.dll+0x8b764e]
V  [jvm.dll+0x8b7d33]
V  [jvm.dll+0x284596]
V  [jvm.dll+0xc685d]
V  [jvm.dll+0xc6da1]
V  [jvm.dll+0x3bed31]
V  [jvm.dll+0x38b2b2]
V  [jvm.dll+0x38a6fa]
V  [jvm.dll+0x24c700]
V  [jvm.dll+0x24bce0]
V  [jvm.dll+0x1cb4ae]
V  [jvm.dll+0x25baad]
V  [jvm.dll+0x25a03a]
V  [jvm.dll+0x3f868e]
V  [jvm.dll+0x85fb0d]
V  [jvm.dll+0x6d664d]
C  [ucrtbase.dll+0x2cd30]
C  [KERNEL32.DLL+0x2ccb7]
C  [ntdll.dll+0xaad6c]


---------------  P R O C E S S  ---------------

Threads class SMR info:
_java_thread_list=0x000001cc7ec892d0, length=37, elements={
0x000001cc73ea9d50, 0x000001cc73e1de80, 0x000001cc73e21500, 0x000001cc73e233d0,
0x000001cc73e29a50, 0x000001cc73e28440, 0x000001cc73e2aea0, 0x000001cc73e2ed10,
0x000001cc73e45c50, 0x000001cc7d354c30, 0x000001cc7d43a2a0, 0x000001cc7da2f000,
0x000001cc7d81bb80, 0x000001cc7d777370, 0x000001cc7d8eb430, 0x000001cc7d6bf160,
0x000001cc7d1cd1e0, 0x000001cc7d9884e0, 0x000001cc7d3ddaf0, 0x000001cc7d3de180,
0x000001cc7d3de810, 0x000001cc7d3dd460, 0x000001cc54426530, 0x000001cc54425810,
0x000001cc54424af0, 0x000001cc54425180, 0x000001cc54424460, 0x000001cc54423dd0,
0x000001cc54425ea0, 0x000001cc54423740, 0x000001cc5442a040, 0x000001cc544299b0,
0x000001cc54426bc0, 0x000001cc5442a6d0, 0x000001cc54427250, 0x000001cc7db0e2f0,
0x000001cc7dad78d0
}

Java Threads: ( => current thread )
  0x000001cc73ea9d50 JavaThread "main"                              [_thread_blocked, id=30044, stack(0x00000031e2200000,0x00000031e2300000) (1024K)]
  0x000001cc73e1de80 JavaThread "Reference Handler"          daemon [_thread_blocked, id=7800, stack(0x00000031e2600000,0x00000031e2700000) (1024K)]
  0x000001cc73e21500 JavaThread "Finalizer"                  daemon [_thread_blocked, id=30356, stack(0x00000031e2700000,0x00000031e2800000) (1024K)]
  0x000001cc73e233d0 JavaThread "Signal Dispatcher"          daemon [_thread_blocked, id=28500, stack(0x00000031e2800000,0x00000031e2900000) (1024K)]
  0x000001cc73e29a50 JavaThread "Attach Listener"            daemon [_thread_blocked, id=25284, stack(0x00000031e2900000,0x00000031e2a00000) (1024K)]
  0x000001cc73e28440 JavaThread "Service Thread"             daemon [_thread_blocked, id=31668, stack(0x00000031e2a00000,0x00000031e2b00000) (1024K)]
  0x000001cc73e2aea0 JavaThread "Monitor Deflation Thread"   daemon [_thread_blocked, id=16900, stack(0x00000031e2b00000,0x00000031e2c00000) (1024K)]
=>0x000001cc73e2ed10 JavaThread "C2 CompilerThread0"         daemon [_thread_in_native, id=30260, stack(0x00000031e2c00000,0x00000031e2d00000) (1024K)]
  0x000001cc73e45c50 JavaThread "C1 CompilerThread0"         daemon [_thread_in_native, id=26756, stack(0x00000031e2d00000,0x00000031e2e00000) (1024K)]
  0x000001cc7d354c30 JavaThread "Common-Cleaner"             daemon [_thread_blocked, id=21816, stack(0x00000031e2e00000,0x00000031e2f00000) (1024K)]
  0x000001cc7d43a2a0 JavaThread "Notification Thread"        daemon [_thread_blocked, id=7236, stack(0x00000031e2f00000,0x00000031e3000000) (1024K)]
  0x000001cc7da2f000 JavaThread "Active Thread: Equinox Container: 7300e847-def2-4b50-9f2f-d25646a505f6"        [_thread_blocked, id=18868, stack(0x00000031e3600000,0x00000031e3700000) (1024K)]
  0x000001cc7d81bb80 JavaThread "Framework Event Dispatcher: Equinox Container: 7300e847-def2-4b50-9f2f-d25646a505f6" daemon [_thread_blocked, id=27944, stack(0x00000031e3700000,0x00000031e3800000) (1024K)]
  0x000001cc7d777370 JavaThread "Start Level: Equinox Container: 7300e847-def2-4b50-9f2f-d25646a505f6" daemon [_thread_blocked, id=30552, stack(0x00000031e3800000,0x00000031e3900000) (1024K)]
  0x000001cc7d8eb430 JavaThread "SCR Component Actor"        daemon [_thread_blocked, id=30920, stack(0x00000031e3a00000,0x00000031e3b00000) (1024K)]
  0x000001cc7d6bf160 JavaThread "Worker-JM"                         [_thread_blocked, id=27020, stack(0x00000031e3b00000,0x00000031e3c00000) (1024K)]
  0x000001cc7d1cd1e0 JavaThread "JNA Cleaner"                daemon [_thread_blocked, id=32720, stack(0x00000031e3c00000,0x00000031e3d00000) (1024K)]
  0x000001cc7d9884e0 JavaThread "Worker-0: Building"                [_thread_in_vm, id=31336, stack(0x00000031e3d00000,0x00000031e3e00000) (1024K)]
  0x000001cc7d3ddaf0 JavaThread "Worker-1"                          [_thread_blocked, id=24900, stack(0x00000031e3e00000,0x00000031e3f00000) (1024K)]
  0x000001cc7d3de180 JavaThread "Thread-1"                   daemon [_thread_in_native, id=22624, stack(0x00000031e4100000,0x00000031e4200000) (1024K)]
  0x000001cc7d3de810 JavaThread "Thread-2"                   daemon [_thread_in_native, id=28952, stack(0x00000031e4200000,0x00000031e4300000) (1024K)]
  0x000001cc7d3dd460 JavaThread "Thread-3"                   daemon [_thread_in_native, id=32456, stack(0x00000031e4300000,0x00000031e4400000) (1024K)]
  0x000001cc54426530 JavaThread "Thread-4"                   daemon [_thread_in_native, id=32500, stack(0x00000031e4400000,0x00000031e4500000) (1024K)]
  0x000001cc54425810 JavaThread "Thread-5"                   daemon [_thread_in_native, id=21768, stack(0x00000031e4500000,0x00000031e4600000) (1024K)]
  0x000001cc54424af0 JavaThread "Thread-6"                   daemon [_thread_in_native, id=31784, stack(0x00000031e4600000,0x00000031e4700000) (1024K)]
  0x000001cc54425180 JavaThread "Thread-7"                   daemon [_thread_in_native, id=1696, stack(0x00000031e4700000,0x00000031e4800000) (1024K)]
  0x000001cc54424460 JavaThread "Thread-8"                   daemon [_thread_in_native, id=6196, stack(0x00000031e4800000,0x00000031e4900000) (1024K)]
  0x000001cc54423dd0 JavaThread "Thread-9"                   daemon [_thread_in_native, id=27208, stack(0x00000031e4900000,0x00000031e4a00000) (1024K)]
  0x000001cc54425ea0 JavaThread "pool-2-thread-1"                   [_thread_blocked, id=14216, stack(0x00000031e4a00000,0x00000031e4b00000) (1024K)]
  0x000001cc54423740 JavaThread "Worker-2"                          [_thread_blocked, id=2356, stack(0x00000031e4b00000,0x00000031e4c00000) (1024K)]
  0x000001cc5442a040 JavaThread "WorkspaceEventsHandler"            [_thread_blocked, id=10792, stack(0x00000031e4c00000,0x00000031e4d00000) (1024K)]
  0x000001cc544299b0 JavaThread "pool-1-thread-1"                   [_thread_blocked, id=14340, stack(0x00000031e4d00000,0x00000031e4e00000) (1024K)]
  0x000001cc54426bc0 JavaThread "ForkJoinPool.commonPool-worker-1" daemon [_thread_in_Java, id=5452, stack(0x00000031e4e00000,0x00000031e4f00000) (1024K)]
  0x000001cc5442a6d0 JavaThread "ForkJoinPool.commonPool-worker-2" daemon [_thread_blocked, id=5720, stack(0x00000031e5100000,0x00000031e5200000) (1024K)]
  0x000001cc54427250 JavaThread "Worker-3"                          [_thread_blocked, id=31248, stack(0x00000031e5200000,0x00000031e5300000) (1024K)]
  0x000001cc7db0e2f0 JavaThread "C2 CompilerThread1"         daemon [_thread_in_native, id=13356, stack(0x00000031e4f00000,0x00000031e5000000) (1024K)]
  0x000001cc7dad78d0 JavaThread "C2 CompilerThread2"         daemon [_thread_in_native, id=32752, stack(0x00000031e5000000,0x00000031e5100000) (1024K)]
Total: 37

Other Threads:
  0x000001cc73e01a40 VMThread "VM Thread"                           [id=26728, stack(0x00000031e2500000,0x00000031e2600000) (1024K)]
  0x000001cc73d3ba00 WatcherThread "VM Periodic Task Thread"        [id=1340, stack(0x00000031e2400000,0x00000031e2500000) (1024K)]
  0x000001cc73ec89d0 WorkerThread "GC Thread#0"                     [id=27980, stack(0x00000031e2300000,0x00000031e2400000) (1024K)]
  0x000001cc7daf4b90 WorkerThread "GC Thread#1"                     [id=23196, stack(0x00000031e3000000,0x00000031e3100000) (1024K)]
  0x000001cc7d69f0d0 WorkerThread "GC Thread#2"                     [id=7536, stack(0x00000031e3100000,0x00000031e3200000) (1024K)]
  0x000001cc7d69f480 WorkerThread "GC Thread#3"                     [id=24912, stack(0x00000031e3200000,0x00000031e3300000) (1024K)]
  0x000001cc7d69f830 WorkerThread "GC Thread#4"                     [id=27972, stack(0x00000031e3300000,0x00000031e3400000) (1024K)]
  0x000001cc7d6ce9b0 WorkerThread "GC Thread#5"                     [id=6884, stack(0x00000031e3400000,0x00000031e3500000) (1024K)]
  0x000001cc7d6ced60 WorkerThread "GC Thread#6"                     [id=21024, stack(0x00000031e3500000,0x00000031e3600000) (1024K)]
  0x000001cc7da06490 WorkerThread "GC Thread#7"                     [id=25468, stack(0x00000031e3900000,0x00000031e3a00000) (1024K)]
Total: 10

Threads with active compile tasks:
C2 CompilerThread0  32181 4728   !   4       org.eclipse.jdt.internal.core.util.DeduplicationUtil::intern (149 bytes)
C1 CompilerThread0  32181 4861       3       org.lombokweb.asm.ClassReader::readCode (5117 bytes)
C2 CompilerThread1  32181 4825       4       org.lombokweb.asm.MethodWriter::putMethodInfo (1274 bytes)
C2 CompilerThread2  32181 4848 %     4       org.lombokweb.asm.SymbolTable::<init> @ 98 (554 bytes)
Total: 4

VM state: not at safepoint (normal execution)

VM Mutex/Monitor currently owned by a thread: None

Heap address: 0x0000000080000000, size: 2048 MB, Compressed Oops mode: 32-bit

CDS archive(s) mapped at: [0x000001cc0f000000-0x000001cc0fba0000-0x000001cc0fba0000), size 12189696, SharedBaseAddress: 0x000001cc0f000000, ArchiveRelocationMode: 1.
Compressed class space mapped at: 0x000001cc10000000-0x000001cc50000000, reserved size: 1073741824
Narrow klass base: 0x000001cc0f000000, Narrow klass shift: 0, Narrow klass range: 0x100000000

GC Precious Log:
 CardTable entry size: 512
 CPUs: 8 total, 8 available
 Memory: 7379M
 Large Page Support: Disabled
 NUMA Support: Disabled
 Compressed Oops: Enabled (32-bit)
 Alignments: Space 512K, Generation 512K, Heap 2M
 Heap Min Capacity: 100M
 Heap Initial Capacity: 100M
 Heap Max Capacity: 2G
 Pre-touch: Disabled
 Parallel Workers: 8

Heap:
 PSYoungGen      total 24576K, used 9834K [0x00000000d5580000, 0x00000000d7800000, 0x0000000100000000)
  eden space 22528K, 34% used [0x00000000d5580000,0x00000000d5d1de00,0x00000000d6b80000)
  from space 2048K, 99% used [0x00000000d7600000,0x00000000d77fcd78,0x00000000d7800000)
  to   space 5120K, 0% used [0x00000000d6e00000,0x00000000d6e00000,0x00000000d7300000)
 ParOldGen       total 68608K, used 31928K [0x0000000080000000, 0x0000000084300000, 0x00000000d5580000)
  object space 68608K, 46% used [0x0000000080000000,0x0000000081f2e3d8,0x0000000084300000)
 Metaspace       used 37934K, committed 38912K, reserved 1114112K
  class space    used 3853K, committed 4224K, reserved 1048576K

Card table byte_map: [0x000001cc73850000,0x000001cc73c60000] _byte_map_base: 0x000001cc73450000

Marking Bits: (ParMarkBitMap*) 0x00007ffd62784460
 Begin Bits: [0x000001cc77360000, 0x000001cc79360000)
 End Bits:   [0x000001cc79360000, 0x000001cc7b360000)

Polling page: 0x000001cc71c90000

Metaspace:

Usage:
  Non-class:     33.28 MB used.
      Class:      3.76 MB used.
       Both:     37.05 MB used.

Virtual space:
  Non-class space:       64.00 MB reserved,      33.88 MB ( 53%) committed,  1 nodes.
      Class space:        1.00 GB reserved,       4.12 MB ( <1%) committed,  1 nodes.
             Both:        1.06 GB reserved,      38.00 MB (  3%) committed. 

Chunk freelists:
   Non-Class:  13.91 MB
       Class:  11.81 MB
        Both:  25.72 MB

MaxMetaspaceSize: unlimited
CompressedClassSpaceSize: 1.00 GB
Initial GC threshold: 21.00 MB
Current GC threshold: 58.38 MB
CDS: on
 - commit_granule_bytes: 65536.
 - commit_granule_words: 8192.
 - virtual_space_node_default_size: 8388608.
 - enlarge_chunks_in_place: 1.
 - use_allocation_guard: 0.


Internal statistics:

num_allocs_failed_limit: 6.
num_arena_births: 726.
num_arena_deaths: 14.
num_vsnodes_births: 2.
num_vsnodes_deaths: 0.
num_space_committed: 608.
num_space_uncommitted: 0.
num_chunks_returned_to_freelist: 20.
num_chunks_taken_from_freelist: 2336.
num_chunk_merges: 12.
num_chunk_splits: 1473.
num_chunks_enlarged: 884.
num_inconsistent_stats: 0.

CodeHeap 'non-profiled nmethods': size=120000Kb used=2619Kb max_used=2619Kb free=117380Kb
 bounds [0x000001cc07ad0000, 0x000001cc07d60000, 0x000001cc0f000000]
CodeHeap 'profiled nmethods': size=120000Kb used=9012Kb max_used=9012Kb free=110987Kb
 bounds [0x000001cc00000000, 0x000001cc008d0000, 0x000001cc07530000]
CodeHeap 'non-nmethods': size=5760Kb used=1386Kb max_used=1443Kb free=4373Kb
 bounds [0x000001cc07530000, 0x000001cc077a0000, 0x000001cc07ad0000]
CodeCache: size=245760Kb, used=13017Kb, max_used=13074Kb, free=232740Kb
 total_blobs=5159, nmethods=4470, adapters=595, full_count=0
Compilation: enabled, stopped_count=0, restarted_count=0

Compilation events (20 events):
Event: 31.092 Thread 0x000001cc73e45c50 nmethod 4812 0x000001cc07d59d10 code [0x000001cc07d59ea0, 0x000001cc07d59f70]
Event: 31.094 Thread 0x000001cc73e45c50 4814       3       java.lang.invoke.LambdaForm$Name::withConstraint (20 bytes)
Event: 31.094 Thread 0x000001cc73e45c50 nmethod 4814 0x000001cc008b2490 code [0x000001cc008b2640, 0x000001cc008b2858]
Event: 31.094 Thread 0x000001cc73e45c50 4815       3       java.lang.invoke.InvokerBytecodeGenerator::emitReturnInsn (122 bytes)
Event: 31.095 Thread 0x000001cc73e45c50 nmethod 4815 0x000001cc008b2910 code [0x000001cc008b2b80, 0x000001cc008b3540]
Event: 31.116 Thread 0x000001cc7db0e2f0 nmethod 4767 0x000001cc07d5a010 code [0x000001cc07d5a2c0, 0x000001cc07d5b5a8]
Event: 31.117 Thread 0x000001cc7db0e2f0 4733       4       java.lang.StringConcatHelper::stringOf (20 bytes)
Event: 31.117 Thread 0x000001cc7db0e2f0 nmethod 4733 0x000001cc07d5c390 code [0x000001cc07d5c520, 0x000001cc07d5c5c8]
Event: 31.117 Thread 0x000001cc7db0e2f0 4740       4       java.lang.StringConcatHelper::mix (27 bytes)
Event: 31.118 Thread 0x000001cc7db0e2f0 nmethod 4740 0x000001cc07d5c690 code [0x000001cc07d5c820, 0x000001cc07d5c900]
Event: 31.118 Thread 0x000001cc7db0e2f0 4800       4       org.eclipse.jdt.internal.compiler.classfmt.ClassFileStruct::u4At (69 bytes)
Event: 31.120 Thread 0x000001cc7db0e2f0 nmethod 4800 0x000001cc07d5ca10 code [0x000001cc07d5cba0, 0x000001cc07d5ccd8]
Event: 31.120 Thread 0x000001cc7db0e2f0 4790       4       java.lang.String::<init> (10 bytes)
Event: 31.124 Thread 0x000001cc7db0e2f0 nmethod 4790 0x000001cc07d5ce10 code [0x000001cc07d5cfc0, 0x000001cc07d5d4c8]
Event: 31.130 Thread 0x000001cc73e45c50 4816       3       org.eclipse.jdt.internal.compiler.impl.CompilerOptions::updateSeverity (158 bytes)
Event: 31.130 Thread 0x000001cc73e45c50 nmethod 4816 0x000001cc008b3890 code [0x000001cc008b3b80, 0x000001cc008b4350]
Event: 31.137 Thread 0x000001cc73e45c50 4817       3       java.lang.invoke.LambdaFormBuffer::insertExpression (30 bytes)
Event: 31.138 Thread 0x000001cc73e45c50 nmethod 4817 0x000001cc008b4710 code [0x000001cc008b48c0, 0x000001cc008b4a18]
Event: 31.138 Thread 0x000001cc73e45c50 4818       3       jdk.internal.org.objectweb.asm.AnnotationWriter::computeAnnotationsSize (42 bytes)
Event: 31.138 Thread 0x000001cc73e45c50 nmethod 4818 0x000001cc008b4b10 code [0x000001cc008b4cc0, 0x000001cc008b4ef8]

GC Heap History (20 events):
Event: 26.452 GC heap before
{Heap before GC invocations=12 (full 1):
 PSYoungGen      total 26624K, used 26371K [0x00000000d5580000, 0x00000000d7400000, 0x0000000100000000)
  eden space 23040K, 100% used [0x00000000d5580000,0x00000000d6c00000,0x00000000d6c00000)
  from space 3584K, 92% used [0x00000000d7080000,0x00000000d73c0c68,0x00000000d7400000)
  to   space 3584K, 0% used [0x00000000d6d00000,0x00000000d6d00000,0x00000000d7080000)
 ParOldGen       total 68608K, used 14592K [0x0000000080000000, 0x0000000084300000, 0x00000000d5580000)
  object space 68608K, 21% used [0x0000000080000000,0x0000000080e401a0,0x0000000084300000)
 Metaspace       used 34770K, committed 35712K, reserved 1114112K
  class space    used 3532K, committed 3904K, reserved 1048576K
}
Event: 26.462 GC heap after
{Heap after GC invocations=12 (full 1):
 PSYoungGen      total 24576K, used 1972K [0x00000000d5580000, 0x00000000d7100000, 0x0000000100000000)
  eden space 22528K, 0% used [0x00000000d5580000,0x00000000d5580000,0x00000000d6b80000)
  from space 2048K, 96% used [0x00000000d6d00000,0x00000000d6eed318,0x00000000d6f00000)
  to   space 2048K, 0% used [0x00000000d6f00000,0x00000000d6f00000,0x00000000d7100000)
 ParOldGen       total 68608K, used 17494K [0x0000000080000000, 0x0000000084300000, 0x00000000d5580000)
  object space 68608K, 25% used [0x0000000080000000,0x0000000081115948,0x0000000084300000)
 Metaspace       used 34770K, committed 35712K, reserved 1114112K
  class space    used 3532K, committed 3904K, reserved 1048576K
}
Event: 26.556 GC heap before
{Heap before GC invocations=13 (full 1):
 PSYoungGen      total 24576K, used 6696K [0x00000000d5580000, 0x00000000d7100000, 0x0000000100000000)
  eden space 22528K, 20% used [0x00000000d5580000,0x00000000d5a1cee8,0x00000000d6b80000)
  from space 2048K, 96% used [0x00000000d6d00000,0x00000000d6eed318,0x00000000d6f00000)
  to   space 2048K, 0% used [0x00000000d6f00000,0x00000000d6f00000,0x00000000d7100000)
 ParOldGen       total 68608K, used 17494K [0x0000000080000000, 0x0000000084300000, 0x00000000d5580000)
  object space 68608K, 25% used [0x0000000080000000,0x0000000081115948,0x0000000084300000)
 Metaspace       used 34879K, committed 35840K, reserved 1114112K
  class space    used 3552K, committed 3904K, reserved 1048576K
}
Event: 26.560 GC heap after
{Heap after GC invocations=13 (full 1):
 PSYoungGen      total 23040K, used 320K [0x00000000d5580000, 0x00000000d6f80000, 0x0000000100000000)
  eden space 22528K, 0% used [0x00000000d5580000,0x00000000d5580000,0x00000000d6b80000)
  from space 512K, 62% used [0x00000000d6f00000,0x00000000d6f50000,0x00000000d6f80000)
  to   space 1024K, 0% used [0x00000000d6d80000,0x00000000d6d80000,0x00000000d6e80000)
 ParOldGen       total 68608K, used 19368K [0x0000000080000000, 0x0000000084300000, 0x00000000d5580000)
  object space 68608K, 28% used [0x0000000080000000,0x00000000812ea038,0x0000000084300000)
 Metaspace       used 34879K, committed 35840K, reserved 1114112K
  class space    used 3552K, committed 3904K, reserved 1048576K
}
Event: 26.560 GC heap before
{Heap before GC invocations=14 (full 2):
 PSYoungGen      total 23040K, used 320K [0x00000000d5580000, 0x00000000d6f80000, 0x0000000100000000)
  eden space 22528K, 0% used [0x00000000d5580000,0x00000000d5580000,0x00000000d6b80000)
  from space 512K, 62% used [0x00000000d6f00000,0x00000000d6f50000,0x00000000d6f80000)
  to   space 1024K, 0% used [0x00000000d6d80000,0x00000000d6d80000,0x00000000d6e80000)
 ParOldGen       total 68608K, used 19368K [0x0000000080000000, 0x0000000084300000, 0x00000000d5580000)
  object space 68608K, 28% used [0x0000000080000000,0x00000000812ea038,0x0000000084300000)
 Metaspace       used 34879K, committed 35840K, reserved 1114112K
  class space    used 3552K, committed 3904K, reserved 1048576K
}
Event: 26.596 GC heap after
{Heap after GC invocations=14 (full 2):
 PSYoungGen      total 23040K, used 0K [0x00000000d5580000, 0x00000000d6f80000, 0x0000000100000000)
  eden space 22528K, 0% used [0x00000000d5580000,0x00000000d5580000,0x00000000d6b80000)
  from space 512K, 0% used [0x00000000d6f00000,0x00000000d6f00000,0x00000000d6f80000)
  to   space 1024K, 0% used [0x00000000d6d80000,0x00000000d6d80000,0x00000000d6e80000)
 ParOldGen       total 68608K, used 18270K [0x0000000080000000, 0x0000000084300000, 0x00000000d5580000)
  object space 68608K, 26% used [0x0000000080000000,0x00000000811d7870,0x0000000084300000)
 Metaspace       used 34879K, committed 35840K, reserved 1114112K
  class space    used 3552K, committed 3904K, reserved 1048576K
}
Event: 27.206 GC heap before
{Heap before GC invocations=15 (full 2):
 PSYoungGen      total 23040K, used 22528K [0x00000000d5580000, 0x00000000d6f80000, 0x0000000100000000)
  eden space 22528K, 100% used [0x00000000d5580000,0x00000000d6b80000,0x00000000d6b80000)
  from space 512K, 0% used [0x00000000d6f00000,0x00000000d6f00000,0x00000000d6f80000)
  to   space 1024K, 0% used [0x00000000d6d80000,0x00000000d6d80000,0x00000000d6e80000)
 ParOldGen       total 68608K, used 18270K [0x0000000080000000, 0x0000000084300000, 0x00000000d5580000)
  object space 68608K, 26% used [0x0000000080000000,0x00000000811d7870,0x0000000084300000)
 Metaspace       used 35195K, committed 36160K, reserved 1114112K
  class space    used 3621K, committed 4032K, reserved 1048576K
}
Event: 27.209 GC heap after
{Heap after GC invocations=15 (full 2):
 PSYoungGen      total 23040K, used 992K [0x00000000d5580000, 0x00000000d7000000, 0x0000000100000000)
  eden space 22016K, 0% used [0x00000000d5580000,0x00000000d5580000,0x00000000d6b00000)
  from space 1024K, 96% used [0x00000000d6d80000,0x00000000d6e78040,0x00000000d6e80000)
  to   space 1536K, 0% used [0x00000000d6e80000,0x00000000d6e80000,0x00000000d7000000)
 ParOldGen       total 68608K, used 19206K [0x0000000080000000, 0x0000000084300000, 0x00000000d5580000)
  object space 68608K, 27% used [0x0000000080000000,0x00000000812c1870,0x0000000084300000)
 Metaspace       used 35195K, committed 36160K, reserved 1114112K
  class space    used 3621K, committed 4032K, reserved 1048576K
}
Event: 27.707 GC heap before
{Heap before GC invocations=16 (full 2):
 PSYoungGen      total 23040K, used 23008K [0x00000000d5580000, 0x00000000d7000000, 0x0000000100000000)
  eden space 22016K, 100% used [0x00000000d5580000,0x00000000d6b00000,0x00000000d6b00000)
  from space 1024K, 96% used [0x00000000d6d80000,0x00000000d6e78040,0x00000000d6e80000)
  to   space 1536K, 0% used [0x00000000d6e80000,0x00000000d6e80000,0x00000000d7000000)
 ParOldGen       total 68608K, used 19206K [0x0000000080000000, 0x0000000084300000, 0x00000000d5580000)
  object space 68608K, 27% used [0x0000000080000000,0x00000000812c1870,0x0000000084300000)
 Metaspace       used 35562K, committed 36544K, reserved 1114112K
  class space    used 3672K, committed 4096K, reserved 1048576K
}
Event: 27.711 GC heap after
{Heap after GC invocations=16 (full 2):
 PSYoungGen      total 23552K, used 1506K [0x00000000d5580000, 0x00000000d7200000, 0x0000000100000000)
  eden space 22016K, 0% used [0x00000000d5580000,0x00000000d5580000,0x00000000d6b00000)
  from space 1536K, 98% used [0x00000000d6e80000,0x00000000d6ff8800,0x00000000d7000000)
  to   space 3584K, 0% used [0x00000000d6b00000,0x00000000d6b00000,0x00000000d6e80000)
 ParOldGen       total 68608K, used 20768K [0x0000000080000000, 0x0000000084300000, 0x00000000d5580000)
  object space 68608K, 30% used [0x0000000080000000,0x00000000814483a8,0x0000000084300000)
 Metaspace       used 35562K, committed 36544K, reserved 1114112K
  class space    used 3672K, committed 4096K, reserved 1048576K
}
Event: 27.887 GC heap before
{Heap before GC invocations=17 (full 2):
 PSYoungGen      total 23552K, used 23522K [0x00000000d5580000, 0x00000000d7200000, 0x0000000100000000)
  eden space 22016K, 100% used [0x00000000d5580000,0x00000000d6b00000,0x00000000d6b00000)
  from space 1536K, 98% used [0x00000000d6e80000,0x00000000d6ff8800,0x00000000d7000000)
  to   space 3584K, 0% used [0x00000000d6b00000,0x00000000d6b00000,0x00000000d6e80000)
 ParOldGen       total 68608K, used 20768K [0x0000000080000000, 0x0000000084300000, 0x00000000d5580000)
  object space 68608K, 30% used [0x0000000080000000,0x00000000814483a8,0x0000000084300000)
 Metaspace       used 35656K, committed 36608K, reserved 1114112K
  class space    used 3677K, committed 4096K, reserved 1048576K
}
Event: 27.892 GC heap after
{Heap after GC invocations=17 (full 2):
 PSYoungGen      total 24576K, used 2048K [0x00000000d5580000, 0x00000000d7000000, 0x0000000100000000)
  eden space 22016K, 0% used [0x00000000d5580000,0x00000000d5580000,0x00000000d6b00000)
  from space 2560K, 80% used [0x00000000d6b00000,0x00000000d6d00010,0x00000000d6d80000)
  to   space 2560K, 0% used [0x00000000d6d80000,0x00000000d6d80000,0x00000000d7000000)
 ParOldGen       total 68608K, used 22314K [0x0000000080000000, 0x0000000084300000, 0x00000000d5580000)
  object space 68608K, 32% used [0x0000000080000000,0x00000000815caba8,0x0000000084300000)
 Metaspace       used 35656K, committed 36608K, reserved 1114112K
  class space    used 3677K, committed 4096K, reserved 1048576K
}
Event: 28.311 GC heap before
{Heap before GC invocations=18 (full 2):
 PSYoungGen      total 24576K, used 24064K [0x00000000d5580000, 0x00000000d7000000, 0x0000000100000000)
  eden space 22016K, 100% used [0x00000000d5580000,0x00000000d6b00000,0x00000000d6b00000)
  from space 2560K, 80% used [0x00000000d6b00000,0x00000000d6d00010,0x00000000d6d80000)
  to   space 2560K, 0% used [0x00000000d6d80000,0x00000000d6d80000,0x00000000d7000000)
 ParOldGen       total 68608K, used 22314K [0x0000000080000000, 0x0000000084300000, 0x00000000d5580000)
  object space 68608K, 32% used [0x0000000080000000,0x00000000815caba8,0x0000000084300000)
 Metaspace       used 36070K, committed 37056K, reserved 1114112K
  class space    used 3708K, committed 4096K, reserved 1048576K
}
Event: 28.315 GC heap after
{Heap after GC invocations=18 (full 2):
 PSYoungGen      total 24064K, used 1760K [0x00000000d5580000, 0x00000000d6f80000, 0x0000000100000000)
  eden space 22016K, 0% used [0x00000000d5580000,0x00000000d5580000,0x00000000d6b00000)
  from space 2048K, 85% used [0x00000000d6d80000,0x00000000d6f38000,0x00000000d6f80000)
  to   space 2048K, 0% used [0x00000000d6b80000,0x00000000d6b80000,0x00000000d6d80000)
 ParOldGen       total 68608K, used 24258K [0x0000000080000000, 0x0000000084300000, 0x00000000d5580000)
  object space 68608K, 35% used [0x0000000080000000,0x00000000817b0bb8,0x0000000084300000)
 Metaspace       used 36070K, committed 37056K, reserved 1114112K
  class space    used 3708K, committed 4096K, reserved 1048576K
}
Event: 28.384 GC heap before
{Heap before GC invocations=19 (full 2):
 PSYoungGen      total 24064K, used 23776K [0x00000000d5580000, 0x00000000d6f80000, 0x0000000100000000)
  eden space 22016K, 100% used [0x00000000d5580000,0x00000000d6b00000,0x00000000d6b00000)
  from space 2048K, 85% used [0x00000000d6d80000,0x00000000d6f38000,0x00000000d6f80000)
  to   space 2048K, 0% used [0x00000000d6b80000,0x00000000d6b80000,0x00000000d6d80000)
 ParOldGen       total 68608K, used 24258K [0x0000000080000000, 0x0000000084300000, 0x00000000d5580000)
  object space 68608K, 35% used [0x0000000080000000,0x00000000817b0bb8,0x0000000084300000)
 Metaspace       used 36115K, committed 37056K, reserved 1114112K
  class space    used 3717K, committed 4096K, reserved 1048576K
}
Event: 28.389 GC heap after
{Heap after GC invocations=19 (full 2):
 PSYoungGen      total 24064K, used 2020K [0x00000000d5580000, 0x00000000d7300000, 0x0000000100000000)
  eden space 22016K, 0% used [0x00000000d5580000,0x00000000d5580000,0x00000000d6b00000)
  from space 2048K, 98% used [0x00000000d6b80000,0x00000000d6d79000,0x00000000d6d80000)
  to   space 4096K, 0% used [0x00000000d6f00000,0x00000000d6f00000,0x00000000d7300000)
 ParOldGen       total 68608K, used 25890K [0x0000000080000000, 0x0000000084300000, 0x00000000d5580000)
  object space 68608K, 37% used [0x0000000080000000,0x0000000081948bb8,0x0000000084300000)
 Metaspace       used 36115K, committed 37056K, reserved 1114112K
  class space    used 3717K, committed 4096K, reserved 1048576K
}
Event: 28.728 GC heap before
{Heap before GC invocations=20 (full 2):
 PSYoungGen      total 24064K, used 24036K [0x00000000d5580000, 0x00000000d7300000, 0x0000000100000000)
  eden space 22016K, 100% used [0x00000000d5580000,0x00000000d6b00000,0x00000000d6b00000)
  from space 2048K, 98% used [0x00000000d6b80000,0x00000000d6d79000,0x00000000d6d80000)
  to   space 4096K, 0% used [0x00000000d6f00000,0x00000000d6f00000,0x00000000d7300000)
 ParOldGen       total 68608K, used 25890K [0x0000000080000000, 0x0000000084300000, 0x00000000d5580000)
  object space 68608K, 37% used [0x0000000080000000,0x0000000081948bb8,0x0000000084300000)
 Metaspace       used 36480K, committed 37504K, reserved 1114112K
  class space    used 3745K, committed 4160K, reserved 1048576K
}
Event: 28.732 GC heap after
{Heap after GC invocations=20 (full 2):
 PSYoungGen      total 24064K, used 1792K [0x00000000d5580000, 0x00000000d7100000, 0x0000000100000000)
  eden space 22016K, 0% used [0x00000000d5580000,0x00000000d5580000,0x00000000d6b00000)
  from space 2048K, 87% used [0x00000000d6f00000,0x00000000d70c0010,0x00000000d7100000)
  to   space 2560K, 0% used [0x00000000d6c00000,0x00000000d6c00000,0x00000000d6e80000)
 ParOldGen       total 68608K, used 27795K [0x0000000080000000, 0x0000000084300000, 0x00000000d5580000)
  object space 68608K, 40% used [0x0000000080000000,0x0000000081b24cb8,0x0000000084300000)
 Metaspace       used 36480K, committed 37504K, reserved 1114112K
  class space    used 3745K, committed 4160K, reserved 1048576K
}
Event: 29.025 GC heap before
{Heap before GC invocations=21 (full 2):
 PSYoungGen      total 24064K, used 23808K [0x00000000d5580000, 0x00000000d7100000, 0x0000000100000000)
  eden space 22016K, 100% used [0x00000000d5580000,0x00000000d6b00000,0x00000000d6b00000)
  from space 2048K, 87% used [0x00000000d6f00000,0x00000000d70c0010,0x00000000d7100000)
  to   space 2560K, 0% used [0x00000000d6c00000,0x00000000d6c00000,0x00000000d6e80000)
 ParOldGen       total 68608K, used 27795K [0x0000000080000000, 0x0000000084300000, 0x00000000d5580000)
  object space 68608K, 40% used [0x0000000080000000,0x0000000081b24cb8,0x0000000084300000)
 Metaspace       used 36746K, committed 37696K, reserved 1114112K
  class space    used 3763K, committed 4160K, reserved 1048576K
}
Event: 31.045 GC heap after
{Heap after GC invocations=21 (full 2):
 PSYoungGen      total 25600K, used 1866K [0x00000000d5580000, 0x00000000d7800000, 0x0000000100000000)
  eden space 23040K, 0% used [0x00000000d5580000,0x00000000d5580000,0x00000000d6c00000)
  from space 2560K, 72% used [0x00000000d6c00000,0x00000000d6dd28e0,0x00000000d6e80000)
  to   space 2048K, 0% used [0x00000000d7600000,0x00000000d7600000,0x00000000d7800000)
 ParOldGen       total 68608K, used 29499K [0x0000000080000000, 0x0000000084300000, 0x00000000d5580000)
  object space 68608K, 42% used [0x0000000080000000,0x0000000081ccecc8,0x0000000084300000)
 Metaspace       used 36746K, committed 37696K, reserved 1114112K
  class space    used 3763K, committed 4160K, reserved 1048576K
}

Dll operation events (10 events):
Event: 1.656 Loaded shared library c:\Users\ELCOT\.vscode\extensions\redhat.java-1.55.0-win32-x64\jre\21.0.11-win32-x86_64\bin\java.dll
Event: 2.053 Loaded shared library c:\Users\ELCOT\.vscode\extensions\redhat.java-1.55.0-win32-x64\jre\21.0.11-win32-x86_64\bin\zip.dll
Event: 2.151 Loaded shared library C:\Users\ELCOT\.vscode\extensions\redhat.java-1.55.0-win32-x64\jre\21.0.11-win32-x86_64\bin\instrument.dll
Event: 2.752 Loaded shared library C:\Users\ELCOT\.vscode\extensions\redhat.java-1.55.0-win32-x64\jre\21.0.11-win32-x86_64\bin\net.dll
Event: 3.211 Loaded shared library C:\Users\ELCOT\.vscode\extensions\redhat.java-1.55.0-win32-x64\jre\21.0.11-win32-x86_64\bin\nio.dll
Event: 3.218 Loaded shared library C:\Users\ELCOT\.vscode\extensions\redhat.java-1.55.0-win32-x64\jre\21.0.11-win32-x86_64\bin\zip.dll
Event: 3.290 Loaded shared library C:\Users\ELCOT\.vscode\extensions\redhat.java-1.55.0-win32-x64\jre\21.0.11-win32-x86_64\bin\jimage.dll
Event: 4.189 Loaded shared library c:\Users\ELCOT\.vscode\extensions\redhat.java-1.55.0-win32-x64\jre\21.0.11-win32-x86_64\bin\verify.dll
Event: 9.532 Loaded shared library C:\Users\ELCOT\AppData\Roaming\Code\User\globalStorage\redhat.java\1.55.0\config_ss_win\org.eclipse.equinox.launcher\org.eclipse.equinox.launcher.win32.win32.x86_64_1.3.100.v20260613-0559\eclipse_11924.dll
Event: 12.296 Loaded shared library C:\Users\ELCOT\AppData\Local\Temp\jna-66053985\jna4069687587208633589.dll

Deoptimization events (20 events):
Event: 28.880 Thread 0x000001cc7d9884e0 DEOPT PACKING pc=0x000001cc07d4657c sp=0x00000031e3dfd5d0
Event: 28.880 Thread 0x000001cc7d9884e0 DEOPT UNPACKING pc=0x000001cc07583aa2 sp=0x00000031e3dfd5c0 mode 2
Event: 28.880 Thread 0x000001cc7d9884e0 Uncommon trap: trap_request=0xffffffbe fr.pc=0x000001cc07d4657c relative=0x000000000000337c
Event: 28.880 Thread 0x000001cc7d9884e0 Uncommon trap: reason=profile_predicate action=maybe_recompile pc=0x000001cc07d4657c method=org.eclipse.jdt.internal.core.util.DeduplicationUtil.intern(Ljava/util/List;)Ljava/util/List; @ 127 c2
Event: 28.880 Thread 0x000001cc7d9884e0 DEOPT PACKING pc=0x000001cc07d4657c sp=0x00000031e3dfd5d0
Event: 28.880 Thread 0x000001cc7d9884e0 DEOPT UNPACKING pc=0x000001cc07583aa2 sp=0x00000031e3dfd5c0 mode 2
Event: 28.880 Thread 0x000001cc7d9884e0 Uncommon trap: trap_request=0xffffffbe fr.pc=0x000001cc07d4657c relative=0x000000000000337c
Event: 28.880 Thread 0x000001cc7d9884e0 Uncommon trap: reason=profile_predicate action=maybe_recompile pc=0x000001cc07d4657c method=org.eclipse.jdt.internal.core.util.DeduplicationUtil.intern(Ljava/util/List;)Ljava/util/List; @ 127 c2
Event: 28.880 Thread 0x000001cc7d9884e0 DEOPT PACKING pc=0x000001cc07d4657c sp=0x00000031e3dfd5d0
Event: 28.880 Thread 0x000001cc7d9884e0 DEOPT UNPACKING pc=0x000001cc07583aa2 sp=0x00000031e3dfd5c0 mode 2
Event: 31.051 Thread 0x000001cc544299b0 DEOPT PACKING pc=0x000001cc00246a7b sp=0x00000031e4dfbd10
Event: 31.051 Thread 0x000001cc544299b0 DEOPT UNPACKING pc=0x000001cc07584242 sp=0x00000031e4dfb248 mode 0
Event: 31.127 Thread 0x000001cc5442a6d0 Uncommon trap: trap_request=0xffffff45 fr.pc=0x000001cc07ba2b2c relative=0x000000000000016c
Event: 31.127 Thread 0x000001cc5442a6d0 Uncommon trap: reason=unstable_if action=reinterpret pc=0x000001cc07ba2b2c method=java.util.concurrent.ConcurrentHashMap.addCount(JI)V @ 34 c2
Event: 31.127 Thread 0x000001cc5442a6d0 DEOPT PACKING pc=0x000001cc07ba2b2c sp=0x00000031e51f89d0
Event: 31.127 Thread 0x000001cc5442a6d0 DEOPT UNPACKING pc=0x000001cc07583aa2 sp=0x00000031e51f8910 mode 2
Event: 31.137 Thread 0x000001cc5442a6d0 Uncommon trap: trap_request=0xffffffde fr.pc=0x000001cc07ca8ecc relative=0x00000000000000ac
Event: 31.137 Thread 0x000001cc5442a6d0 Uncommon trap: reason=class_check action=maybe_recompile pc=0x000001cc07ca8ecc method=jdk.internal.util.StrongReferenceKey.equals(Ljava/lang/Object;)Z @ 1 c2
Event: 31.137 Thread 0x000001cc5442a6d0 DEOPT PACKING pc=0x000001cc07ca8ecc sp=0x00000031e51fd9f0
Event: 31.137 Thread 0x000001cc5442a6d0 DEOPT UNPACKING pc=0x000001cc07583aa2 sp=0x00000031e51fd978 mode 2

Classes loaded (20 events):
Event: 26.600 Loading class java/lang/invoke/MethodHandleImpl$Makers$1
Event: 26.600 Loading class java/lang/invoke/MethodHandleImpl$Makers$1 done
Event: 26.600 Loading class java/lang/invoke/MethodHandleImpl$Makers$2
Event: 26.600 Loading class java/lang/invoke/MethodHandleImpl$Makers$2 done
Event: 26.600 Loading class java/lang/invoke/MethodHandleImpl$Makers$3
Event: 26.601 Loading class java/lang/invoke/MethodHandleImpl$Makers$3 done
Event: 26.608 Loading class java/lang/runtime/ObjectMethods$1
Event: 26.609 Loading class java/lang/runtime/ObjectMethods$1 done
Event: 26.644 Loading class java/nio/channels/Channels$ReadableByteChannelImpl
Event: 26.644 Loading class java/nio/channels/Channels$ReadableByteChannelImpl done
Event: 26.645 Loading class java/nio/channels/NonWritableChannelException
Event: 26.645 Loading class java/nio/channels/NonWritableChannelException done
Event: 27.385 Loading class java/util/Vector$1
Event: 27.386 Loading class java/util/Vector$1 done
Event: 27.630 Loading class java/lang/invoke/MethodHandleImpl$CountingWrapper
Event: 27.630 Loading class java/lang/invoke/MethodHandleImpl$CountingWrapper done
Event: 28.738 Loading class java/lang/invoke/MethodHandleImpl$CountingWrapper$1
Event: 28.738 Loading class java/lang/invoke/MethodHandleImpl$CountingWrapper$1 done
Event: 28.810 Loading class java/util/regex/Pattern$Caret
Event: 28.810 Loading class java/util/regex/Pattern$Caret done

Classes unloaded (7 events):
Event: 14.382 Thread 0x000001cc73e01a40 Unloading class 0x000001cc1018d400 'java/lang/invoke/LambdaForm$MH+0x000001cc1018d400'
Event: 14.382 Thread 0x000001cc73e01a40 Unloading class 0x000001cc1018d000 'java/lang/invoke/LambdaForm$MH+0x000001cc1018d000'
Event: 14.382 Thread 0x000001cc73e01a40 Unloading class 0x000001cc1018cc00 'java/lang/invoke/LambdaForm$MH+0x000001cc1018cc00'
Event: 14.382 Thread 0x000001cc73e01a40 Unloading class 0x000001cc1018c800 'java/lang/invoke/LambdaForm$MH+0x000001cc1018c800'
Event: 14.382 Thread 0x000001cc73e01a40 Unloading class 0x000001cc1018c400 'java/lang/invoke/LambdaForm$BMH+0x000001cc1018c400'
Event: 14.382 Thread 0x000001cc73e01a40 Unloading class 0x000001cc1018c000 'java/lang/invoke/LambdaForm$DMH+0x000001cc1018c000'
Event: 14.382 Thread 0x000001cc73e01a40 Unloading class 0x000001cc1018ac00 'java/lang/invoke/LambdaForm$DMH+0x000001cc1018ac00'

Classes redefined (0 events):
No events

Internal exceptions (20 events):
Event: 24.841 Thread 0x000001cc7d9884e0 Exception <a 'java/io/FileNotFoundException'{0x00000000d57ff1d0}> (0x00000000d57ff1d0) 
thrown [s\src\hotspot\share\prims\jni.cpp, line 520]
Event: 24.841 Thread 0x000001cc7d9884e0 Exception <a 'java/io/FileNotFoundException'{0x00000000d58107e0}> (0x00000000d58107e0) 
thrown [s\src\hotspot\share\prims\jni.cpp, line 520]
Event: 24.845 Thread 0x000001cc7d9884e0 Exception <a 'java/io/FileNotFoundException'{0x00000000d5811800}> (0x00000000d5811800) 
thrown [s\src\hotspot\share\prims\jni.cpp, line 520]
Event: 26.192 Thread 0x000001cc7d9884e0 Implicit null exception at 0x000001cc07c3d3f7 to 0x000001cc07c3d668
Event: 26.192 Thread 0x000001cc7d9884e0 Exception <a 'java/lang/NoSuchMethodError'{0x00000000d6314660}: 'long java.lang.invoke.DirectMethodHandle$Holder.invokeStatic(java.lang.Object, java.lang.Object, int)'> (0x00000000d6314660) 
thrown [s\src\hotspot\share\interpreter\linkResolver.cpp, line 773]
Event: 26.194 Thread 0x000001cc7d9884e0 Exception <a 'java/lang/NoSuchMethodError'{0x00000000d6336ce8}: 'java.lang.Object java.lang.invoke.DelegatingMethodHandle$Holder.reinvoke_L(java.lang.Object, int, long, java.lang.Object, java.lang.Object, int, java.lang.Object)'> (0x00000000d6336ce8) 
thrown [s\src\hotspot\share\interpreter\linkResolver.cpp, line 773]
Event: 26.269 Thread 0x000001cc5442a6d0 Exception <a 'java/lang/LinkageError'{0x00000000d6569798}: loader lombok.launch.ShadowClassLoader @4b357179 attempted duplicate class definition for lombok.launch.PatchFixesHider$Transform. (lombok.launch.PatchFixesHider$Transform is in unnamed module of loader lombok.launch.ShadowClassLoader @4b357179, parent loader org.eclipse.osgi.internal.loader.EquinoxClassLoader @1c8acd31)> (0x00000000d6569798) 
thrown [s\src\hotspot\share\classfile\systemDictionary.cpp, line 1673]
Event: 26.269 Thread 0x000001cc544299b0 Exception <a 'java/lang/LinkageError'{0x00000000d6512d40}: loader lombok.launch.ShadowClassLoader @4b357179 attempted duplicate class definition for lombok.launch.PatchFixesHider$Transform. (lombok.launch.PatchFixesHider$Transform is in unnamed module of loader lombok.launch.ShadowClassLoader @4b357179, parent loader org.eclipse.osgi.internal.loader.EquinoxClassLoader @1c8acd31)> (0x00000000d6512d40) 
thrown [s\src\hotspot\share\classfile\systemDictionary.cpp, line 1673]
Event: 26.555 Thread 0x000001cc7d3ddaf0 Exception <a 'java/lang/NoSuchMethodError'{0x00000000d59fa3e8}: 'java.lang.Object java.lang.invoke.DirectMethodHandle$Holder.invokeStaticInit(java.lang.Object, java.lang.Object, java.lang.Object, java.lang.Object, java.lang.Object, java.lang.Object, java.lang.Object)'> (0x00000000d59fa3e8) 
thrown [s\src\hotspot\share\interpreter\linkResolver.cpp, line 773]
Event: 26.598 Thread 0x000001cc7d3ddaf0 Exception <a 'java/lang/NoSuchMethodError'{0x00000000d5581a10}: 'java.lang.Object java.lang.invoke.Invokers$Holder.invoke_MT(java.lang.Object, java.lang.Object, java.lang.Object, java.lang.Object, java.lang.Object, java.lang.Object, java.lang.Object, java.lang.Object, java.lang.Object, java.lang.Object)'> (0x00000000d5581a10) 
thrown [s\src\hotspot\share\interpreter\linkResolver.cpp, line 773]
Event: 26.609 Thread 0x000001cc7d3ddaf0 Exception <a 'java/lang/NoSuchMethodError'{0x00000000d566cfc0}: 'int java.lang.invoke.DirectMethodHandle$Holder.invokeStaticInit(java.lang.Object, int, int)'> (0x00000000d566cfc0) 
thrown [s\src\hotspot\share\interpreter\linkResolver.cpp, line 773]
Event: 26.611 Thread 0x000001cc7d3ddaf0 Exception <a 'java/lang/NoSuchMethodError'{0x00000000d568d2b8}: 'int java.lang.invoke.DirectMethodHandle$Holder.invokeStaticInit(java.lang.Object, long, long)'> (0x00000000d568d2b8) 
thrown [s\src\hotspot\share\interpreter\linkResolver.cpp, line 773]
Event: 26.616 Thread 0x000001cc7d3ddaf0 Exception <a 'java/lang/NoSuchMethodError'{0x00000000d5694000}: 'int java.lang.invoke.DirectMethodHandle$Holder.invokeStaticInit(java.lang.Object, float, float)'> (0x00000000d5694000) 
thrown [s\src\hotspot\share\interpreter\linkResolver.cpp, line 773]
Event: 26.617 Thread 0x000001cc7d3ddaf0 Exception <a 'java/lang/NoSuchMethodError'{0x00000000d5708710}: 'int java.lang.invoke.DirectMethodHandle$Holder.invokeStaticInit(java.lang.Object, double, double)'> (0x00000000d5708710) 
thrown [s\src\hotspot\share\interpreter\linkResolver.cpp, line 773]
Event: 26.622 Thread 0x000001cc7d3ddaf0 Exception <a 'java/lang/NoSuchMethodError'{0x00000000d5724810}: 'int java.lang.invoke.DirectMethodHandle$Holder.invokeStatic(java.lang.Object, long)'> (0x00000000d5724810) 
thrown [s\src\hotspot\share\interpreter\linkResolver.cpp, line 773]
Event: 26.632 Thread 0x000001cc7d3ddaf0 Exception <a 'java/lang/NoSuchMethodError'{0x00000000d57c8b28}: 'int java.lang.invoke.Invokers$Holder.linkToTargetMethod(java.lang.Object, java.lang.Object)'> (0x00000000d57c8b28) 
thrown [s\src\hotspot\share\interpreter\linkResolver.cpp, line 773]
Event: 27.624 Thread 0x000001cc7d9884e0 Exception <a 'java/lang/NoSuchMethodError'{0x00000000d558a2f0}: 'int java.lang.invoke.DirectMethodHandle$Holder.invokeSpecial(java.lang.Object, java.lang.Object, java.lang.Object, java.lang.Object)'> (0x00000000d558a2f0) 
thrown [s\src\hotspot\share\interpreter\linkResolver.cpp, line 773]
Event: 27.629 Thread 0x000001cc7d9884e0 Exception <a 'java/lang/NoSuchMethodError'{0x00000000d689dee0}: 'java.lang.Object java.lang.invoke.DirectMethodHandle$Holder.invokeStatic(java.lang.Object, int, java.lang.Object, java.lang.Object)'> (0x00000000d689dee0) 
thrown [s\src\hotspot\share\interpreter\linkResolver.cpp, line 773]
Event: 27.629 Thread 0x000001cc7d9884e0 Exception <a 'java/lang/NoSuchMethodError'{0x00000000d68a1990}: 'java.lang.Object java.lang.invoke.DelegatingMethodHandle$Holder.delegate(java.lang.Object, int, java.lang.Object, java.lang.Object)'> (0x00000000d68a1990) 
thrown [s\src\hotspot\share\interpreter\linkResolver.cpp, line 773]
Event: 27.633 Thread 0x000001cc7d9884e0 Exception <a 'java/lang/NoSuchMethodError'{0x00000000d68b5ac0}: 'int java.lang.invoke.Invokers$Holder.linkToTargetMethod(java.lang.Object, java.lang.Object, java.lang.Object)'> (0x00000000d68b5ac0) 
thrown [s\src\hotspot\share\interpreter\linkResolver.cpp, line 773]

ZGC Phase Switch (0 events):
No events

VM Operations (20 events):
Event: 26.452 Executing safepoint VM operation: ParallelGCFailedAllocation (Allocation Failure)
Event: 26.462 Executing safepoint VM operation: ParallelGCFailedAllocation (Allocation Failure) done
Event: 26.556 Executing safepoint VM operation: CollectForMetadataAllocation (Metadata GC Threshold)
Event: 26.596 Executing safepoint VM operation: CollectForMetadataAllocation (Metadata GC Threshold) done
Event: 27.206 Executing safepoint VM operation: ParallelGCFailedAllocation (Allocation Failure)
Event: 27.209 Executing safepoint VM operation: ParallelGCFailedAllocation (Allocation Failure) done
Event: 27.684 Executing safepoint VM operation: ParallelGCFailedAllocation (Allocation Failure)
Event: 27.711 Executing safepoint VM operation: ParallelGCFailedAllocation (Allocation Failure) done
Event: 27.887 Executing safepoint VM operation: ParallelGCFailedAllocation (Allocation Failure)
Event: 27.892 Executing safepoint VM operation: ParallelGCFailedAllocation (Allocation Failure) done
Event: 28.311 Executing safepoint VM operation: ParallelGCFailedAllocation (Allocation Failure)
Event: 28.315 Executing safepoint VM operation: ParallelGCFailedAllocation (Allocation Failure) done
Event: 28.384 Executing safepoint VM operation: ParallelGCFailedAllocation (Allocation Failure)
Event: 28.389 Executing safepoint VM operation: ParallelGCFailedAllocation (Allocation Failure) done
Event: 28.728 Executing safepoint VM operation: ParallelGCFailedAllocation (Allocation Failure)
Event: 28.732 Executing safepoint VM operation: ParallelGCFailedAllocation (Allocation Failure) done
Event: 29.024 Executing safepoint VM operation: ParallelGCFailedAllocation (Allocation Failure)
Event: 31.045 Executing safepoint VM operation: ParallelGCFailedAllocation (Allocation Failure) done
Event: 32.047 Executing safepoint VM operation: Cleanup
Event: 32.047 Executing safepoint VM operation: Cleanup done

Memory protections (0 events):
No events

Nmethod flushes (20 events):
Event: 26.581 Thread 0x000001cc73e01a40 flushing  nmethod 0x000001cc00365710
Event: 26.581 Thread 0x000001cc73e01a40 flushing  nmethod 0x000001cc00457090
Event: 26.581 Thread 0x000001cc73e01a40 flushing  nmethod 0x000001cc00457a90
Event: 26.581 Thread 0x000001cc73e01a40 flushing  nmethod 0x000001cc0045c990
Event: 26.581 Thread 0x000001cc73e01a40 flushing  nmethod 0x000001cc00484b10
Event: 26.581 Thread 0x000001cc73e01a40 flushing  nmethod 0x000001cc00484e90
Event: 26.581 Thread 0x000001cc73e01a40 flushing  nmethod 0x000001cc00485310
Event: 26.581 Thread 0x000001cc73e01a40 flushing  nmethod 0x000001cc00488c10
Event: 26.581 Thread 0x000001cc73e01a40 flushing  nmethod 0x000001cc0048d490
Event: 26.581 Thread 0x000001cc73e01a40 flushing  nmethod 0x000001cc0048e090
Event: 26.581 Thread 0x000001cc73e01a40 flushing  nmethod 0x000001cc0048ee10
Event: 26.581 Thread 0x000001cc73e01a40 flushing  nmethod 0x000001cc00490490
Event: 26.581 Thread 0x000001cc73e01a40 flushing  nmethod 0x000001cc004ab510
Event: 26.581 Thread 0x000001cc73e01a40 flushing  nmethod 0x000001cc004b9510
Event: 26.581 Thread 0x000001cc73e01a40 flushing  nmethod 0x000001cc004bbe90
Event: 26.581 Thread 0x000001cc73e01a40 flushing  nmethod 0x000001cc004bdd10
Event: 26.581 Thread 0x000001cc73e01a40 flushing  nmethod 0x000001cc004fb210
Event: 26.581 Thread 0x000001cc73e01a40 flushing  nmethod 0x000001cc004fbe90
Event: 26.581 Thread 0x000001cc73e01a40 flushing  nmethod 0x000001cc004fc810
Event: 26.581 Thread 0x000001cc73e01a40 flushing  nmethod 0x000001cc00514f10

Events (20 events):
Event: 19.162 Thread 0x000001cc73ea9d50 Thread added: 0x000001cc54425ea0
Event: 19.365 Thread 0x000001cc7d9884e0 Thread added: 0x000001cc54423740
Event: 19.484 Thread 0x000001cc73ea9d50 Thread added: 0x000001cc5442a040
Event: 19.484 Thread 0x000001cc73ea9d50 Thread added: 0x000001cc544299b0
Event: 24.202 Thread 0x000001cc544299b0 Thread added: 0x000001cc54426bc0
Event: 24.346 Thread 0x000001cc7d3ddaf0 Thread added: 0x000001cc5442a6d0
Event: 24.358 Thread 0x000001cc5442a6d0 Thread exited: 0x000001cc5442a6d0
Event: 24.398 Thread 0x000001cc73e45c50 Thread added: 0x000001cc543362f0
Event: 24.412 Thread 0x000001cc543362f0 Thread added: 0x000001cc54337750
Event: 24.503 Thread 0x000001cc544299b0 Thread added: 0x000001cc5442a6d0
Event: 24.595 Thread 0x000001cc7d3ddaf0 Thread added: 0x000001cc54427250
Event: 24.730 Thread 0x000001cc54337750 Thread exited: 0x000001cc54337750
Event: 26.165 Thread 0x000001cc73e45c50 Thread added: 0x000001cc7e55e850
Event: 27.081 Thread 0x000001cc7e55e850 Thread exited: 0x000001cc7e55e850
Event: 27.081 Thread 0x000001cc543362f0 Thread exited: 0x000001cc543362f0
Event: 27.178 Thread 0x000001cc73e2ed10 Thread added: 0x000001cc543362f0
Event: 27.198 Thread 0x000001cc73e45c50 Thread added: 0x000001cc7e55e850
Event: 28.172 Thread 0x000001cc7e55e850 Thread exited: 0x000001cc7e55e850
Event: 28.195 Thread 0x000001cc543362f0 Thread exited: 0x000001cc543362f0
Event: 28.532 Thread 0x000001cc73e45c50 Thread added: 0x000001cc7db0e2f0


Dynamic libraries:
0x00007ff7be5b0000 - 0x00007ff7be5be000 	c:\Users\ELCOT\.vscode\extensions\redhat.java-1.55.0-win32-x64\jre\21.0.11-win32-x86_64\bin\java.exe
0x00007ffe603a0000 - 0x00007ffe60606000 	C:\WINDOWS\SYSTEM32\ntdll.dll
0x00007ffe5f910000 - 0x00007ffe5f9d9000 	C:\WINDOWS\System32\KERNEL32.DLL
0x00007ffe5d930000 - 0x00007ffe5dd2f000 	C:\WINDOWS\System32\KERNELBASE.dll
0x00007ffe5dd40000 - 0x00007ffe5de8c000 	C:\WINDOWS\System32\ucrtbase.dll
0x00007ffe4b5b0000 - 0x00007ffe4b5ce000 	c:\Users\ELCOT\.vscode\extensions\redhat.java-1.55.0-win32-x64\jre\21.0.11-win32-x86_64\bin\VCRUNTIME140.dll
0x00007ffe48c00000 - 0x00007ffe48c18000 	c:\Users\ELCOT\.vscode\extensions\redhat.java-1.55.0-win32-x64\jre\21.0.11-win32-x86_64\bin\jli.dll
0x00007ffe5f560000 - 0x00007ffe5f726000 	C:\WINDOWS\System32\USER32.dll
0x00007ffe5e0a0000 - 0x00007ffe5e0c7000 	C:\WINDOWS\System32\win32u.dll
0x00007ffe5e810000 - 0x00007ffe5e83b000 	C:\WINDOWS\System32\GDI32.dll
0x00007ffe5d5b0000 - 0x00007ffe5d6d9000 	C:\WINDOWS\System32\gdi32full.dll
0x00007ffe42d90000 - 0x00007ffe43021000 	C:\WINDOWS\WinSxS\amd64_microsoft.windows.common-controls_6595b64144ccf1df_6.0.26100.8972_none_3e0da176e32f9d4b\COMCTL32.dll
0x00007ffe5dff0000 - 0x00007ffe5e093000 	C:\WINDOWS\System32\msvcp_win.dll
0x00007ffe5f060000 - 0x00007ffe5f109000 	C:\WINDOWS\System32\msvcrt.dll
0x00007ffe5f020000 - 0x00007ffe5f052000 	C:\WINDOWS\System32\IMM32.DLL
0x00007ffe506e0000 - 0x00007ffe506ec000 	c:\Users\ELCOT\.vscode\extensions\redhat.java-1.55.0-win32-x64\jre\21.0.11-win32-x86_64\bin\vcruntime140_1.dll
0x00007ffde1890000 - 0x00007ffde191d000 	c:\Users\ELCOT\.vscode\extensions\redhat.java-1.55.0-win32-x64\jre\21.0.11-win32-x86_64\bin\msvcp140.dll
0x00007ffd61ac0000 - 0x00007ffd62862000 	c:\Users\ELCOT\.vscode\extensions\redhat.java-1.55.0-win32-x64\jre\21.0.11-win32-x86_64\bin\server\jvm.dll
0x00007ffe5f420000 - 0x00007ffe5f4dc000 	C:\WINDOWS\System32\ADVAPI32.dll
0x00007ffe5ef50000 - 0x00007ffe5effa000 	C:\WINDOWS\System32\sechost.dll
0x00007ffe5e0d0000 - 0x00007ffe5e1e8000 	C:\WINDOWS\System32\RPCRT4.dll
0x00007ffe5f390000 - 0x00007ffe5f412000 	C:\WINDOWS\System32\WS2_32.dll
0x00007ffe5d410000 - 0x00007ffe5d46e000 	C:\WINDOWS\SYSTEM32\POWRPROF.dll
0x00007ffe52940000 - 0x00007ffe5294b000 	C:\WINDOWS\SYSTEM32\VERSION.dll
0x00007ffe52a20000 - 0x00007ffe52a56000 	C:\WINDOWS\SYSTEM32\WINMM.dll
0x00007ffe5d3f0000 - 0x00007ffe5d405000 	C:\WINDOWS\SYSTEM32\UMPDC.dll
0x00007ffe5c2a0000 - 0x00007ffe5c2bb000 	C:\WINDOWS\SYSTEM32\kernel.appcore.dll
0x00007ffe4ee70000 - 0x00007ffe4ee7a000 	c:\Users\ELCOT\.vscode\extensions\redhat.java-1.55.0-win32-x64\jre\21.0.11-win32-x86_64\bin\jimage.dll
0x00007ffe5aac0000 - 0x00007ffe5ad02000 	C:\WINDOWS\SYSTEM32\DBGHELP.DLL
0x00007ffe5e1f0000 - 0x00007ffe5e575000 	C:\WINDOWS\System32\combase.dll
0x00007ffe5f110000 - 0x00007ffe5f1e9000 	C:\WINDOWS\System32\OLEAUT32.dll
0x00007ffe44ac0000 - 0x00007ffe44afb000 	C:\WINDOWS\SYSTEM32\dbgcore.DLL
0x00007ffe5df30000 - 0x00007ffe5dfdc000 	C:\WINDOWS\System32\bcryptPrimitives.dll
0x00007ffe4b9d0000 - 0x00007ffe4b9df000 	c:\Users\ELCOT\.vscode\extensions\redhat.java-1.55.0-win32-x64\jre\21.0.11-win32-x86_64\bin\instrument.dll
0x00007ffe47210000 - 0x00007ffe47230000 	c:\Users\ELCOT\.vscode\extensions\redhat.java-1.55.0-win32-x64\jre\21.0.11-win32-x86_64\bin\java.dll
0x00007ffe5f9e0000 - 0x00007ffe60168000 	C:\WINDOWS\System32\SHELL32.dll
0x00007ffe5b060000 - 0x00007ffe5b8fb000 	C:\WINDOWS\SYSTEM32\windows.storage.dll
0x00007ffe5e9b0000 - 0x00007ffe5eaa9000 	C:\WINDOWS\System32\SHCORE.dll
0x00007ffe5f4f0000 - 0x00007ffe5f556000 	C:\WINDOWS\System32\shlwapi.dll
0x00007ffe5d4d0000 - 0x00007ffe5d4f9000 	C:\WINDOWS\SYSTEM32\profapi.dll
0x00007ffe46f30000 - 0x00007ffe46f48000 	c:\Users\ELCOT\.vscode\extensions\redhat.java-1.55.0-win32-x64\jre\21.0.11-win32-x86_64\bin\zip.dll
0x00007ffe49180000 - 0x00007ffe49190000 	C:\Users\ELCOT\.vscode\extensions\redhat.java-1.55.0-win32-x64\jre\21.0.11-win32-x86_64\bin\net.dll
0x00007ffe50cc0000 - 0x00007ffe50de8000 	C:\WINDOWS\SYSTEM32\WINHTTP.dll
0x00007ffe5c850000 - 0x00007ffe5c8bc000 	C:\WINDOWS\system32\mswsock.dll
0x00007ffe33380000 - 0x00007ffe33396000 	C:\Users\ELCOT\.vscode\extensions\redhat.java-1.55.0-win32-x64\jre\21.0.11-win32-x86_64\bin\nio.dll
0x00007ffe47200000 - 0x00007ffe47210000 	c:\Users\ELCOT\.vscode\extensions\redhat.java-1.55.0-win32-x64\jre\21.0.11-win32-x86_64\bin\verify.dll
0x00007ffde4c30000 - 0x00007ffde4c75000 	C:\Users\ELCOT\AppData\Roaming\Code\User\globalStorage\redhat.java\1.55.0\config_ss_win\org.eclipse.equinox.launcher\org.eclipse.equinox.launcher.win32.win32.x86_64_1.3.100.v20260613-0559\eclipse_11924.dll
0x00007ffe5f1f0000 - 0x00007ffe5f389000 	C:\WINDOWS\System32\ole32.dll
0x00007ffe5cb60000 - 0x00007ffe5cb7b000 	C:\WINDOWS\SYSTEM32\CRYPTSP.dll
0x00007ffe5c200000 - 0x00007ffe5c239000 	C:\WINDOWS\system32\rsaenh.dll
0x00007ffe5c900000 - 0x00007ffe5c932000 	C:\WINDOWS\SYSTEM32\USERENV.dll
0x00007ffe5d4a0000 - 0x00007ffe5d4ca000 	C:\WINDOWS\SYSTEM32\bcrypt.dll
0x00007ffe5cb40000 - 0x00007ffe5cb4c000 	C:\WINDOWS\SYSTEM32\CRYPTBASE.dll
0x00007ffe5bc50000 - 0x00007ffe5bc83000 	C:\WINDOWS\SYSTEM32\IPHLPAPI.DLL
0x00007ffe5f010000 - 0x00007ffe5f01a000 	C:\WINDOWS\System32\NSI.dll
0x00007ffde4910000 - 0x00007ffde4959000 	C:\Users\ELCOT\AppData\Local\Temp\jna-66053985\jna4069687587208633589.dll
0x00007ffe5f000000 - 0x00007ffe5f008000 	C:\WINDOWS\System32\PSAPI.DLL
0x00007ffe521b0000 - 0x00007ffe521cd000 	C:\WINDOWS\SYSTEM32\dhcpcsvc6.DLL
0x00007ffe52180000 - 0x00007ffe521a5000 	C:\WINDOWS\SYSTEM32\dhcpcsvc.DLL

JVMTI agents:
c:\Users\ELCOT\.vscode\extensions\redhat.java-1.55.0-win32-x64\lombok\lombok-1.18.39-4050.jar path:c:\Users\ELCOT\.vscode\extensions\redhat.java-1.55.0-win32-x64\jre\21.0.11-win32-x86_64\bin\instrument.dll, loaded, initialized, instrumentlib options:none

dbghelp: loaded successfully - version: 4.0.5 - missing functions: none
symbol engine: initialized successfully - sym options: 0x614 - pdb path: .;c:\Users\ELCOT\.vscode\extensions\redhat.java-1.55.0-win32-x64\jre\21.0.11-win32-x86_64\bin;C:\WINDOWS\SYSTEM32;C:\WINDOWS\WinSxS\amd64_microsoft.windows.common-controls_6595b64144ccf1df_6.0.26100.8972_none_3e0da176e32f9d4b;c:\Users\ELCOT\.vscode\extensions\redhat.java-1.55.0-win32-x64\jre\21.0.11-win32-x86_64\bin\server;C:\Users\ELCOT\AppData\Roaming\Code\User\globalStorage\redhat.java\1.55.0\config_ss_win\org.eclipse.equinox.launcher\org.eclipse.equinox.launcher.win32.win32.x86_64_1.3.100.v20260613-0559;C:\Users\ELCOT\AppData\Local\Temp\jna-66053985

VM Arguments:
jvm_args: --add-modules=ALL-SYSTEM --add-opens=java.base/java.util=ALL-UNNAMED --add-opens=java.base/java.lang=ALL-UNNAMED --add-opens=java.base/sun.nio.fs=ALL-UNNAMED -Declipse.application=org.eclipse.jdt.ls.core.id1 -Dosgi.bundles.defaultStartLevel=4 -Declipse.product=org.eclipse.jdt.ls.core.product -Djava.import.generatesMetadataFilesAtProjectRoot=false -DDetectVMInstallationsJob.disabled=true -Dfile.encoding=utf8 -XX:+UseParallelGC -XX:GCTimeRatio=4 -XX:AdaptiveSizePolicyWeight=90 -Dsun.zip.disableMemoryMapping=true -Xmx2G -Xms100m -Xlog:disable -javaagent:c:\Users\ELCOT\.vscode\extensions\redhat.java-1.55.0-win32-x64\lombok\lombok-1.18.39-4050.jar 
java_command: c:\Users\ELCOT\.vscode\extensions\redhat.java-1.55.0-win32-x64\server\plugins\org.eclipse.equinox.launcher_1.7.200.v20260619-2039.jar -configuration c:\Users\ELCOT\AppData\Roaming\Code\User\globalStorage\redhat.java\1.55.0\config_ss_win -data c:\Users\ELCOT\AppData\Roaming\Code\User\workspaceStorage\33c856eb9b3785cc22fb892d4b482477\redhat.java\ss_ws --pipe=\\.\pipe\lsp-9deea5a20ee9501098ce32c2e9b317d2-sock
java_class_path (initial): c:\Users\ELCOT\.vscode\extensions\redhat.java-1.55.0-win32-x64\server\plugins\org.eclipse.equinox.launcher_1.7.200.v20260619-2039.jar
Launcher Type: SUN_STANDARD

[Global flags]
    uintx AdaptiveSizePolicyWeight                 = 90                                        {product} {command line}
     intx CICompilerCount                          = 4                                         {product} {ergonomic}
    uintx GCTimeRatio                              = 4                                         {product} {command line}
   size_t InitialHeapSize                          = 104857600                                 {product} {command line}
   size_t MaxHeapSize                              = 2147483648                                {product} {command line}
   size_t MaxNewSize                               = 715653120                                 {product} {ergonomic}
   size_t MinHeapDeltaBytes                        = 524288                                    {product} {ergonomic}
   size_t MinHeapSize                              = 104857600                                 {product} {command line}
   size_t NewSize                                  = 34603008                                  {product} {ergonomic}
    uintx NonNMethodCodeHeapSize                   = 5839372                                {pd product} {ergonomic}
    uintx NonProfiledCodeHeapSize                  = 122909434                              {pd product} {ergonomic}
   size_t OldSize                                  = 70254592                                  {product} {ergonomic}
    uintx ProfiledCodeHeapSize                     = 122909434                              {pd product} {ergonomic}
    uintx ReservedCodeCacheSize                    = 251658240                              {pd product} {ergonomic}
     bool SegmentedCodeCache                       = true                                      {product} {ergonomic}
   size_t SoftMaxHeapSize                          = 2147483648                             {manageable} {ergonomic}
     bool UseCompressedOops                        = true                           {product lp64_product} {ergonomic}
     bool UseLargePagesIndividualAllocation        = false                                  {pd product} {ergonomic}
     bool UseParallelGC                            = true                                      {product} {command line}

Logging:
Log output configuration:
 #0: stdout all=off uptime,level,tags foldmultilines=false
 #1: stderr all=off uptime,level,tags foldmultilines=false

Release file:
JAVA_VERSION="21.0.11" 
MODULES="java.base java.compiler java.datatransfer java.xml java.prefs java.desktop java.instrument java.logging java.management java.security.sasl java.naming java.rmi java.management.rmi java.net.http java.scripting java.security.jgss java.transaction.xa java.sql java.sql.rowset java.xml.crypto java.se java.smartcardio jdk.accessibility jdk.internal.jvmstat jdk.attach jdk.charsets jdk.internal.opt jdk.zipfs jdk.compiler jdk.crypto.ec jdk.crypto.cryptoki jdk.crypto.mscapi jdk.dynalink jdk.internal.ed jdk.editpad jdk.hotspot.agent jdk.httpserver jdk.internal.le jdk.internal.vm.ci jdk.internal.vm.compiler jdk.internal.vm.compiler.management jdk.jartool jdk.javadoc jdk.jcmd jdk.management jdk.management.agent jdk.jconsole jdk.jdeps jdk.jdwp.agent jdk.jdi jdk.jfr jdk.jshell jdk.jsobject jdk.jstatd jdk.localedata jdk.management.jfr jdk.naming.dns jdk.naming.rmi jdk.net jdk.nio.mapmode jdk.random jdk.sctp jdk.security.auth jdk.security.jgss jdk.unsupported jdk.unsupported.desktop jdk.xml.dom" 

Environment Variables:
PATH=C:\Program Files\Common Files\Oracle\Java\javapath;C:\WINDOWS\system32;C:\WINDOWS;C:\WINDOWS\System32\Wbem;C:\WINDOWS\System32\WindowsPowerShell\v1.0\;C:\WINDOWS\System32\OpenSSH\;C:\Program Files\dotnet\;C:\Program Files\Java\jdk-26.0.2\bin;C:\Program Files\Java\jdk-21.0.12\bin;D:\Java_project;C:\Program Files\nodejs\;C:\Program Files\Git\cmd;C:\Users\ELCOT\AppData\Local\Programs\Python\Python313\Scripts\;C:\Users\ELCOT\AppData\Local\Programs\Python\Python313\;C:\Users\ELCOT\.local\bin;C:\Users\ELCOT\AppData\Local\Microsoft\WindowsApps;C:\Program Files\Java\jdk-26.0.2\bin;C:\Program Files\Java\jdk-21.0.12\bin;C:\Users\ELCOT\AppData\Local\Programs\Microsoft VS Code\bin;D:\Java_project;C:\Users\ELCOT\AppData\Local\Programs\Antigravity IDE\bin;C:\Users\ELCOT\AppData\Roaming\npm
USERNAME=ELCOT
OS=Windows_NT
PROCESSOR_IDENTIFIER=AMD64 Family 23 Model 160 Stepping 0, AuthenticAMD
TMP=C:\Users\ELCOT\AppData\Local\Temp
TEMP=C:\Users\ELCOT\AppData\Local\Temp




Periodic native trim disabled

---------------  S Y S T E M  ---------------

OS:
 Windows 11 , 64 bit Build 26100 (10.0.26100.9168)
OS uptime: 1 days 13:25 hours
Hyper-V role detected

CPU: total 8 (initial active 8) (8 cores per cpu, 2 threads per core) family 23 model 160 stepping 0 microcode 0x8a0000a, cx8, cmov, fxsr, ht, mmx, 3dnowpref, sse, sse2, sse3, ssse3, sse4a, sse4.1, sse4.2, popcnt, lzcnt, tsc, tscinvbit, avx, avx2, aes, clmul, bmi1, bmi2, adx, sha, fma, vzeroupper, clflush, clflushopt, hv, rdtscp, rdpid, f16c
Processor Information for the first 8 processors :
  Max Mhz: 2401, Current Mhz: 2401, Mhz Limit: 2401

Memory: 4k page, system-wide physical 7379M (854M free)
TotalPageFile size 26373M (AvailPageFile size 2M)
current process WorkingSet (physical memory assigned to process): 174M, peak: 182M
current process commit charge ("private bytes"): 314M, peak: 320M

vm_info: OpenJDK 64-Bit Server VM (21.0.11+10-LTS) for windows-amd64 JRE (21.0.11+10-LTS), built on 2026-04-21T00:00:00Z by "admin" with MS VC++ 17.12 (VS2022)

END.
