#
# There is insufficient memory for the Java Runtime Environment to continue.
# Native memory allocation (malloc) failed to allocate 328080 bytes. Error detail: Chunk::new
# Possible reasons:
#   The system is out of physical RAM or swap space
#   This process is running with CompressedOops enabled, and the Java Heap may be blocking the growth of the native heap
# Possible solutions:
#   Reduce memory load on the system
#   Increase physical memory or swap space
#   Check if swap backing store is full
#   Decrease Java heap size (-Xmx/-Xms)
#   Decrease number of Java threads
#   Decrease Java thread stack sizes (-Xss)
#   Set larger code cache with -XX:ReservedCodeCacheSize=
#   JVM is running with Unscaled Compressed Oops mode in which the Java heap is
#     placed in the first 4GB address space. The Java Heap base address is the
#     maximum limit for the native heap growth. Please use -XX:HeapBaseMinAddress
#     to set the Java Heap base and to place the Java Heap above 4GB virtual address.
# This output file may be truncated or incomplete.
#
#  Out of Memory Error (arena.cpp:168), pid=19800, tid=23164
#
# JRE version: OpenJDK Runtime Environment Temurin-21.0.11+10 (21.0.11+10) (build 21.0.11+10-LTS)
# Java VM: OpenJDK 64-Bit Server VM Temurin-21.0.11+10 (21.0.11+10-LTS, mixed mode, sharing, tiered, compressed oops, compressed class ptrs, parallel gc, windows-amd64)
# No core dump will be written. Minidumps are not enabled by default on client versions of Windows
#

---------------  S U M M A R Y ------------

Command Line: --add-modules=ALL-SYSTEM --add-opens=java.base/java.util=ALL-UNNAMED --add-opens=java.base/java.lang=ALL-UNNAMED --add-opens=java.base/sun.nio.fs=ALL-UNNAMED -Declipse.application=org.eclipse.jdt.ls.core.id1 -Dosgi.bundles.defaultStartLevel=4 -Declipse.product=org.eclipse.jdt.ls.core.product -Djava.import.generatesMetadataFilesAtProjectRoot=false -DDetectVMInstallationsJob.disabled=true -Dfile.encoding=utf8 -XX:+UseParallelGC -XX:GCTimeRatio=4 -XX:AdaptiveSizePolicyWeight=90 -Dsun.zip.disableMemoryMapping=true -Xmx2G -Xms100m -Xlog:disable -javaagent:c:\Users\ELCOT\.vscode\extensions\redhat.java-1.55.0-win32-x64\lombok\lombok-1.18.39-4050.jar -XX:+HeapDumpOnOutOfMemoryError -XX:HeapDumpPath=c:\Users\ELCOT\AppData\Roaming\Code\User\workspaceStorage\33c856eb9b3785cc22fb892d4b482477\redhat.java -Daether.dependencyCollector.impl=bf c:\Users\ELCOT\.vscode\extensions\redhat.java-1.55.0-win32-x64\server\plugins\org.eclipse.equinox.launcher_1.7.200.v20260619-2039.jar -configuration c:\Users\ELCOT\AppData\Roaming\Code\User\globalStorage\redhat.java\1.55.0\config_win -data c:\Users\ELCOT\AppData\Roaming\Code\User\workspaceStorage\33c856eb9b3785cc22fb892d4b482477\redhat.java\jdt_ws --pipe=\\.\pipe\lsp-430654e5375b08450cb20c8ebf6636b3-sock

Host: AMD Ryzen 3 7320U with Radeon Graphics         , 8 cores, 7G,  Windows 11 , 64 bit Build 26100 (10.0.26100.9168)
Time: Tue Sep  1 08:55:25 2026 India Standard Time elapsed time: 12.766827 seconds (0d 0h 0m 12s)

---------------  T H R E A D  ---------------

Current thread (0x00000200fd255ee0):  JavaThread "C2 CompilerThread0" daemon [_thread_in_native, id=23164, stack(0x000000b43ce00000,0x000000b43cf00000) (1024K)]


Current CompileTask:
C2:12766 2134 %     4       java.util.Properties$LineReader::readLine @ 293 (584 bytes)

Stack: [0x000000b43ce00000,0x000000b43cf00000]
Native frames: (J=compiled Java code, j=interpreted, Vv=VM code, C=native code)
V  [jvm.dll+0x6d7e19]
V  [jvm.dll+0x8b5096]
V  [jvm.dll+0x8b764e]
V  [jvm.dll+0x8b7d33]
V  [jvm.dll+0x284596]
V  [jvm.dll+0xc685d]
V  [jvm.dll+0xc6da1]
V  [jvm.dll+0x3bed6b]
V  [jvm.dll+0x38b2b2]
V  [jvm.dll+0x38a6fa]
V  [jvm.dll+0x24c700]
V  [jvm.dll+0x24bce0]
V  [jvm.dll+0x1cb4ae]
V  [jvm.dll+0x25baad]
V  [jvm.dll+0x25a03a]
V  [jvm.dll+0x3f868e]
V  [jvm.dll+0x85fb0d]
V  [jvm.dll+0x6d664d]
C  [ucrtbase.dll+0x2cd30]
C  [KERNEL32.DLL+0x2ccb7]
C  [ntdll.dll+0xaad6c]


---------------  P R O C E S S  ---------------

Threads class SMR info:
_java_thread_list=0x00000200fee82030, length=16, elements={
0x00000200f38ed670, 0x00000200f39a92b0, 0x00000200f39adae0, 0x00000200fd245270,
0x00000200fd245ed0, 0x00000200fd24a2a0, 0x00000200fd24ae30, 0x00000200fd255ee0,
0x00000200fd27e3d0, 0x00000200fedf9b50, 0x00000200fef283e0, 0x00000200d4109ae0,
0x00000200ff815dc0, 0x00000200ff372960, 0x00000200ff372ff0, 0x00000200ff371c40
}

Java Threads: ( => current thread )
  0x00000200f38ed670 JavaThread "main"                              [_thread_blocked, id=12636, stack(0x000000b43c400000,0x000000b43c500000) (1024K)]
  0x00000200f39a92b0 JavaThread "Reference Handler"          daemon [_thread_blocked, id=32412, stack(0x000000b43c800000,0x000000b43c900000) (1024K)]
  0x00000200f39adae0 JavaThread "Finalizer"                  daemon [_thread_blocked, id=18036, stack(0x000000b43c900000,0x000000b43ca00000) (1024K)]
  0x00000200fd245270 JavaThread "Signal Dispatcher"          daemon [_thread_blocked, id=27656, stack(0x000000b43ca00000,0x000000b43cb00000) (1024K)]
  0x00000200fd245ed0 JavaThread "Attach Listener"            daemon [_thread_blocked, id=30708, stack(0x000000b43cb00000,0x000000b43cc00000) (1024K)]
  0x00000200fd24a2a0 JavaThread "Service Thread"             daemon [_thread_blocked, id=15892, stack(0x000000b43cc00000,0x000000b43cd00000) (1024K)]
  0x00000200fd24ae30 JavaThread "Monitor Deflation Thread"   daemon [_thread_blocked, id=23780, stack(0x000000b43cd00000,0x000000b43ce00000) (1024K)]
=>0x00000200fd255ee0 JavaThread "C2 CompilerThread0"         daemon [_thread_in_native, id=23164, stack(0x000000b43ce00000,0x000000b43cf00000) (1024K)]
  0x00000200fd27e3d0 JavaThread "C1 CompilerThread0"         daemon [_thread_blocked, id=29364, stack(0x000000b43cf00000,0x000000b43d000000) (1024K)]
  0x00000200fedf9b50 JavaThread "Common-Cleaner"             daemon [_thread_blocked, id=24188, stack(0x000000b43d000000,0x000000b43d100000) (1024K)]
  0x00000200fef283e0 JavaThread "Notification Thread"        daemon [_thread_blocked, id=29920, stack(0x000000b43d100000,0x000000b43d200000) (1024K)]
  0x00000200d4109ae0 JavaThread "Active Thread: Equinox Container: 5d275f68-49b8-4416-a9f3-4defe48eaa38"        [_thread_blocked, id=15736, stack(0x000000b43d900000,0x000000b43da00000) (1024K)]
  0x00000200ff815dc0 JavaThread "C2 CompilerThread1"         daemon [_thread_in_native, id=27816, stack(0x000000b43d800000,0x000000b43d900000) (1024K)]
  0x00000200ff372960 JavaThread "Refresh Thread: Equinox Container: 5d275f68-49b8-4416-a9f3-4defe48eaa38" daemon [_thread_blocked, id=29304, stack(0x000000b43da00000,0x000000b43db00000) (1024K)]
  0x00000200ff372ff0 JavaThread "Framework Event Dispatcher: Equinox Container: 5d275f68-49b8-4416-a9f3-4defe48eaa38" daemon [_thread_blocked, id=12076, stack(0x000000b43dc00000,0x000000b43dd00000) (1024K)]
  0x00000200ff371c40 JavaThread "Start Level: Equinox Container: 5d275f68-49b8-4416-a9f3-4defe48eaa38" daemon [_thread_in_native, id=31428, stack(0x000000b43dd00000,0x000000b43de00000) (1024K)]
Total: 16

Other Threads:
  0x00000200f398e6f0 VMThread "VM Thread"                           [id=21704, stack(0x000000b43c700000,0x000000b43c800000) (1024K)]
  0x00000200fd15ba00 WatcherThread "VM Periodic Task Thread"        [id=31792, stack(0x000000b43c600000,0x000000b43c700000) (1024K)]
  0x00000200f390b850 WorkerThread "GC Thread#0"                     [id=27368, stack(0x000000b43c500000,0x000000b43c600000) (1024K)]
  0x00000200fef77a80 WorkerThread "GC Thread#1"                     [id=31284, stack(0x000000b43d200000,0x000000b43d300000) (1024K)]
  0x00000200ff326c40 WorkerThread "GC Thread#2"                     [id=31012, stack(0x000000b43d300000,0x000000b43d400000) (1024K)]
  0x00000200fef77e30 WorkerThread "GC Thread#3"                     [id=17244, stack(0x000000b43d400000,0x000000b43d500000) (1024K)]
  0x00000200ff4f7400 WorkerThread "GC Thread#4"                     [id=27312, stack(0x000000b43d500000,0x000000b43d600000) (1024K)]
  0x00000200ff4f77b0 WorkerThread "GC Thread#5"                     [id=29452, stack(0x000000b43d600000,0x000000b43d700000) (1024K)]
  0x00000200ff4f7b60 WorkerThread "GC Thread#6"                     [id=16740, stack(0x000000b43d700000,0x000000b43d800000) (1024K)]
  0x00000200ff524b60 WorkerThread "GC Thread#7"                     [id=24212, stack(0x000000b43db00000,0x000000b43dc00000) (1024K)]
Total: 10

Threads with active compile tasks:
C2 CompilerThread0  12786 2134 %     4       java.util.Properties$LineReader::readLine @ 293 (584 bytes)
C2 CompilerThread1  12786 2143       4       java.util.Properties::loadConvert (540 bytes)
Total: 2

VM state: not at safepoint (normal execution)

VM Mutex/Monitor currently owned by a thread: None

Heap address: 0x0000000080000000, size: 2048 MB, Compressed Oops mode: 32-bit

CDS archive(s) mapped at: [0x000002008f000000-0x000002008fba0000-0x000002008fba0000), size 12189696, SharedBaseAddress: 0x000002008f000000, ArchiveRelocationMode: 1.
Compressed class space mapped at: 0x0000020090000000-0x00000200d0000000, reserved size: 1073741824
Narrow klass base: 0x000002008f000000, Narrow klass shift: 0, Narrow klass range: 0x100000000

GC Precious Log:
 CardTable entry size: 512
 CPUs: 8 total, 8 available
 Memory: 7379M
 Large Page Support: Disabled
 NUMA Support: Disabled
 Compressed Oops: Enabled (32-bit)
 Alignments: Space 512K, Generation 512K, Heap 2M
 Heap Min Capacity: 100M
 Heap Initial Capacity: 100M
 Heap Max Capacity: 2G
 Pre-touch: Disabled
 Parallel Workers: 8

Heap:
 PSYoungGen      total 29696K, used 29415K [0x00000000d5580000, 0x00000000d7680000, 0x0000000100000000)
  eden space 25600K, 98% used [0x00000000d5580000,0x00000000d6e3a7f8,0x00000000d6e80000)
  from space 4096K, 99% used [0x00000000d7280000,0x00000000d767f550,0x00000000d7680000)
  to   space 4096K, 0% used [0x00000000d6e80000,0x00000000d6e80000,0x00000000d7280000)
 ParOldGen       total 68608K, used 1623K [0x0000000080000000, 0x0000000084300000, 0x00000000d5580000)
  object space 68608K, 2% used [0x0000000080000000,0x0000000080195de0,0x0000000084300000)
 Metaspace       used 9461K, committed 9728K, reserved 1114112K
  class space    used 1010K, committed 1152K, reserved 1048576K

Card table byte_map: [0x00000200f8590000,0x00000200f89a0000] _byte_map_base: 0x00000200f8190000

Marking Bits: (ParMarkBitMap*) 0x00007ffd62784460
 Begin Bits: [0x00000200f8c50000, 0x00000200fac50000)
 End Bits:   [0x00000200fac50000, 0x00000200fcc50000)

Polling page: 0x00000200f3860000

Metaspace:

Usage:
  Non-class:      8.25 MB used.
      Class:   1010.95 KB used.
       Both:      9.24 MB used.

Virtual space:
  Non-class space:       64.00 MB reserved,       8.38 MB ( 13%) committed,  1 nodes.
      Class space:        1.00 GB reserved,       1.12 MB ( <1%) committed,  1 nodes.
             Both:        1.06 GB reserved,       9.50 MB ( <1%) committed. 

Chunk freelists:
   Non-Class:  6.69 MB
       Class:  14.79 MB
        Both:  21.47 MB

MaxMetaspaceSize: unlimited
CompressedClassSpaceSize: 1.00 GB
Initial GC threshold: 21.00 MB
Current GC threshold: 21.00 MB
CDS: on
 - commit_granule_bytes: 65536.
 - commit_granule_words: 8192.
 - virtual_space_node_default_size: 8388608.
 - enlarge_chunks_in_place: 1.
 - use_allocation_guard: 0.


Internal statistics:

num_allocs_failed_limit: 0.
num_arena_births: 256.
num_arena_deaths: 0.
num_vsnodes_births: 2.
num_vsnodes_deaths: 0.
num_space_committed: 152.
num_space_uncommitted: 0.
num_chunks_returned_to_freelist: 0.
num_chunks_taken_from_freelist: 507.
num_chunk_merges: 0.
num_chunk_splits: 321.
num_chunks_enlarged: 213.
num_inconsistent_stats: 0.

CodeHeap 'non-profiled nmethods': size=120000Kb used=971Kb max_used=971Kb free=119029Kb
 bounds [0x0000020087ad0000, 0x0000020087d40000, 0x000002008f000000]
CodeHeap 'profiled nmethods': size=120000Kb used=4015Kb max_used=4015Kb free=115984Kb
 bounds [0x0000020080000000, 0x00000200803f0000, 0x0000020087530000]
CodeHeap 'non-nmethods': size=5760Kb used=1228Kb max_used=1271Kb free=4531Kb
 bounds [0x0000020087530000, 0x00000200877a0000, 0x0000020087ad0000]
CodeCache: size=245760Kb, used=6214Kb, max_used=6257Kb, free=239544Kb
 total_blobs=2633, nmethods=2140, adapters=399, full_count=0
Compilation: enabled, stopped_count=0, restarted_count=0

Compilation events (20 events):
Event: 10.738 Thread 0x00000200fd27e3d0 2133       3       jdk.internal.misc.Unsafe::storeFence (5 bytes)
Event: 10.738 Thread 0x00000200ff815dc0 nmethod 2132 0x0000020087bc2310 code [0x0000020087bc24a0, 0x0000020087bc2550]
Event: 10.738 Thread 0x00000200fd27e3d0 nmethod 2133 0x00000200803e5890 code [0x00000200803e5a20, 0x00000200803e5b40]
Event: 10.740 Thread 0x00000200fd255ee0 2134 %     4       java.util.Properties$LineReader::readLine @ 293 (584 bytes)
Event: 10.742 Thread 0x00000200fd27e3d0 2135       1       java.util.ArrayList$ArrayListSpliterator::characteristics (4 bytes)
Event: 10.742 Thread 0x00000200fd27e3d0 nmethod 2135 0x0000020087bc2610 code [0x0000020087bc27a0, 0x0000020087bc2868]
Event: 10.742 Thread 0x00000200fd27e3d0 2136       3       java.util.ArrayList$ArrayListSpliterator::getFence (35 bytes)
Event: 10.742 Thread 0x00000200fd27e3d0 nmethod 2136 0x00000200803e5c10 code [0x00000200803e5da0, 0x00000200803e5ef0]
Event: 10.744 Thread 0x00000200fd27e3d0 2137       3       java.util.Arrays::fill (21 bytes)
Event: 10.745 Thread 0x00000200fd27e3d0 nmethod 2137 0x00000200803e5f90 code [0x00000200803e6140, 0x00000200803e62d8]
Event: 10.746 Thread 0x00000200fd27e3d0 2138       3       java.util.ArrayList::<init> (65 bytes)
Event: 10.746 Thread 0x00000200fd27e3d0 nmethod 2138 0x00000200803e6410 code [0x00000200803e6620, 0x00000200803e6b88]
Event: 10.746 Thread 0x00000200fd27e3d0 2139       3       java.nio.CharBuffer::arrayOffset (35 bytes)
Event: 10.746 Thread 0x00000200fd27e3d0 nmethod 2139 0x00000200803e6d10 code [0x00000200803e6ee0, 0x00000200803e7198]
Event: 10.749 Thread 0x00000200fd27e3d0 2141       3       java.util.concurrent.locks.ReentrantLock::newCondition (8 bytes)
Event: 10.749 Thread 0x00000200ff815dc0 2140       4       java.lang.Object::equals (11 bytes)
Event: 10.749 Thread 0x00000200fd27e3d0 nmethod 2141 0x00000200803e7290 code [0x00000200803e7440, 0x00000200803e76e8]
Event: 10.749 Thread 0x00000200ff815dc0 nmethod 2140 0x0000020087bc2910 code [0x0000020087bc2aa0, 0x0000020087bc2b30]
Event: 10.749 Thread 0x00000200fd27e3d0 2142       3       java.util.concurrent.locks.ReentrantLock$Sync::newCondition (9 bytes)
Event: 10.749 Thread 0x00000200fd27e3d0 nmethod 2142 0x00000200803e7810 code [0x00000200803e79c0, 0x00000200803e7c00]

GC Heap History (4 events):
Event: 3.925 GC heap before
{Heap before GC invocations=1 (full 0):
 PSYoungGen      total 29696K, used 25600K [0x00000000d5580000, 0x00000000d7680000, 0x0000000100000000)
  eden space 25600K, 100% used [0x00000000d5580000,0x00000000d6e80000,0x00000000d6e80000)
  from space 4096K, 0% used [0x00000000d7280000,0x00000000d7280000,0x00000000d7680000)
  to   space 4096K, 0% used [0x00000000d6e80000,0x00000000d6e80000,0x00000000d7280000)
 ParOldGen       total 68608K, used 0K [0x0000000080000000, 0x0000000084300000, 0x00000000d5580000)
  object space 68608K, 0% used [0x0000000080000000,0x0000000080000000,0x0000000084300000)
 Metaspace       used 4383K, committed 4608K, reserved 1114112K
  class space    used 475K, committed 576K, reserved 1048576K
}
Event: 3.935 GC heap after
{Heap after GC invocations=1 (full 0):
 PSYoungGen      total 29696K, used 3303K [0x00000000d5580000, 0x00000000d7680000, 0x0000000100000000)
  eden space 25600K, 0% used [0x00000000d5580000,0x00000000d5580000,0x00000000d6e80000)
  from space 4096K, 80% used [0x00000000d6e80000,0x00000000d71b9e98,0x00000000d7280000)
  to   space 4096K, 0% used [0x00000000d7280000,0x00000000d7280000,0x00000000d7680000)
 ParOldGen       total 68608K, used 8K [0x0000000080000000, 0x0000000084300000, 0x00000000d5580000)
  object space 68608K, 0% used [0x0000000080000000,0x0000000080002000,0x0000000084300000)
 Metaspace       used 4383K, committed 4608K, reserved 1114112K
  class space    used 475K, committed 576K, reserved 1048576K
}
Event: 7.221 GC heap before
{Heap before GC invocations=2 (full 0):
 PSYoungGen      total 29696K, used 28903K [0x00000000d5580000, 0x00000000d7680000, 0x0000000100000000)
  eden space 25600K, 100% used [0x00000000d5580000,0x00000000d6e80000,0x00000000d6e80000)
  from space 4096K, 80% used [0x00000000d6e80000,0x00000000d71b9e98,0x00000000d7280000)
  to   space 4096K, 0% used [0x00000000d7280000,0x00000000d7280000,0x00000000d7680000)
 ParOldGen       total 68608K, used 8K [0x0000000080000000, 0x0000000084300000, 0x00000000d5580000)
  object space 68608K, 0% used [0x0000000080000000,0x0000000080002000,0x0000000084300000)
 Metaspace       used 8045K, committed 8320K, reserved 1114112K
  class space    used 843K, committed 960K, reserved 1048576K
}
Event: 7.227 GC heap after
{Heap after GC invocations=2 (full 0):
 PSYoungGen      total 29696K, used 4093K [0x00000000d5580000, 0x00000000d7680000, 0x0000000100000000)
  eden space 25600K, 0% used [0x00000000d5580000,0x00000000d5580000,0x00000000d6e80000)
  from space 4096K, 99% used [0x00000000d7280000,0x00000000d767f550,0x00000000d7680000)
  to   space 4096K, 0% used [0x00000000d6e80000,0x00000000d6e80000,0x00000000d7280000)
 ParOldGen       total 68608K, used 1623K [0x0000000080000000, 0x0000000084300000, 0x00000000d5580000)
  object space 68608K, 2% used [0x0000000080000000,0x0000000080195de0,0x0000000084300000)
 Metaspace       used 8045K, committed 8320K, reserved 1114112K
  class space    used 843K, committed 960K, reserved 1048576K
}

Dll operation events (9 events):
Event: 0.028 Loaded shared library c:\Users\ELCOT\.vscode\extensions\redhat.java-1.55.0-win32-x64\jre\21.0.11-win32-x86_64\bin\java.dll
Event: 0.312 Loaded shared library c:\Users\ELCOT\.vscode\extensions\redhat.java-1.55.0-win32-x64\jre\21.0.11-win32-x86_64\bin\zip.dll
Event: 0.505 Loaded shared library C:\Users\ELCOT\.vscode\extensions\redhat.java-1.55.0-win32-x64\jre\21.0.11-win32-x86_64\bin\instrument.dll
Event: 0.513 Loaded shared library C:\Users\ELCOT\.vscode\extensions\redhat.java-1.55.0-win32-x64\jre\21.0.11-win32-x86_64\bin\net.dll
Event: 0.518 Loaded shared library C:\Users\ELCOT\.vscode\extensions\redhat.java-1.55.0-win32-x64\jre\21.0.11-win32-x86_64\bin\nio.dll
Event: 0.526 Loaded shared library C:\Users\ELCOT\.vscode\extensions\redhat.java-1.55.0-win32-x64\jre\21.0.11-win32-x86_64\bin\zip.dll
Event: 0.566 Loaded shared library C:\Users\ELCOT\.vscode\extensions\redhat.java-1.55.0-win32-x64\jre\21.0.11-win32-x86_64\bin\jimage.dll
Event: 0.768 Loaded shared library c:\Users\ELCOT\.vscode\extensions\redhat.java-1.55.0-win32-x64\jre\21.0.11-win32-x86_64\bin\verify.dll
Event: 7.224 Loaded shared library C:\Users\ELCOT\AppData\Roaming\Code\User\globalStorage\redhat.java\1.55.0\config_win\org.eclipse.equinox.launcher\org.eclipse.equinox.launcher.win32.win32.x86_64_1.3.100.v20260613-0559\eclipse_11924.dll

Deoptimization events (20 events):
Event: 9.568 Thread 0x00000200ff371c40 DEOPT PACKING pc=0x0000020087ba0664 sp=0x000000b43ddfd900
Event: 9.568 Thread 0x00000200ff371c40 DEOPT UNPACKING pc=0x0000020087583aa2 sp=0x000000b43ddfd8b8 mode 2
Event: 9.568 Thread 0x00000200ff371c40 Uncommon trap: trap_request=0xffffffde fr.pc=0x0000020087ba0664 relative=0x0000000000000304
Event: 9.568 Thread 0x00000200ff371c40 Uncommon trap: reason=class_check action=maybe_recompile pc=0x0000020087ba0664 method=java.util.regex.Pattern$BmpCharPropertyGreedy.match(Ljava/util/regex/Matcher;ILjava/lang/CharSequence;)Z @ 26 c2
Event: 9.568 Thread 0x00000200ff371c40 DEOPT PACKING pc=0x0000020087ba0664 sp=0x000000b43ddfd800
Event: 9.568 Thread 0x00000200ff371c40 DEOPT UNPACKING pc=0x0000020087583aa2 sp=0x000000b43ddfd798 mode 2
Event: 9.568 Thread 0x00000200ff371c40 Uncommon trap: trap_request=0xffffffde fr.pc=0x0000020087ba0664 relative=0x0000000000000304
Event: 9.568 Thread 0x00000200ff371c40 Uncommon trap: reason=class_check action=maybe_recompile pc=0x0000020087ba0664 method=java.util.regex.Pattern$BmpCharPropertyGreedy.match(Ljava/util/regex/Matcher;ILjava/lang/CharSequence;)Z @ 26 c2
Event: 9.568 Thread 0x00000200ff371c40 DEOPT PACKING pc=0x0000020087ba0664 sp=0x000000b43ddfd900
Event: 9.568 Thread 0x00000200ff371c40 DEOPT UNPACKING pc=0x0000020087583aa2 sp=0x000000b43ddfd8b8 mode 2
Event: 9.568 Thread 0x00000200ff371c40 Uncommon trap: trap_request=0xffffffde fr.pc=0x0000020087ba0664 relative=0x0000000000000304
Event: 9.568 Thread 0x00000200ff371c40 Uncommon trap: reason=class_check action=maybe_recompile pc=0x0000020087ba0664 method=java.util.regex.Pattern$BmpCharPropertyGreedy.match(Ljava/util/regex/Matcher;ILjava/lang/CharSequence;)Z @ 26 c2
Event: 9.568 Thread 0x00000200ff371c40 DEOPT PACKING pc=0x0000020087ba0664 sp=0x000000b43ddfd800
Event: 9.568 Thread 0x00000200ff371c40 DEOPT UNPACKING pc=0x0000020087583aa2 sp=0x000000b43ddfd798 mode 2
Event: 9.644 Thread 0x00000200ff371c40 DEOPT PACKING pc=0x00000200803ab775 sp=0x000000b43ddfde30
Event: 9.644 Thread 0x00000200ff371c40 DEOPT UNPACKING pc=0x0000020087584242 sp=0x000000b43ddfd310 mode 0
Event: 10.696 Thread 0x00000200ff371c40 DEOPT PACKING pc=0x00000200803ab775 sp=0x000000b43ddfde30
Event: 10.696 Thread 0x00000200ff371c40 DEOPT UNPACKING pc=0x0000020087584242 sp=0x000000b43ddfd310 mode 0
Event: 10.714 Thread 0x00000200ff371c40 DEOPT PACKING pc=0x00000200803ab775 sp=0x000000b43ddfde30
Event: 10.714 Thread 0x00000200ff371c40 DEOPT UNPACKING pc=0x0000020087584242 sp=0x000000b43ddfd310 mode 0

Classes loaded (20 events):
Event: 7.407 Loading class sun/util/logging/resources/logging_en_IN
Event: 7.407 Loading class sun/util/logging/resources/logging_en_IN done
Event: 7.410 Loading class java/util/Formatter$DateTime
Event: 7.410 Loading class java/util/Formatter$DateTime done
Event: 7.410 Loading class java/util/Formatter$FixedString
Event: 7.410 Loading class java/util/Formatter$FixedString done
Event: 7.410 Loading class java/time/ZonedDateTime$1
Event: 7.410 Loading class java/time/ZonedDateTime$1 done
Event: 7.413 Loading class jdk/internal/module/ModulePatcher$PatchedModuleReader
Event: 7.414 Loading class jdk/internal/module/ModulePatcher$PatchedModuleReader done
Event: 7.420 Loading class sun/util/resources/LocaleData$CommonResourceBundleProvider
Event: 7.420 Loading class sun/util/resources/LocaleData$LocaleDataResourceBundleProvider
Event: 7.420 Loading class java/util/spi/ResourceBundleProvider
Event: 7.420 Loading class java/util/spi/ResourceBundleProvider done
Event: 7.420 Loading class sun/util/resources/LocaleData$LocaleDataResourceBundleProvider done
Event: 7.420 Loading class sun/util/resources/LocaleData$CommonResourceBundleProvider done
Event: 7.421 Loading class sun/text/resources/cldr/FormatData_en
Event: 7.422 Loading class sun/text/resources/cldr/FormatData_en done
Event: 7.422 Loading class sun/util/resources/Bundles$2
Event: 7.422 Loading class sun/util/resources/Bundles$2 done

Classes unloaded (0 events):
No events

Classes redefined (0 events):
No events

Internal exceptions (20 events):
Event: 4.255 Thread 0x00000200f38ed670 Implicit null exception at 0x0000020087b312c9 to 0x0000020087b31c30
Event: 4.256 Thread 0x00000200f38ed670 Implicit null exception at 0x0000020087b3343a to 0x0000020087b336d4
Event: 4.256 Thread 0x00000200f38ed670 Exception <a 'java/lang/NoSuchMethodError'{0x00000000d56ed850}: 'void java.lang.invoke.DirectMethodHandle$Holder.invokeStatic(java.lang.Object, java.lang.Object, java.lang.Object, java.lang.Object)'> (0x00000000d56ed850) 
thrown [s\src\hotspot\share\interpreter\linkResolver.cpp, line 773]
Event: 4.259 Thread 0x00000200f38ed670 Implicit null exception at 0x0000020087b3273c to 0x0000020087b329c8
Event: 4.260 Thread 0x00000200f38ed670 Implicit null exception at 0x0000020087b302bd to 0x0000020087b30341
Event: 4.767 Thread 0x00000200f38ed670 Exception <a 'java/lang/NoSuchMethodError'{0x00000000d59c0528}: 'void java.lang.invoke.DirectMethodHandle$Holder.invokeSpecial(java.lang.Object, java.lang.Object, java.lang.Object)'> (0x00000000d59c0528) 
thrown [s\src\hotspot\share\interpreter\linkResolver.cpp, line 773]
Event: 5.662 Thread 0x00000200f38ed670 Exception <a 'java/lang/NoSuchMethodError'{0x00000000d6393158}: 'int java.lang.invoke.DirectMethodHandle$Holder.invokeVirtual(java.lang.Object, java.lang.Object)'> (0x00000000d6393158) 
thrown [s\src\hotspot\share\interpreter\linkResolver.cpp, line 773]
Event: 5.757 Thread 0x00000200f38ed670 Exception <a 'java/lang/NoSuchMethodError'{0x00000000d6509d98}: 'int java.lang.invoke.DirectMethodHandle$Holder.invokeStaticInit(java.lang.Object, java.lang.Object, java.lang.Object, java.lang.Object)'> (0x00000000d6509d98) 
thrown [s\src\hotspot\share\interpreter\linkResolver.cpp, line 773]
Event: 5.760 Thread 0x00000200f38ed670 Exception <a 'java/lang/IncompatibleClassChangeError'{0x00000000d65126e8}: Found class java.lang.Object, but interface was expected> (0x00000000d65126e8) 
thrown [s\src\hotspot\share\interpreter\linkResolver.cpp, line 840]
Event: 5.762 Thread 0x00000200f38ed670 Exception <a 'java/lang/NoSuchMethodError'{0x00000000d6518cb8}: 'void java.lang.invoke.DirectMethodHandle$Holder.invokeStaticInit(java.lang.Object, java.lang.Object)'> (0x00000000d6518cb8) 
thrown [s\src\hotspot\share\interpreter\linkResolver.cpp, line 773]
Event: 5.764 Thread 0x00000200f38ed670 Exception <a 'java/lang/NoSuchMethodError'{0x00000000d6521e70}: 'int java.lang.invoke.DirectMethodHandle$Holder.invokeStaticInit(java.lang.Object, java.lang.Object)'> (0x00000000d6521e70) 
thrown [s\src\hotspot\share\interpreter\linkResolver.cpp, line 773]
Event: 6.878 Thread 0x00000200f38ed670 Exception <a 'java/lang/NoSuchMethodError'{0x00000000d676b868}: 'java.lang.Object java.lang.invoke.DirectMethodHandle$Holder.newInvokeSpecial(java.lang.Object, int, java.lang.Object)'> (0x00000000d676b868) 
thrown [s\src\hotspot\share\interpreter\linkResolver.cpp, line 773]
Event: 6.972 Thread 0x00000200f38ed670 Exception <a 'java/lang/ClassNotFoundException'{0x00000000d698c9d8}: sun/net/www/protocol/plurl/Handler> (0x00000000d698c9d8) 
thrown [s\src\hotspot\share\classfile\systemDictionary.cpp, line 313]
Event: 6.972 Thread 0x00000200f38ed670 Exception <a 'java/lang/ClassNotFoundException'{0x00000000d698d858}: sun/net/www/protocol/plurl/Handler> (0x00000000d698d858) 
thrown [s\src\hotspot\share\classfile\systemDictionary.cpp, line 313]
Event: 7.216 Thread 0x00000200f38ed670 Exception <a 'java/lang/UnsatisfiedLinkError'{0x00000000d6e093d0}: 'void org.eclipse.equinox.launcher.JNIBridge._update_splash()'> (0x00000000d6e093d0) 
thrown [s\src\hotspot\share\prims\nativeLookup.cpp, line 415]
Event: 7.279 Thread 0x00000200ff372960 Exception <a 'java/lang/NoSuchMethodError'{0x00000000d5859838}: 'void java.lang.invoke.DirectMethodHandle$Holder.invokeInterface(java.lang.Object, java.lang.Object, java.lang.Object)'> (0x00000000d5859838) 
thrown [s\src\hotspot\share\interpreter\linkResolver.cpp, line 773]
Event: 7.364 Thread 0x00000200ff371c40 Exception <a 'java/lang/NoSuchMethodError'{0x00000000d5c31f90}: 'java.lang.Object java.lang.invoke.DirectMethodHandle$Holder.newInvokeSpecial(java.lang.Object, java.lang.Object, int, java.lang.Object)'> (0x00000000d5c31f90) 
thrown [s\src\hotspot\share\interpreter\linkResolver.cpp, line 773]
Event: 7.364 Thread 0x00000200ff371c40 Exception <a 'java/lang/NoSuchMethodError'{0x00000000d5c35dc0}: 'java.lang.Object java.lang.invoke.DirectMethodHandle$Holder.invokeSpecial(java.lang.Object, java.lang.Object, java.lang.Object, int, java.lang.Object)'> (0x00000000d5c35dc0) 
thrown [s\src\hotspot\share\interpreter\linkResolver.cpp, line 773]
Event: 7.381 Thread 0x00000200ff371c40 Exception <a 'java/lang/NoClassDefFoundError'{0x00000000d5cdc248}: jakarta/servlet/ServletContainerInitializer> (0x00000000d5cdc248) 
thrown [s\src\hotspot\share\classfile\systemDictionary.cpp, line 302]
Event: 7.406 Thread 0x00000200ff371c40 Exception <a 'java/lang/ClassNotFoundException'{0x00000000d5e31688}: sun/util/logging/resources/spi/loggingProvider> (0x00000000d5e31688) 
thrown [s\src\hotspot\share\classfile\systemDictionary.cpp, line 313]

ZGC Phase Switch (0 events):
No events

VM Operations (20 events):
Event: 6.934 Executing non-safepoint VM operation: HandshakeAllThreads (Deoptimize)
Event: 6.934 Executing non-safepoint VM operation: HandshakeAllThreads (Deoptimize) done
Event: 6.960 Executing non-safepoint VM operation: HandshakeAllThreads (Deoptimize)
Event: 6.960 Executing non-safepoint VM operation: HandshakeAllThreads (Deoptimize) done
Event: 7.221 Executing safepoint VM operation: ParallelGCFailedAllocation (Allocation Failure)
Event: 7.227 Executing safepoint VM operation: ParallelGCFailedAllocation (Allocation Failure) done
Event: 7.395 Executing non-safepoint VM operation: HandshakeAllThreads (Deoptimize)
Event: 7.395 Executing non-safepoint VM operation: HandshakeAllThreads (Deoptimize) done
Event: 7.414 Executing non-safepoint VM operation: HandshakeAllThreads (Deoptimize)
Event: 7.414 Executing non-safepoint VM operation: HandshakeAllThreads (Deoptimize) done
Event: 7.429 Executing non-safepoint VM operation: HandshakeAllThreads (Deoptimize)
Event: 7.429 Executing non-safepoint VM operation: HandshakeAllThreads (Deoptimize) done
Event: 7.436 Executing non-safepoint VM operation: HandshakeAllThreads (Deoptimize)
Event: 7.436 Executing non-safepoint VM operation: HandshakeAllThreads (Deoptimize) done
Event: 8.451 Executing safepoint VM operation: Cleanup
Event: 8.452 Executing safepoint VM operation: Cleanup done
Event: 9.453 Executing safepoint VM operation: Cleanup
Event: 9.453 Executing safepoint VM operation: Cleanup done
Event: 11.463 Executing safepoint VM operation: Cleanup
Event: 11.463 Executing safepoint VM operation: Cleanup done

Memory protections (0 events):
No events

Nmethod flushes (0 events):
No events

Events (20 events):
Event: 0.119 Thread 0x00000200f38ed670 Thread added: 0x00000200fd24ae30
Event: 0.119 Thread 0x00000200f38ed670 Thread added: 0x00000200fd255ee0
Event: 0.137 Thread 0x00000200f38ed670 Thread added: 0x00000200fd27e3d0
Event: 0.508 Thread 0x00000200f38ed670 Thread added: 0x00000200fedf9b50
Event: 1.069 Thread 0x00000200f38ed670 Thread added: 0x00000200fef283e0
Event: 1.142 Thread 0x00000200fd27e3d0 Thread added: 0x00000200fef4e470
Event: 1.272 Thread 0x00000200fef4e470 Thread exited: 0x00000200fef4e470
Event: 1.425 Thread 0x00000200fd27e3d0 Thread added: 0x00000200fee524d0
Event: 1.535 Thread 0x00000200fd27e3d0 Thread added: 0x00000200fef3d310
Event: 3.149 Thread 0x00000200fef3d310 Thread exited: 0x00000200fef3d310
Event: 3.213 Thread 0x00000200fee524d0 Thread exited: 0x00000200fee524d0
Event: 4.890 Thread 0x00000200fd27e3d0 Thread added: 0x00000200ff7ae080
Event: 5.138 Thread 0x00000200ff7ae080 Thread exited: 0x00000200ff7ae080
Event: 5.657 Thread 0x00000200fd27e3d0 Thread added: 0x00000200ff6c58e0
Event: 5.783 Thread 0x00000200f38ed670 Thread added: 0x00000200d4109ae0
Event: 7.002 Thread 0x00000200ff6c58e0 Thread exited: 0x00000200ff6c58e0
Event: 7.023 Thread 0x00000200fd27e3d0 Thread added: 0x00000200ff815dc0
Event: 7.213 Thread 0x00000200f38ed670 Thread added: 0x00000200ff372960
Event: 7.282 Thread 0x00000200ff372960 Thread added: 0x00000200ff372ff0
Event: 7.286 Thread 0x00000200f38ed670 Thread added: 0x00000200ff371c40


Dynamic libraries:
0x00007ff7be5b0000 - 0x00007ff7be5be000 	c:\Users\ELCOT\.vscode\extensions\redhat.java-1.55.0-win32-x64\jre\21.0.11-win32-x86_64\bin\java.exe
0x00007ffe603a0000 - 0x00007ffe60606000 	C:\WINDOWS\SYSTEM32\ntdll.dll
0x00007ffe5f910000 - 0x00007ffe5f9d9000 	C:\WINDOWS\System32\KERNEL32.DLL
0x00007ffe5d930000 - 0x00007ffe5dd2f000 	C:\WINDOWS\System32\KERNELBASE.dll
0x00007ffe5dd40000 - 0x00007ffe5de8c000 	C:\WINDOWS\System32\ucrtbase.dll
0x00007ffe48c00000 - 0x00007ffe48c18000 	c:\Users\ELCOT\.vscode\extensions\redhat.java-1.55.0-win32-x64\jre\21.0.11-win32-x86_64\bin\jli.dll
0x00007ffe4b5b0000 - 0x00007ffe4b5ce000 	c:\Users\ELCOT\.vscode\extensions\redhat.java-1.55.0-win32-x64\jre\21.0.11-win32-x86_64\bin\VCRUNTIME140.dll
0x00007ffe5f560000 - 0x00007ffe5f726000 	C:\WINDOWS\System32\USER32.dll
0x00007ffe5e0a0000 - 0x00007ffe5e0c7000 	C:\WINDOWS\System32\win32u.dll
0x00007ffe5e810000 - 0x00007ffe5e83b000 	C:\WINDOWS\System32\GDI32.dll
0x00007ffe5d5b0000 - 0x00007ffe5d6d9000 	C:\WINDOWS\System32\gdi32full.dll
0x00007ffe42d90000 - 0x00007ffe43021000 	C:\WINDOWS\WinSxS\amd64_microsoft.windows.common-controls_6595b64144ccf1df_6.0.26100.8972_none_3e0da176e32f9d4b\COMCTL32.dll
0x00007ffe5dff0000 - 0x00007ffe5e093000 	C:\WINDOWS\System32\msvcp_win.dll
0x00007ffe5f060000 - 0x00007ffe5f109000 	C:\WINDOWS\System32\msvcrt.dll
0x00007ffe5f020000 - 0x00007ffe5f052000 	C:\WINDOWS\System32\IMM32.DLL
0x00007ffe506e0000 - 0x00007ffe506ec000 	c:\Users\ELCOT\.vscode\extensions\redhat.java-1.55.0-win32-x64\jre\21.0.11-win32-x86_64\bin\vcruntime140_1.dll
0x00007ffde1890000 - 0x00007ffde191d000 	c:\Users\ELCOT\.vscode\extensions\redhat.java-1.55.0-win32-x64\jre\21.0.11-win32-x86_64\bin\msvcp140.dll
0x00007ffd61ac0000 - 0x00007ffd62862000 	c:\Users\ELCOT\.vscode\extensions\redhat.java-1.55.0-win32-x64\jre\21.0.11-win32-x86_64\bin\server\jvm.dll
0x00007ffe5f420000 - 0x00007ffe5f4dc000 	C:\WINDOWS\System32\ADVAPI32.dll
0x00007ffe5ef50000 - 0x00007ffe5effa000 	C:\WINDOWS\System32\sechost.dll
0x00007ffe5e0d0000 - 0x00007ffe5e1e8000 	C:\WINDOWS\System32\RPCRT4.dll
0x00007ffe5f390000 - 0x00007ffe5f412000 	C:\WINDOWS\System32\WS2_32.dll
0x00007ffe5d410000 - 0x00007ffe5d46e000 	C:\WINDOWS\SYSTEM32\POWRPROF.dll
0x00007ffe52a20000 - 0x00007ffe52a56000 	C:\WINDOWS\SYSTEM32\WINMM.dll
0x00007ffe52940000 - 0x00007ffe5294b000 	C:\WINDOWS\SYSTEM32\VERSION.dll
0x00007ffe5d3f0000 - 0x00007ffe5d405000 	C:\WINDOWS\SYSTEM32\UMPDC.dll
0x00007ffe5c2a0000 - 0x00007ffe5c2bb000 	C:\WINDOWS\SYSTEM32\kernel.appcore.dll
0x00007ffe4ee70000 - 0x00007ffe4ee7a000 	c:\Users\ELCOT\.vscode\extensions\redhat.java-1.55.0-win32-x64\jre\21.0.11-win32-x86_64\bin\jimage.dll
0x00007ffe5aac0000 - 0x00007ffe5ad02000 	C:\WINDOWS\SYSTEM32\DBGHELP.DLL
0x00007ffe5e1f0000 - 0x00007ffe5e575000 	C:\WINDOWS\System32\combase.dll
0x00007ffe5f110000 - 0x00007ffe5f1e9000 	C:\WINDOWS\System32\OLEAUT32.dll
0x00007ffe44ac0000 - 0x00007ffe44afb000 	C:\WINDOWS\SYSTEM32\dbgcore.DLL
0x00007ffe5df30000 - 0x00007ffe5dfdc000 	C:\WINDOWS\System32\bcryptPrimitives.dll
0x00007ffe4b9d0000 - 0x00007ffe4b9df000 	c:\Users\ELCOT\.vscode\extensions\redhat.java-1.55.0-win32-x64\jre\21.0.11-win32-x86_64\bin\instrument.dll
0x00007ffe47210000 - 0x00007ffe47230000 	c:\Users\ELCOT\.vscode\extensions\redhat.java-1.55.0-win32-x64\jre\21.0.11-win32-x86_64\bin\java.dll
0x00007ffe5f9e0000 - 0x00007ffe60168000 	C:\WINDOWS\System32\SHELL32.dll
0x00007ffe5b060000 - 0x00007ffe5b8fb000 	C:\WINDOWS\SYSTEM32\windows.storage.dll
0x00007ffe5e9b0000 - 0x00007ffe5eaa9000 	C:\WINDOWS\System32\SHCORE.dll
0x00007ffe5f4f0000 - 0x00007ffe5f556000 	C:\WINDOWS\System32\shlwapi.dll
0x00007ffe5d4d0000 - 0x00007ffe5d4f9000 	C:\WINDOWS\SYSTEM32\profapi.dll
0x00007ffe46f30000 - 0x00007ffe46f48000 	c:\Users\ELCOT\.vscode\extensions\redhat.java-1.55.0-win32-x64\jre\21.0.11-win32-x86_64\bin\zip.dll
0x00007ffe49180000 - 0x00007ffe49190000 	C:\Users\ELCOT\.vscode\extensions\redhat.java-1.55.0-win32-x64\jre\21.0.11-win32-x86_64\bin\net.dll
0x00007ffe50cc0000 - 0x00007ffe50de8000 	C:\WINDOWS\SYSTEM32\WINHTTP.dll
0x00007ffe5c850000 - 0x00007ffe5c8bc000 	C:\WINDOWS\system32\mswsock.dll
0x00007ffe33380000 - 0x00007ffe33396000 	C:\Users\ELCOT\.vscode\extensions\redhat.java-1.55.0-win32-x64\jre\21.0.11-win32-x86_64\bin\nio.dll
0x00007ffe47200000 - 0x00007ffe47210000 	c:\Users\ELCOT\.vscode\extensions\redhat.java-1.55.0-win32-x64\jre\21.0.11-win32-x86_64\bin\verify.dll
0x00007ffdf9fa0000 - 0x00007ffdf9fe5000 	C:\Users\ELCOT\AppData\Roaming\Code\User\globalStorage\redhat.java\1.55.0\config_win\org.eclipse.equinox.launcher\org.eclipse.equinox.launcher.win32.win32.x86_64_1.3.100.v20260613-0559\eclipse_11924.dll
0x00007ffe5f1f0000 - 0x00007ffe5f389000 	C:\WINDOWS\System32\ole32.dll

JVMTI agents:
c:\Users\ELCOT\.vscode\extensions\redhat.java-1.55.0-win32-x64\lombok\lombok-1.18.39-4050.jar path:c:\Users\ELCOT\.vscode\extensions\redhat.java-1.55.0-win32-x64\jre\21.0.11-win32-x86_64\bin\instrument.dll, loaded, initialized, instrumentlib options:none

dbghelp: loaded successfully - version: 4.0.5 - missing functions: none
symbol engine: initialized successfully - sym options: 0x614 - pdb path: .;c:\Users\ELCOT\.vscode\extensions\redhat.java-1.55.0-win32-x64\jre\21.0.11-win32-x86_64\bin;C:\WINDOWS\SYSTEM32;C:\WINDOWS\WinSxS\amd64_microsoft.windows.common-controls_6595b64144ccf1df_6.0.26100.8972_none_3e0da176e32f9d4b;c:\Users\ELCOT\.vscode\extensions\redhat.java-1.55.0-win32-x64\jre\21.0.11-win32-x86_64\bin\server;C:\Users\ELCOT\AppData\Roaming\Code\User\globalStorage\redhat.java\1.55.0\config_win\org.eclipse.equinox.launcher\org.eclipse.equinox.launcher.win32.win32.x86_64_1.3.100.v20260613-0559

VM Arguments:
jvm_args: --add-modules=ALL-SYSTEM --add-opens=java.base/java.util=ALL-UNNAMED --add-opens=java.base/java.lang=ALL-UNNAMED --add-opens=java.base/sun.nio.fs=ALL-UNNAMED -Declipse.application=org.eclipse.jdt.ls.core.id1 -Dosgi.bundles.defaultStartLevel=4 -Declipse.product=org.eclipse.jdt.ls.core.product -Djava.import.generatesMetadataFilesAtProjectRoot=false -DDetectVMInstallationsJob.disabled=true -Dfile.encoding=utf8 -XX:+UseParallelGC -XX:GCTimeRatio=4 -XX:AdaptiveSizePolicyWeight=90 -Dsun.zip.disableMemoryMapping=true -Xmx2G -Xms100m -Xlog:disable -javaagent:c:\Users\ELCOT\.vscode\extensions\redhat.java-1.55.0-win32-x64\lombok\lombok-1.18.39-4050.jar -XX:+HeapDumpOnOutOfMemoryError -XX:HeapDumpPath=c:\Users\ELCOT\AppData\Roaming\Code\User\workspaceStorage\33c856eb9b3785cc22fb892d4b482477\redhat.java -Daether.dependencyCollector.impl=bf 
java_command: c:\Users\ELCOT\.vscode\extensions\redhat.java-1.55.0-win32-x64\server\plugins\org.eclipse.equinox.launcher_1.7.200.v20260619-2039.jar -configuration c:\Users\ELCOT\AppData\Roaming\Code\User\globalStorage\redhat.java\1.55.0\config_win -data c:\Users\ELCOT\AppData\Roaming\Code\User\workspaceStorage\33c856eb9b3785cc22fb892d4b482477\redhat.java\jdt_ws --pipe=\\.\pipe\lsp-430654e5375b08450cb20c8ebf6636b3-sock
java_class_path (initial): c:\Users\ELCOT\.vscode\extensions\redhat.java-1.55.0-win32-x64\server\plugins\org.eclipse.equinox.launcher_1.7.200.v20260619-2039.jar
Launcher Type: SUN_STANDARD

[Global flags]
    uintx AdaptiveSizePolicyWeight                 = 90                                        {product} {command line}
     intx CICompilerCount                          = 4                                         {product} {ergonomic}
    uintx GCTimeRatio                              = 4                                         {product} {command line}
     bool HeapDumpOnOutOfMemoryError               = true                                   {manageable} {command line}
    ccstr HeapDumpPath                             = c:\Users\ELCOT\AppData\Roaming\Code\User\workspaceStorage\33c856eb9b3785cc22fb892d4b482477\redhat.java         {manageable} {command line}
   size_t InitialHeapSize                          = 104857600                                 {product} {command line}
   size_t MaxHeapSize                              = 2147483648                                {product} {command line}
   size_t MaxNewSize                               = 715653120                                 {product} {ergonomic}
   size_t MinHeapDeltaBytes                        = 524288                                    {product} {ergonomic}
   size_t MinHeapSize                              = 104857600                                 {product} {command line}
   size_t NewSize                                  = 34603008                                  {product} {ergonomic}
    uintx NonNMethodCodeHeapSize                   = 5839372                                {pd product} {ergonomic}
    uintx NonProfiledCodeHeapSize                  = 122909434                              {pd product} {ergonomic}
   size_t OldSize                                  = 70254592                                  {product} {ergonomic}
    uintx ProfiledCodeHeapSize                     = 122909434                              {pd product} {ergonomic}
    uintx ReservedCodeCacheSize                    = 251658240                              {pd product} {ergonomic}
     bool SegmentedCodeCache                       = true                                      {product} {ergonomic}
   size_t SoftMaxHeapSize                          = 2147483648                             {manageable} {ergonomic}
     bool UseCompressedOops                        = true                           {product lp64_product} {ergonomic}
     bool UseLargePagesIndividualAllocation        = false                                  {pd product} {ergonomic}
     bool UseParallelGC                            = true                                      {product} {command line}

Logging:
Log output configuration:
 #0: stdout all=off uptime,level,tags foldmultilines=false
 #1: stderr all=off uptime,level,tags foldmultilines=false

Release file:
JAVA_VERSION="21.0.11" 
MODULES="java.base java.compiler java.datatransfer java.xml java.prefs java.desktop java.instrument java.logging java.management java.security.sasl java.naming java.rmi java.management.rmi java.net.http java.scripting java.security.jgss java.transaction.xa java.sql java.sql.rowset java.xml.crypto java.se java.smartcardio jdk.accessibility jdk.internal.jvmstat jdk.attach jdk.charsets jdk.internal.opt jdk.zipfs jdk.compiler jdk.crypto.ec jdk.crypto.cryptoki jdk.crypto.mscapi jdk.dynalink jdk.internal.ed jdk.editpad jdk.hotspot.agent jdk.httpserver jdk.internal.le jdk.internal.vm.ci jdk.internal.vm.compiler jdk.internal.vm.compiler.management jdk.jartool jdk.javadoc jdk.jcmd jdk.management jdk.management.agent jdk.jconsole jdk.jdeps jdk.jdwp.agent jdk.jdi jdk.jfr jdk.jshell jdk.jsobject jdk.jstatd jdk.localedata jdk.management.jfr jdk.naming.dns jdk.naming.rmi jdk.net jdk.nio.mapmode jdk.random jdk.sctp jdk.security.auth jdk.security.jgss jdk.unsupported jdk.unsupported.desktop jdk.xml.dom" 

Environment Variables:
PATH=C:\Program Files\Common Files\Oracle\Java\javapath;C:\WINDOWS\system32;C:\WINDOWS;C:\WINDOWS\System32\Wbem;C:\WINDOWS\System32\WindowsPowerShell\v1.0\;C:\WINDOWS\System32\OpenSSH\;C:\Program Files\dotnet\;C:\Program Files\Java\jdk-26.0.2\bin;C:\Program Files\Java\jdk-21.0.12\bin;D:\Java_project;C:\Program Files\nodejs\;C:\Program Files\Git\cmd;C:\Users\ELCOT\AppData\Local\Programs\Python\Python313\Scripts\;C:\Users\ELCOT\AppData\Local\Programs\Python\Python313\;C:\Users\ELCOT\.local\bin;C:\Users\ELCOT\AppData\Local\Microsoft\WindowsApps;C:\Program Files\Java\jdk-26.0.2\bin;C:\Program Files\Java\jdk-21.0.12\bin;C:\Users\ELCOT\AppData\Local\Programs\Microsoft VS Code\bin;D:\Java_project;C:\Users\ELCOT\AppData\Local\Programs\Antigravity IDE\bin;C:\Users\ELCOT\AppData\Roaming\npm
USERNAME=ELCOT
OS=Windows_NT
PROCESSOR_IDENTIFIER=AMD64 Family 23 Model 160 Stepping 0, AuthenticAMD
TMP=C:\Users\ELCOT\AppData\Local\Temp
TEMP=C:\Users\ELCOT\AppData\Local\Temp




Periodic native trim disabled

---------------  S Y S T E M  ---------------

OS:
 Windows 11 , 64 bit Build 26100 (10.0.26100.9168)
OS uptime: 1 days 13:25 hours
Hyper-V role detected

CPU: total 8 (initial active 8) (8 cores per cpu, 2 threads per core) family 23 model 160 stepping 0 microcode 0x8a0000a, cx8, cmov, fxsr, ht, mmx, 3dnowpref, sse, sse2, sse3, ssse3, sse4a, sse4.1, sse4.2, popcnt, lzcnt, tsc, tscinvbit, avx, avx2, aes, clmul, bmi1, bmi2, adx, sha, fma, vzeroupper, clflush, clflushopt, hv, rdtscp, rdpid, f16c
Processor Information for the first 8 processors :
  Max Mhz: 2401, Current Mhz: 2401, Mhz Limit: 2401

Memory: 4k page, system-wide physical 7379M (720M free)
TotalPageFile size 26373M (AvailPageFile size 4M)
current process WorkingSet (physical memory assigned to process): 103M, peak: 106M
current process commit charge ("private bytes"): 246M, peak: 250M

vm_info: OpenJDK 64-Bit Server VM (21.0.11+10-LTS) for windows-amd64 JRE (21.0.11+10-LTS), built on 2026-04-21T00:00:00Z by "admin" with MS VC++ 17.12 (VS2022)

END.
